TAP version 13
# (node:934) ExperimentalWarning: stripTypeScriptTypes is an experimental feature and might change at any time
# (Use `node --trace-warnings ...` to show where the warning was created)
# Subtest: pinned upstream password login, token pair and refresh work with security binding
ok 1 - pinned upstream password login, token pair and refresh work with security binding
  ---
  duration_ms: 8.54516
  type: 'test'
  ...
# Subtest: all devices access and refresh tokens reject changed password without waiting for object event
ok 2 - all devices access and refresh tokens reject changed password without waiting for object event
  ---
  duration_ms: 2.059056
  type: 'test'
  ...
# Subtest: disable, deletion and changed group ACL independently invalidate both token classes
ok 3 - disable, deletion and changed group ACL independently invalidate both token classes
  ---
  duration_ms: 7.212778
  type: 'test'
  ...
# Subtest: observed disable then re-enable cannot resurrect old token after snapshot returns to original
ok 4 - observed disable then re-enable cannot resurrect old token after snapshot returns to original
  ---
  duration_ms: 1.982257
  type: 'test'
  ...
# Subtest: legacy and unbound external tokens are rejected and direct internal minting is denied
ok 5 - legacy and unbound external tokens are rejected and direct internal minting is denied
  ---
  duration_ms: 1.23256
  type: 'test'
  ...
# Subtest: proof cannot be forged by passing a user-shaped object or copied authenticated identity
ok 6 - proof cannot be forged by passing a user-shaped object or copied authenticated identity
  ---
  duration_ms: 1.283644
  type: 'test'
  ...
# Subtest: password mutation during credential verification and before token save fails closed
ok 7 - password mutation during credential verification and before token save fails closed
  ---
  duration_ms: 1.693918
  type: 'test'
  ...
# Subtest: refresh credential cannot cross revocation between lookup and save
ok 8 - refresh credential cannot cross revocation between lookup and save
  ---
  duration_ms: 0.747756
  type: 'test'
  ...
# Subtest: restart generation does not accept previously saved capabilities
ok 9 - restart generation does not accept previously saved capabilities
  ---
  duration_ms: 1.173141
  type: 'test'
  ...
# Subtest: session database failures and bounded stalled reads fail closed without unbounded backlog
ok 10 - session database failures and bounded stalled reads fail closed without unbounded backlog
  ---
  duration_ms: 77.034846
  type: 'test'
  ...
# Subtest: socket revocation synchronously blocks commands, clears subscriptions and closes every connection
ok 11 - socket revocation synchronously blocks commands, clears subscriptions and closes every connection
  ---
  duration_ms: 1.566648
  type: 'test'
  ...
# Subtest: metadata-only account updates do not revoke established capabilities
ok 12 - metadata-only account updates do not revoke established capabilities
  ---
  duration_ms: 0.924203
  type: 'test'
  ...
# Subtest: expired access and refresh capabilities fail closed in the common session reader
ok 13 - expired access and refresh capabilities fail closed in the common session reader
  ---
  duration_ms: 2.173583
  type: 'test'
  ...
# Subtest: late socket authentication cannot reopen a connection after revocation
ok 14 - late socket authentication cannot reopen a connection after revocation
  ---
  duration_ms: 0.529635
  type: 'test'
  ...
# Subtest: real five-second watchdog closes a socket after a missed credential object event
ok 15 - real five-second watchdog closes a socket after a missed credential object event
  ---
  duration_ms: 5252.884023
  type: 'test'
  ...
1..15
# tests 15
# suites 0
# pass 15
# fail 0
# cancelled 0
# skipped 0
# todo 0
# duration_ms 5591.820104
