npm warn Unknown env config "http-proxy". This will stop working in the next major version of npm.

> iobroker.eos-admin@7.10.11 precheck:eos-stability
> npm run sync:eos-version && npm run prepare:eos-release-defaults && npm run clean:eos-runtime

npm warn Unknown env config "http-proxy". This will stop working in the next major version of npm.

> iobroker.eos-admin@7.10.11 sync:eos-version
> node tools/nexowatt-sync-release-version.cjs

[NexoWatt EOS version sync] OK (7.10.11; all release files match)
npm warn Unknown env config "http-proxy". This will stop working in the next major version of npm.

> iobroker.eos-admin@7.10.11 prepare:eos-release-defaults
> node tools/nexowatt-ensure-release-defaults.cjs

[NexoWatt EOS release defaults] OK (canonical sales defaults already present)
npm warn Unknown env config "http-proxy". This will stop working in the next major version of npm.

> iobroker.eos-admin@7.10.11 clean:eos-runtime
> node tools/nexowatt-clean-legacy-runtime.cjs

[NexoWatt EOS runtime cleanup] OK (runtime v84, shell v7109, removed 0 legacy files)

> iobroker.eos-admin@7.10.11 check:eos-stability
> node tools/nexowatt-stability-check.cjs && node tools/nexowatt-esm-syntax-selftest.cjs && node tools/nexowatt-backend-runtime-selftest.cjs && node tools/nexowatt-prebuilt-release-selftest.cjs && node tools/nexowatt-import-integrity-selftest.cjs && node tools/nexowatt-entrypoint-smoke-selftest.cjs && node tools/nexowatt-frontend-graph-check.cjs && node tools/nexowatt-policy-selftest.cjs && node tools/nexowatt-publish-channel-selftest.cjs && node tools/nexowatt-release-defaults-selftest.cjs && node tools/nexowatt-role-access-selftest.cjs && node tools/nexowatt-internal-reserve-selftest.cjs && node tools/nexowatt-modern-ui-selftest.cjs && node tools/nexowatt-login-layout-selftest.cjs && node tools/nexowatt-branding-selftest.cjs && node tools/nexowatt-default-port-selftest.cjs && node tools/nexowatt-module-popup-selftest.cjs && node tools/nexowatt-datapoint-selftest.cjs && node tools/nexowatt-update-selftest.cjs && node tools/nexowatt-datapoint-interaction-selftest.cjs && node tools/nexowatt-manual-write-policy-selftest.cjs && node tools/nexowatt-value-column-selftest.cjs && node tools/nexowatt-native-shell-selftest.cjs && node tools/nexowatt-assistant-separation-selftest.cjs && node tools/nexowatt-runtime-cleanup-selftest.cjs && node tools/nexowatt-version-sync-selftest.cjs && node tools/nexowatt-merge-update-selftest.cjs && node tools/nexowatt-password-write-selftest.cjs && node tools/nexowatt-account-password-flow-selftest.cjs && npm run check:eos-stable-v7103 && node tools/nexowatt-ems-overview-selftest.cjs && node tools/nexowatt-ui-overview-runtime-selftest.cjs && node tools/nexowatt-auto-update-selftest.cjs && node tools/nexowatt-auto-update-placement-selftest.cjs && node tools/nexowatt-role-security-selftest.cjs && node tools/nexowatt-user-area-selftest.cjs && node tools/nexowatt-installer-ems-selftest.cjs && node tools/nexowatt-v7109-clean-core-selftest.cjs && npm run test:eos-licensing && npm run test:eos-security-boundaries && npm run test:eos-security-upgrade

[NexoWatt EOS stability] OK
[NexoWatt EOS ESM syntax] OK
[NexoWatt EOS backend runtime] OK (21 local runtime files resolve, parse and are declared by the npm files whitelist; dependency-free on Windows)
[NexoWatt EOS prebuilt release] OK (1439 sealed source/runtime files; 21 backend runtime files; no tsc/tsx required for npm publish)
[NexoWatt EOS import integrity] OK
[NexoWatt EOS entrypoint smoke] OK (16 scripts + role-bootstrapped app entry, runtime v84)
[NexoWatt EOS frontend graph] OK (208 reachable JS files, one HTML5 backend)
[NexoWatt EOS policy self-test] OK
[NexoWatt EOS publish channel selftest] OK
[NexoWatt EOS release defaults selftest] OK
[NexoWatt EOS role access] OK (Admin full authority, Installer EMS access, restricted account administration, End User read-only datapoints)
[NexoWatt EOS internal reserve] OK
[NexoWatt EOS modern UI] OK
[NexoWatt EOS login layout] OK
[NexoWatt EOS branding] OK
[NexoWatt EOS default port selftest] OK (8081)
[NexoWatt EOS module popup selftest] OK
[NexoWatt EOS datapoint selftest] OK
[NexoWatt EOS update selftest] OK
[NexoWatt EOS DP interaction selftest] OK
[NexoWatt EOS manual write policy selftest] OK
[NexoWatt EOS value column] OK
[NexoWatt EOS native shell] OK
[NexoWatt EOS assistant separation] OK (stable disabled)
[NexoWatt EOS runtime cleanup selftest] OK
[NexoWatt EOS version sync selftest] OK (7.10.11; stale 7.9.92 merge repaired)
[NexoWatt EOS merge update selftest] OK (flat overwrite + EMS merge + version repair + guarded verification)
TypeError: Cannot read properties of undefined (reading 'revoke')
    at Harness.setEosUserPassword (evalmachine.<anonymous>:20:37)
    at /workspace/scratch/c16def314bc5/source/eos-admin/tools/nexowatt-password-write-selftest.cjs:28:17
    at Object.<anonymous> (/workspace/scratch/c16def314bc5/source/eos-admin/tools/nexowatt-password-write-selftest.cjs:48:3)
    at Module._compile (node:internal/modules/cjs/loader:1872:14)
    at Object..js (node:internal/modules/cjs/loader:2003:10)
    at Module.load (node:internal/modules/cjs/loader:1594:32)
    at Module._load (node:internal/modules/cjs/loader:1396:12)
    at wrapModuleLoad (node:internal/modules/cjs/loader:255:19)
    at Module.executeUserEntryPoint [as runMain] (node:internal/modules/run_main:154:5)
    at node:internal/main/run_main_module:33:47
