TAP version 13
# (node:12) ExperimentalWarning: stripTypeScriptTypes is an experimental feature and might change at any time
# (Use `node --trace-warnings ...` to show where the warning was created)
# Subtest: slow valid proof has its own deadline while ordinary session reads remain short
ok 1 - slow valid proof has its own deadline while ordinary session reads remain short
  ---
  duration_ms: 90.276178
  type: 'test'
  ...
# Subtest: password-work cap remains occupied after timeout until actual proof settles
ok 2 - password-work cap remains occupied after timeout until actual proof settles
  ---
  duration_ms: 33.533148
  type: 'test'
  ...
# Subtest: revocation or account disable during slow proof rejects credentials
ok 3 - revocation or account disable during slow proof rejects credentials
  ---
  duration_ms: 103.241609
  type: 'test'
  ...
# Subtest: malformed and oversized credentials are denied before CPU work
ok 4 - malformed and oversized credentials are denied before CPU work
  ---
  duration_ms: 0.829386
  type: 'test'
  ...
# Subtest: existing EOS password length boundaries remain accepted without imposing new composition rules
ok 5 - existing EOS password length boundaries remain accepted without imposing new composition rules
  ---
  duration_ms: 1.966204
  type: 'test'
  ...
# Subtest: source login unlocks and explains network failure without throwing
ok 6 - source login unlocks and explains network failure without throwing
  ---
  duration_ms: 1.908308
  type: 'test'
  ...
# Subtest: source login catches a malformed successful token reply
ok 7 - source login catches a malformed successful token reply
  ---
  duration_ms: 0.74518
  type: 'test'
  ...
# Subtest: source login distinguishes wrong password from transport failure
ok 8 - source login distinguishes wrong password from transport failure
  ---
  duration_ms: 0.703537
  type: 'test'
  ...
# Subtest: source hung login aborts after 20s and suppresses duplicate submission
ok 9 - source hung login aborts after 20s and suppresses duplicate submission
  ---
  duration_ms: 0.801234
  type: 'test'
  ...
# Subtest: source accepted login remains blocked while redirect starts
ok 10 - source accepted login remains blocked while redirect starts
  ---
  duration_ms: 0.775535
  type: 'test'
  ...
# Subtest: build login unlocks and explains network failure without throwing
ok 11 - build login unlocks and explains network failure without throwing
  ---
  duration_ms: 10.498678
  type: 'test'
  ...
# Subtest: build login catches a malformed successful token reply
ok 12 - build login catches a malformed successful token reply
  ---
  duration_ms: 9.671706
  type: 'test'
  ...
# Subtest: build login distinguishes wrong password from transport failure
ok 13 - build login distinguishes wrong password from transport failure
  ---
  duration_ms: 9.130562
  type: 'test'
  ...
# Subtest: build hung login aborts after 20s and suppresses duplicate submission
ok 14 - build hung login aborts after 20s and suppresses duplicate submission
  ---
  duration_ms: 8.807828
  type: 'test'
  ...
# Subtest: build accepted login remains blocked while redirect starts
ok 15 - build accepted login remains blocked while redirect starts
  ---
  duration_ms: 8.319313
  type: 'test'
  ...
1..15
# tests 15
# suites 0
# pass 15
# fail 0
# cancelled 0
# skipped 0
# todo 0
# duration_ms 423.376732
