TAP version 13
# Subtest: exact root normalization preserves archive integrity and local provenance
ok 1 - exact root normalization preserves archive integrity and local provenance
  ---
  duration_ms: 9.527299
  type: 'test'
  ...
# Subtest: normalization rejects mismatched actual installed identity
ok 2 - normalization rejects mismatched actual installed identity
  ---
  duration_ms: 2.454112
  type: 'test'
  ...
# Subtest: normalization rejects missing artifact integrity
ok 3 - normalization rejects missing artifact integrity
  ---
  duration_ms: 21.270586
  type: 'test'
  ...
# Subtest: normalization rejects traversal archive references
ok 4 - normalization rejects traversal archive references
  ---
  duration_ms: 9.658288
  type: 'test'
  ...
# Subtest: source snapshot skips execution dependencies and rejects links
ok 5 - source snapshot skips execution dependencies and rejects links
  ---
  duration_ms: 6.463876
  type: 'test'
  ...
# Subtest: existing output directories and duplicate components rejected before npm
ok 6 - existing output directories and duplicate components rejected before npm
  ---
  duration_ms: 1.671908
  type: 'test'
  ...
# Subtest: aggregate root preserves compatible component overrides
ok 7 - aggregate root preserves compatible component overrides
  ---
  duration_ms: 0.446275
  type: 'test'
  ...
# Subtest: conflicting or prototype-mutating component overrides fail before installation
ok 8 - conflicting or prototype-mutating component overrides fail before installation
  ---
  duration_ms: 1.431715
  type: 'test'
  ...
# Subtest: initial enrollment stores only hash and disabled fixed instances; verifies without writes
ok 9 - initial enrollment stores only hash and disabled fixed instances; verifies without writes
  ---
  duration_ms: 3190.225603
  type: 'test'
  ...
# Subtest: password rejects bounded invalid input string:0
ok 10 - password rejects bounded invalid input string:0
  ---
  duration_ms: 1.189889
  type: 'test'
  ...
# Subtest: password rejects bounded invalid input string:5
ok 11 - password rejects bounded invalid input string:5
  ---
  duration_ms: 0.179271
  type: 'test'
  ...
# Subtest: password rejects bounded invalid input string:129
ok 12 - password rejects bounded invalid input string:129
  ---
  duration_ms: 0.577423
  type: 'test'
  ...
# Subtest: password rejects bounded invalid input string:14
ok 13 - password rejects bounded invalid input string:14
  ---
  duration_ms: 0.21814
  type: 'test'
  ...
# Subtest: password rejects bounded invalid input string:21
ok 14 - password rejects bounded invalid input string:21
  ---
  duration_ms: 0.183047
  type: 'test'
  ...
# Subtest: password rejects bounded invalid input object:0
ok 15 - password rejects bounded invalid input object:0
  ---
  duration_ms: 0.175696
  type: 'test'
  ...
# Subtest: password rejects bounded invalid input object:0
ok 16 - password rejects bounded invalid input object:0
  ---
  duration_ms: 0.196547
  type: 'test'
  ...
# Subtest: password rejects bounded invalid input string:200
ok 17 - password rejects bounded invalid input string:200
  ---
  duration_ms: 1.963029
  type: 'test'
  ...
# Subtest: password allows long unicode passphrase without composition tricks
ok 18 - password allows long unicode passphrase without composition tricks
  ---
  duration_ms: 2.962346
  type: 'test'
  ...
# Subtest: rejects marker pending without repair
ok 19 - rejects marker pending without repair
  ---
  duration_ms: 2.490346
  type: 'test'
  ...
# Subtest: rejects config changed without repair
ok 20 - rejects config changed without repair
  ---
  duration_ms: 3.22046
  type: 'test'
  ...
# Subtest: rejects physical enabled without repair
ok 21 - rejects physical enabled without repair
  ---
  duration_ms: 3.105607
  type: 'test'
  ...
# Subtest: rejects core binding without repair
ok 22 - rejects core binding without repair
  ---
  duration_ms: 2.050822
  type: 'test'
  ...
# Subtest: rejects remote repo without repair
ok 23 - rejects remote repo without repair
  ---
  duration_ms: 4.565897
  type: 'test'
  ...
# Subtest: rejects automatic updates without repair
ok 24 - rejects automatic updates without repair
  ---
  duration_ms: 0.955665
  type: 'test'
  ...
# Subtest: rejects disabled admin without repair
ok 25 - rejects disabled admin without repair
  ---
  duration_ms: 1.01823
  type: 'test'
  ...
# Subtest: rejects weak password without repair
ok 26 - rejects weak password without repair
  ---
  duration_ms: 3.111256
  type: 'test'
  ...
# Subtest: rejects extra executable without repair
ok 27 - rejects extra executable without repair
  ---
  duration_ms: 1.226375
  type: 'test'
  ...
# Subtest: rejects node arguments without repair
ok 28 - rejects node arguments without repair
  ---
  duration_ms: 3.124636
  type: 'test'
  ...
# Subtest: rejects remote host without repair
ok 29 - rejects remote host without repair
  ---
  duration_ms: 4.904979
  type: 'test'
  ...
# Subtest: rejects admin plaintext without repair
ok 30 - rejects admin plaintext without repair
  ---
  duration_ms: 1.323802
  type: 'test'
  ...
# Subtest: rejects UI no auth without repair
ok 31 - rejects UI no auth without repair
  ---
  duration_ms: 0.915685
  type: 'test'
  ...
# Subtest: rejects UI trusted header without repair
ok 32 - rejects UI trusted header without repair
  ---
  duration_ms: 1.805821
  type: 'test'
  ...
# Subtest: rejects UI path without repair
ok 33 - rejects UI path without repair
  ---
  duration_ms: 1.266695
  type: 'test'
  ...
# Subtest: controller alive blocks first mutation
ok 34 - controller alive blocks first mutation
  ---
  duration_ms: 0.774367
  type: 'test'
  ...
# Subtest: failed enrollment retains pending gate and never enables partially written instances
ok 35 - failed enrollment retains pending gate and never enables partially written instances
  ---
  duration_ms: 1034.274942
  type: 'test'
  ...
# Subtest: normal start, incomplete maintenance blocked, live trial and cleanup
ok 36 - normal start, incomplete maintenance blocked, live trial and cleanup
  ---
  duration_ms: 5.703897
  type: 'test'
  ...
# Subtest: exited coordinator cannot grant later reboot/start through its old permit
ok 37 - exited coordinator cannot grant later reboot/start through its old permit
  ---
  duration_ms: 93.819018
  type: 'test'
  ...
# Subtest: stale or invalid permit startTicks
ok 38 - stale or invalid permit startTicks
  ---
  duration_ms: 2.100186
  type: 'test'
  ...
# Subtest: stale or invalid permit bootId
ok 39 - stale or invalid permit bootId
  ---
  duration_ms: 1.061806
  type: 'test'
  ...
# Subtest: stale or invalid permit operation
ok 40 - stale or invalid permit operation
  ---
  duration_ms: 5.490885
  type: 'test'
  ...
# Subtest: stale or invalid permit version
ok 41 - stale or invalid permit version
  ---
  duration_ms: 7.730161
  type: 'test'
  ...
# Subtest: orphan permit cannot bypass absent lock
ok 42 - orphan permit cannot bypass absent lock
  ---
  duration_ms: 1.161387
  type: 'test'
  ...
# Subtest: writable lock and symlinked permit rejected
ok 43 - writable lock and symlinked permit rejected
  ---
  duration_ms: 1.303562
  type: 'test'
  ...
# Subtest: onboarding accepts file paths only and rejects duplicate/unknown options
ok 44 - onboarding accepts file paths only and rejects duplicate/unknown options
  ---
  duration_ms: 1.740082
  type: 'test'
  ...
# Subtest: secret source ownership, modes, size and link checks
ok 45 - secret source ownership, modes, size and link checks
  ---
  duration_ms: 2.525039
  type: 'test'
  ...
# Subtest: old true heartbeat cannot pass new startup readiness
ok 46 - old true heartbeat cannot pass new startup readiness
  ---
  duration_ms: 203.085931
  type: 'test'
  ...
# Subtest: new acknowledged heartbeat passes only both expected instances
ok 47 - new acknowledged heartbeat passes only both expected instances
  ---
  duration_ms: 3.958688
  type: 'test'
  ...
# Subtest: upload unit carries immutable config bind and unprivileged account
ok 48 - upload unit carries immutable config bind and unprivileged account
  ---
  duration_ms: 0.897418
  type: 'test'
  ...
# Subtest: onboarding public trust and secret modes survive restrictive inherited umask
ok 49 - onboarding public trust and secret modes survive restrictive inherited umask
  ---
  duration_ms: 121.816649
  type: 'test'
  ...
# Subtest: failure to revoke the trial permit still attempts to stop the controller
ok 50 - failure to revoke the trial permit still attempts to stop the controller
  ---
  duration_ms: 1.738399
  type: 'test'
  ...
# Subtest: failed revocation and failed stop report the more specific stop failure
ok 51 - failed revocation and failed stop report the more specific stop failure
  ---
  duration_ms: 0.556722
  type: 'test'
  ...
# Subtest: concurrent release change is rejected after acquiring the maintenance lock
ok 52 - concurrent release change is rejected after acquiring the maintenance lock
  ---
  duration_ms: 10.65172
  type: 'test'
  ...
# Subtest: readiness requires the fixed Admin/UI anonymous security contract over checked TLS
ok 53 - readiness requires the fixed Admin/UI anonymous security contract over checked TLS
  ---
  duration_ms: 5.347348
  type: 'test'
  ...
# Subtest: readiness rejects admin unexpected success
ok 54 - readiness rejects admin unexpected success
  ---
  duration_ms: 2.234129
  type: 'test'
  ...
# Subtest: readiness rejects admin unrelated forbidden response
ok 55 - readiness rejects admin unrelated forbidden response
  ---
  duration_ms: 0.549942
  type: 'test'
  ...
# Subtest: readiness rejects UI anonymous writes
ok 56 - readiness rejects UI anonymous writes
  ---
  duration_ms: 1.519228
  type: 'test'
  ...
# Subtest: readiness rejects UI anonymous admin
ok 57 - readiness rejects UI anonymous admin
  ---
  duration_ms: 0.692217
  type: 'test'
  ...
# Subtest: readiness rejects unverified peer
ok 58 - readiness rejects unverified peer
  ---
  duration_ms: 2.267089
  type: 'test'
  ...
# Subtest: readiness rejects old TLS version
ok 59 - readiness rejects old TLS version
  ---
  duration_ms: 0.648591
  type: 'test'
  ...
# Subtest: readiness rejects oversized body
ok 60 - readiness rejects oversized body
  ---
  duration_ms: 1.199163
  type: 'test'
  ...
# Subtest: readiness rejects invalid JSON
ok 61 - readiness rejects invalid JSON
  ---
  duration_ms: 2.006806
  type: 'test'
  ...
# Subtest: unique local CA and distinct per-listener keys verify SANs
ok 62 - unique local CA and distinct per-listener keys verify SANs
  ---
  duration_ms: 9.294507
  type: 'test'
  ...
# Subtest: rejects invalid SAN input []
ok 63 - rejects invalid SAN input []
  ---
  duration_ms: 1.979303
  type: 'test'
  ...
# Subtest: rejects invalid SAN input ["a\\nDNS:evil"]
ok 64 - rejects invalid SAN input ["a\\nDNS:evil"]
  ---
  duration_ms: 0.557634
  type: 'test'
  ...
# Subtest: rejects invalid SAN input ["*.example.com"]
ok 65 - rejects invalid SAN input ["*.example.com"]
  ---
  duration_ms: 0.802765
  type: 'test'
  ...
# Subtest: rejects invalid SAN input ["bad/name"]
ok 66 - rejects invalid SAN input ["bad/name"]
  ---
  duration_ms: 0.325262
  type: 'test'
  ...
# Subtest: rejects invalid SAN input ["-evil"]
ok 67 - rejects invalid SAN input ["-evil"]
  ---
  duration_ms: 0.309809
  type: 'test'
  ...
# Subtest: rejects invalid SAN input ["xxxxxxxxxxxxxxxxxxxxxx
ok 68 - rejects invalid SAN input ["xxxxxxxxxxxxxxxxxxxxxx
  ---
  duration_ms: 0.126922
  type: 'test'
  ...
# Subtest: rejects invalid SAN input ["eos.test","eos.test","
ok 69 - rejects invalid SAN input ["eos.test","eos.test","
  ---
  duration_ms: 1.351825
  type: 'test'
  ...
# Subtest: rejects invalid SAN input ["  host"]
ok 70 - rejects invalid SAN input ["  host"]
  ---
  duration_ms: 0.252372
  type: 'test'
  ...
# Subtest: rejects invalid SAN input [null]
ok 71 - rejects invalid SAN input [null]
  ---
  duration_ms: 0.558104
  type: 'test'
  ...
# Subtest: never overwrites an existing certificate installation
ok 72 - never overwrites an existing certificate installation
  ---
  duration_ms: 0.345853
  type: 'test'
  ...
# Subtest: warning before expiry and rejection after expiry
ok 73 - warning before expiry and rejection after expiry
  ---
  duration_ms: 9.757999
  type: 'test'
  ...
# Subtest: TLS1.3 with trusted SAN succeeds; TLS1.2 rejected over real socket
ok 74 - TLS1.3 with trusted SAN succeeds; TLS1.2 rejected over real socket
  ---
  duration_ms: 79.234795
  type: 'test'
  ...
# Subtest: world-readable private leaf key rejected
ok 75 - world-readable private leaf key rejected
  ---
  duration_ms: 4.33672
  type: 'test'
  ...
1..75
# tests 75
# suites 0
# pass 75
# fail 0
# cancelled 0
# skipped 0
# todo 0
# duration_ms 4578.10313
