✔ valid signed bundle and commissioning inputs never bypass Redis security hold or mutate the host (76.287132ms)
✔ tampered signed payload and wrong signer fail before target commands or credential validation (34.382656ms)
✔ wrong signing public key is rejected even when all host prerequisites are ready (23.841599ms)
✔ a valid signature never promotes a pending catalog entry (30.427416ms)
✔ current release must declare the observed target architecture and exact Node version (24.988644ms)
✔ duplicate service and installer credentials or browser-selected admin role fail before target commands (54.988077ms)
✔ secret modes, symlinks and invalid certificate hosts are rejected before target commands (62.3983ms)
✔ occupied integrated UI port yields a non-mutating rejected report (42.027206ms)
✔ CLI bounds exact path-only arguments, requires root, and never dumps raw parser errors (120.202556ms)
✔ direct signed installer cannot skip integrated web port gate by omitting standalone preflight (50.652564ms)
✔ actual Redis admission hold prevents direct signed installation before staging, accounts or services (69.194087ms)
✔ verified installer forwards the same catalog port profile to the privileged host recheck (35.267193ms)
✔ orchestrator fixture keeps the actual ancestor guard and rejects a writable target before staging (36.419355ms)
✔ successful root sudo listing with no privileges is accepted for each EOS account (1.640823ms)
✔ sudo listing rejects failed list (0.11515ms)
✔ sudo listing rejects timeout (0.069102ms)
✔ sudo listing rejects truncated response (0.104054ms)
✔ sudo listing rejects password required (0.136501ms)
✔ sudo listing rejects policy warning despite denial (0.068601ms)
✔ sudo listing rejects host lookup warning (0.075021ms)
✔ sudo listing rejects granted root command (0.079288ms)
✔ sudo listing rejects granted unprivileged command (0.1222ms)
✔ sudo listing rejects different account (0.177212ms)
✔ sudo listing rejects appended commands (0.79868ms)
✔ sudo listing rejects prefixed custom text (0.055341ms)
✔ sudo listing rejects duplicated denial (0.032568ms)
✔ sudo listing rejects extra blank line (0.025397ms)
✔ sudo listing rejects denial on stderr (0.022664ms)
✔ sudo listing rejects localized response (0.026139ms)
✔ sudo listing rejects empty success (0.028612ms)
✔ missing or malformed subprocess fields never establish absent privileges (0.114139ms)
✔ postgresql installer reaches directories only after every real account sudo branch passes (16.132234ms)
✔ postgresql installer stops at accounts for failed list (4.113264ms)
✔ postgresql installer stops at accounts for timeout (2.389659ms)
✔ postgresql installer stops at accounts for truncated response (2.797161ms)
✔ postgresql installer stops at accounts for password required (2.688961ms)
✔ postgresql installer stops at accounts for policy warning despite denial (2.36299ms)
✔ postgresql installer stops at accounts for host lookup warning (2.516286ms)
✔ postgresql installer stops at accounts for granted root command (2.68149ms)
✔ postgresql installer stops at accounts for granted unprivileged command (3.015743ms)
✔ postgresql installer stops at accounts for different account (3.52122ms)
✔ postgresql installer stops at accounts for appended commands (2.051049ms)
✔ postgresql installer stops at accounts for prefixed custom text (2.07223ms)
✔ postgresql installer stops at accounts for duplicated denial (2.703162ms)
✔ postgresql installer stops at accounts for extra blank line (2.016678ms)
✔ postgresql installer stops at accounts for denial on stderr (2.36329ms)
✔ postgresql installer stops at accounts for localized response (2.267288ms)
✔ postgresql installer stops at accounts for empty success (3.070084ms)
✔ redis installer reaches directories only after every real account sudo branch passes (2.346345ms)
✔ redis installer stops at accounts for failed list (3.356552ms)
✔ redis installer stops at accounts for timeout (2.674089ms)
✔ redis installer stops at accounts for truncated response (2.122334ms)
✔ redis installer stops at accounts for password required (1.369263ms)
✔ redis installer stops at accounts for policy warning despite denial (1.324426ms)
✔ redis installer stops at accounts for host lookup warning (2.231505ms)
✔ redis installer stops at accounts for granted root command (1.821029ms)
✔ redis installer stops at accounts for granted unprivileged command (1.402231ms)
✔ redis installer stops at accounts for different account (1.89596ms)
✔ redis installer stops at accounts for appended commands (1.709805ms)
✔ redis installer stops at accounts for prefixed custom text (1.313329ms)
✔ redis installer stops at accounts for duplicated denial (1.278338ms)
✔ redis installer stops at accounts for extra blank line (1.433938ms)
✔ redis installer stops at accounts for denial on stderr (1.250837ms)
✔ redis installer stops at accounts for localized response (2.107583ms)
✔ redis installer stops at accounts for empty success (1.302784ms)
✔ full-product PostgreSQL installer also checks the final eos-setup account (1.961156ms)
✔ CLI requires explicit absolute input paths and both independent new trust pins (1.453166ms)
✔ baseline must exactly match R4 release, sequence, key, runtime, profile and schema (0.578925ms)
✔ transition rejects schema/unit mutation, new service, admission expansion and stale sequence (1.209036ms)
✔ successful update preserves configuration, first-start provenance and old release; checks readiness before unlock (13.53601ms)
✔ wrong new key pin fails before stage or stop (2.54571ms)
✔ installed unit drift fails before runtime mutation (2.571057ms)
✔ existing maintenance lock is not removed or overwritten (2.46424ms)
✔ native failure removes only its own pre-transition lock and does not stop running controller (2.890849ms)
✔ readiness failure restores only old pointer/state, retains lock, never restarts old controller (6.497556ms)
✔ foreign state change during trial is not overwritten; stop and retain lock (4.364886ms)
✔ foreign pointer during trial is not overwritten (3.937936ms)
✔ initial failed controller is repairable without database reinitialization (4.088097ms)
✔ pre-activation configuration race is detected; credentials are not written back (4.357275ms)
✔ failed stop leaves lock and reports recovery required without claiming restored service (2.658536ms)
✔ journal failure during trial still attempts physical restoration and preserves the lock (3.403667ms)
✔ signature rejection does not acquire maintenance lock or execute candidate code (1.533785ms)
✔ directory fsync failure after successful unlock recreates gate before restoring old release (3.817678ms)
✔ repair requires systemd invocation identity; unsupervised CLI cannot start maintenance (1.337855ms)
✔ false executable trust result is rejected before any service command or staging (1.350014ms)
✔ ExecStopPost quiesces only its own incomplete repair, including a failed permit revocation (0.279102ms)
✔ malformed protected lock falls back only to its own bounded journal; valid foreign lock wins (0.337999ms)
ℹ tests 87
ℹ suites 0
ℹ pass 87
ℹ fail 0
ℹ cancelled 0
ℹ skipped 0
ℹ todo 0
ℹ duration_ms 783.241378
