UTC: 2026-09-30T17:33:55.198976+00:00
COMMAND: ["node", "--test", "--test-reporter=tap", "test/eos-license-client.test.cjs", "test/eos-license-core.test.cjs", "test/eos-license-http.test.cjs", "test/eos-license-service.test.cjs"]
EXIT: 0

TAP version 13
# Subtest: starts denied, permits signed-service decision and sends no license key
ok 1 - starts denied, permits signed-service decision and sends no license key
  ---
  duration_ms: 5.882422
  type: 'test'
  ...
# Subtest: a new request uses a new nonce and rejects replay from an older request
ok 2 - a new request uses a new nonce and rejects replay from an older request
  ---
  duration_ms: 1.003544
  type: 'test'
  ...
# Subtest: Home and Pro quantity limits and features are checked independently
ok 3 - Home and Pro quantity limits and features are checked independently
  ---
  duration_ms: 3.809158
  type: 'test'
  ...
# Subtest: malformed, stale, future, oversized and missing entitlements fail closed
ok 4 - malformed, stale, future, oversized and missing entitlements fail closed
  ---
  duration_ms: 6.140581
  type: 'test'
  ...
# Subtest: timeout invalidates an existing lease; late and duplicate callbacks cannot reopen it
ok 5 - timeout invalidates an existing lease; late and duplicate callbacks cannot reopen it
  ---
  duration_ms: 21.316875
  type: 'test'
  ...
# Subtest: throws and rejected transport promises settle denied without an unhandled rejection
ok 6 - throws and rejected transport promises settle denied without an unhandled rejection
  ---
  duration_ms: 1.151989
  type: 'test'
  ...
# Subtest: lease expires autonomously, onLost is once per denial episode, then recovery is possible
ok 7 - lease expires autonomously, onLost is once per denial episode, then recovery is possible
  ---
  duration_ms: 36.452168
  type: 'test'
  ...
# Subtest: wall clock rollback does not extend monotonic lease and a forward jump immediately denies
ok 8 - wall clock rollback does not extend monotonic lease and a forward jump immediately denies
  ---
  duration_ms: 36.769055
  type: 'test'
  ...
# Subtest: stop cancels in-flight request and prevents late callback activation
ok 9 - stop cancels in-flight request and prevents late callback activation
  ---
  duration_ms: 0.770799
  type: 'test'
  ...
# Subtest: concurrent callers coalesce safely and status mutation cannot change entitlement
ok 10 - concurrent callers coalesce safely and status mutation cannot change entitlement
  ---
  duration_ms: 0.495866
  type: 'test'
  ...
# Subtest: failed safe-state callback latches denial and sanitizes logs
ok 11 - failed safe-state callback latches denial and sanitizes logs
  ---
  duration_ms: 2.980709
  type: 'test'
  ...
# Subtest: asynchronous safe-state transition must finish before a fresh grant is accepted
ok 12 - asynchronous safe-state transition must finish before a fresh grant is accepted
  ---
  duration_ms: 2.61208
  type: 'test'
  ...
# Subtest: invalid configuration cannot create a permissive guard
ok 13 - invalid configuration cannot create a permissive guard
  ---
  duration_ms: 1.182338
  type: 'test'
  ...
# Subtest: one shared lease gates each Home/Pro feature without extra messages or rights after loss
ok 14 - one shared lease gates each Home/Pro feature without extra messages or rights after loss
  ---
  duration_ms: 1.979781
  type: 'test'
  ...
# Subtest: UUID normalizes case/space while preserving canonical and direct vendor-prefix identity
ok 15 - UUID normalizes case/space while preserving canonical and direct vendor-prefix identity
  ---
  duration_ms: 6.833369
  type: 'test'
  ...
# Subtest: Home license authenticates UUID, explicit adapters, limits and immutable derived features
ok 16 - Home license authenticates UUID, explicit adapters, limits and immutable derived features
  ---
  duration_ms: 4.753912
  type: 'test'
  ...
# Subtest: Pro license enables Pro features only from signed edition and caps 10 batteries
ok 17 - Pro license enables Pro features only from signed edition and caps 10 batteries
  ---
  duration_ms: 4.226519
  type: 'test'
  ...
# Subtest: expiry and notBefore use exact millisecond boundaries without coercion or grace
ok 18 - expiry and notBefore use exact millisecond boundaries without coercion or grace
  ---
  duration_ms: 8.595048
  type: 'test'
  ...
# Subtest: forged or edited signature, foreign signing key, unknown kid and legacy format fail closed
ok 19 - forged or edited signature, foreign signing key, unknown kid and legacy format fail closed
  ---
  duration_ms: 4.965208
  type: 'test'
  ...
# Subtest: trust accepts only bounded explicit Ed25519 public SPKI keys
ok 20 - trust accepts only bounded explicit Ed25519 public SPKI keys
  ---
  duration_ms: 50.623356
  type: 'test'
  ...
# Subtest: schema rejects wildcard adapters, duplicate adapters, unsafe limits and unknown signed fields
ok 21 - schema rejects wildcard adapters, duplicate adapters, unsafe limits and unknown signed fields
  ---
  duration_ms: 8.451928
  type: 'test'
  ...
# Subtest: malformed/oversized tokens and noncanonical base64 cannot reach successful verification
ok 22 - malformed/oversized tokens and noncanonical base64 cannot reach successful verification
  ---
  duration_ms: 2.440072
  type: 'test'
  ...
# Subtest: encrypted storage roundtrips across restart with fresh nonce and no plaintext on disk
ok 23 - encrypted storage roundtrips across restart with fresh nonce and no plaintext on disk
  ---
  duration_ms: 43.478151
  type: 'test'
  ...
# Subtest: GCM binds UUID and fails after ciphertext/tag/nonce corruption
ok 24 - GCM binds UUID and fails after ciphertext/tag/nonce corruption
  ---
  duration_ms: 30.283436
  type: 'test'
  ...
# Subtest: missing/wrong/short storage key never silently regenerates existing encrypted license
ok 25 - missing/wrong/short storage key never silently regenerates existing encrypted license
  ---
  duration_ms: 16.774258
  type: 'test'
  ...
# Subtest: storage high water mark cannot decrease; serialized operations preserve monotonic value
ok 26 - storage high water mark cannot decrease; serialized operations preserve monotonic value
  ---
  duration_ms: 19.706635
  type: 'test'
  ...
# Subtest: clear removes only license, keeps device encryption key and permits fresh install
ok 27 - clear removes only license, keeps device encryption key and permits fresh install
  ---
  duration_ms: 12.437526
  type: 'test'
  ...
# Subtest: storage rejects symlink files, symlink directory/ancestor and hard linked secrets
ok 28 - storage rejects symlink files, symlink directory/ancestor and hard linked secrets
  ---
  duration_ms: 12.660881
  type: 'test'
  ...
# Subtest: storage rejects permissive POSIX modes and unsafe directory roots
ok 29 - storage rejects permissive POSIX modes and unsafe directory roots
  ---
  duration_ms: 7.752459
  type: 'test'
  ...
# Subtest: storage bounds files and rejects malformed data/envelopes without destructive overwrite
ok 30 - storage bounds files and rejects malformed data/envelopes without destructive overwrite
  ---
  duration_ms: 19.440401
  type: 'test'
  ...
# Subtest: license endpoints authorize before body parser, service calls and static files
ok 31 - license endpoints authorize before body parser, service calls and static files
  ---
  duration_ms: 4.686566
  type: 'test'
  ...
# Subtest: secure admin activation invokes parser after authorization and returns no submitted token
ok 32 - secure admin activation invokes parser after authorization and returns no submitted token
  ---
  duration_ms: 1.073259
  type: 'test'
  ...
# Subtest: cross-origin, missing origin/header and cross-site writes fail before parser
ok 33 - cross-origin, missing origin/header and cross-site writes fail before parser
  ---
  duration_ms: 1.931412
  type: 'test'
  ...
# Subtest: forwarded host/proto headers do not establish origin or TLS trust
ok 34 - forwarded host/proto headers do not establish origin or TLS trust
  ---
  duration_ms: 0.77375
  type: 'test'
  ...
# Subtest: plaintext LAN is denied for every route; explicit socket loopback can perform setup
ok 35 - plaintext LAN is denied for every route; explicit socket loopback can perform setup
  ---
  duration_ms: 0.746135
  type: 'test'
  ...
# Subtest: malformed activation/removal bodies are rejected without reaching service
ok 36 - malformed activation/removal bodies are rejected without reaching service
  ---
  duration_ms: 3.871866
  type: 'test'
  ...
# Subtest: parser size/syntax errors are sanitized and cannot reach activation
ok 37 - parser size/syntax errors are sanitized and cannot reach activation
  ---
  duration_ms: 0.665609
  type: 'test'
  ...
# Subtest: authorization and asynchronous service failures return sanitized bounded errors
ok 38 - authorization and asynchronous service failures return sanitized bounded errors
  ---
  duration_ms: 0.713854
  type: 'test'
  ...
# Subtest: per-address write and read rate budgets deny excess operations
ok 39 - per-address write and read rate budgets deny excess operations
  ---
  duration_ms: 6.011653
  type: 'test'
  ...
# Subtest: license page has restrictive CSP and safe no-cache headers
ok 40 - license page has restrictive CSP and safe no-cache headers
  ---
  duration_ms: 0.763829
  type: 'test'
  ...
# Subtest: origin matching uses scheme, hostname and port exactly
ok 41 - origin matching uses scheme, hostname and port exactly
  ---
  duration_ms: 1.043421
  type: 'test'
  ...
# Subtest: startup without provisioned trust denies and creates no license
ok 42 - startup without provisioned trust denies and creates no license
  ---
  duration_ms: 20.21272
  type: 'test'
  ...
# Subtest: startup with empty trust configuration denies
ok 43 - startup with empty trust configuration denies
  ---
  duration_ms: 3.823038
  type: 'test'
  ...
# Subtest: trusted service without stored license denies
ok 44 - trusted service without stored license denies
  ---
  duration_ms: 6.070288
  type: 'test'
  ...
# Subtest: Home allows licensed adapter and published Home limits with bounded lease
ok 45 - Home allows licensed adapter and published Home limits with bounded lease
  ---
  duration_ms: 37.030447
  type: 'test'
  ...
# Subtest: Home rejects Pro feature and over-limit resource counts
ok 46 - Home rejects Pro feature and over-limit resource counts
  ---
  duration_ms: 24.707549
  type: 'test'
  ...
# Subtest: Pro grants its feature set only to listed adapter and within signed limits
ok 47 - Pro grants its feature set only to listed adapter and within signed limits
  ---
  duration_ms: 35.65904
  type: 'test'
  ...
# Subtest: licensed second adapter receives grants only when enabled
ok 48 - licensed second adapter receives grants only when enabled
  ---
  duration_ms: 14.245131
  type: 'test'
  ...
# Subtest: missing, disabled, renamed or non-instance senders cannot obtain grants
ok 49 - missing, disabled, renamed or non-instance senders cannot obtain grants
  ---
  duration_ms: 35.618684
  type: 'test'
  ...
# Subtest: sender mismatch, unknown feature, extra keys and invalid quota types reject
ok 50 - sender mismatch, unknown feature, extra keys and invalid quota types reject
  ---
  duration_ms: 19.071755
  type: 'test'
  ...
# Subtest: malformed or untrusted import preserves existing encrypted license
ok 51 - malformed or untrusted import preserves existing encrypted license
  ---
  duration_ms: 15.129988
  type: 'test'
  ...
# Subtest: explicit license removal denies checks and remains removed after restart
ok 52 - explicit license removal denies checks and remains removed after restart
  ---
  duration_ms: 9.531871
  type: 'test'
  ...
# Subtest: external license deletion invalidates previously cached grant eligibility
ok 53 - external license deletion invalidates previously cached grant eligibility
  ---
  duration_ms: 9.805757
  type: 'test'
  ...
# Subtest: tampered authenticated ciphertext invalidates cached license
ok 54 - tampered authenticated ciphertext invalidates cached license
  ---
  duration_ms: 10.585235
  type: 'test'
  ...
# Subtest: encrypted license and edition persist over clean service restart
ok 55 - encrypted license and edition persist over clean service restart
  ---
  duration_ms: 16.070389
  type: 'test'
  ...
# Subtest: changed system UUID denies while running
ok 56 - changed system UUID denies while running
  ---
  duration_ms: 30.918654
  type: 'test'
  ...
# Subtest: lease is capped at expiry and license expires at exact boundary
ok 57 - lease is capped at expiry and license expires at exact boundary
  ---
  duration_ms: 31.203773
  type: 'test'
  ...
# Subtest: expiry is rechecked after delayed adapter object lookup
ok 58 - expiry is rechecked after delayed adapter object lookup
  ---
  duration_ms: 10.70221
  type: 'test'
  ...
# Subtest: wall clock rollback relative to monotonic time fails closed until restart
ok 59 - wall clock rollback relative to monotonic time fails closed until restart
  ---
  duration_ms: 7.355009
  type: 'test'
  ...
# Subtest: frequent sub-tolerance checks cannot keep a frozen wall clock licensed
ok 60 - frequent sub-tolerance checks cannot keep a frozen wall clock licensed
  ---
  duration_ms: 10.953106
  type: 'test'
  ...
# Subtest: small cumulative backward steps cannot reset the monotonic clock anchor
ok 61 - small cumulative backward steps cannot reset the monotonic clock anchor
  ---
  duration_ms: 18.895895
  type: 'test'
  ...
# Subtest: persisted high-water mark detects ordinary rollback across restart
ok 62 - persisted high-water mark detects ordinary rollback across restart
  ---
  duration_ms: 41.847064
  type: 'test'
  ...
# Subtest: sender rate cap denies excess requests and renews after window
ok 63 - sender rate cap denies excess requests and renews after window
  ---
  duration_ms: 98.62996
  type: 'test'
  ...
# Subtest: queue cap rejects excess work without preventing earlier jobs completing
ok 64 - queue cap rejects excess work without preventing earlier jobs completing
  ---
  duration_ms: 3.127343
  type: 'test'
  ...
# Subtest: new checks and mutations after stop are denied
ok 65 - new checks and mutations after stop are denied
  ---
  duration_ms: 7.102319
  type: 'test'
  ...
# Subtest: check queued before stop cannot grant or restore cached validity after stop
ok 66 - check queued before stop cannot grant or restore cached validity after stop
  ---
  duration_ms: 8.784013
  type: 'test'
  ...
# Subtest: check already in adapter lookup cannot grant after stop
ok 67 - check already in adapter lookup cannot grant after stop
  ---
  duration_ms: 17.587111
  type: 'test'
  ...
# Subtest: database timeout clears validity, bounds outstanding reads and ignores late results
ok 68 - database timeout clears validity, bounds outstanding reads and ignores late results
  ---
  duration_ms: 38.967796
  type: 'test'
  ...
# Subtest: timeout during adapter identity lookup clears a previously valid license view
ok 69 - timeout during adapter identity lookup clears a previously valid license view
  ---
  duration_ms: 46.563866
  type: 'test'
  ...
# Subtest: serialized deletion ahead of a check prevents an intervening grant
ok 70 - serialized deletion ahead of a check prevents an intervening grant
  ---
  duration_ms: 8.230705
  type: 'test'
  ...
# Subtest: status rechecks expiry after delayed UUID lookup
ok 71 - status rechecks expiry after delayed UUID lookup
  ---
  duration_ms: 8.139754
  type: 'test'
  ...
# Subtest: import expiring during UUID lookup preserves the previous valid license
ok 72 - import expiring during UUID lookup preserves the previous valid license
  ---
  duration_ms: 10.011497
  type: 'test'
  ...
# Subtest: production directory resolver works without an assumed adapter instance method
ok 73 - production directory resolver works without an assumed adapter instance method
  ---
  duration_ms: 15.442708
  type: 'test'
  ...
# Subtest: directory resolver failure is contained and keeps authority denied
ok 74 - directory resolver failure is contained and keeps authority denied
  ---
  duration_ms: 2.320487
  type: 'test'
  ...
1..74
# tests 74
# suites 0
# pass 74
# fail 0
# cancelled 0
# skipped 0
# todo 0
# duration_ms 854.573257

STDERR:
