UTC: 2026-09-30T17:35:23.046691+00:00
COMMAND: ["npm", "run", "check:eos-package"]
EXIT: 0


> iobroker.eos-admin@7.10.10 precheck:eos-package
> npm run sync:eos-version && npm run prepare:eos-release-defaults && npm run clean:eos-runtime


> iobroker.eos-admin@7.10.10 sync:eos-version
> node tools/nexowatt-sync-release-version.cjs

[NexoWatt EOS version sync] OK (7.10.10; all release files match)

> iobroker.eos-admin@7.10.10 prepare:eos-release-defaults
> node tools/nexowatt-ensure-release-defaults.cjs

[NexoWatt EOS release defaults] OK (canonical sales defaults already present)

> iobroker.eos-admin@7.10.10 clean:eos-runtime
> node tools/nexowatt-clean-legacy-runtime.cjs

[NexoWatt EOS runtime cleanup] OK (runtime v84, shell v7109, removed 0 legacy files)

> iobroker.eos-admin@7.10.10 check:eos-package
> node tools/nexowatt-validate-package.cjs

[NexoWatt EOS package validation] OK

STDERR:
npm warn Unknown env config "http-proxy". This will stop working in the next major version of npm.
npm warn Unknown env config "http-proxy". This will stop working in the next major version of npm.
npm warn Unknown env config "http-proxy". This will stop working in the next major version of npm.
npm warn Unknown env config "http-proxy". This will stop working in the next major version of npm.
