✔ runtime and admin contain the same audited ABL eMH1 template (2.635786ms)
✔ ABL full-current and Icmax registers use the exact EVCC2/3 API addresses and scaling (0.470812ms)
✔ ABL live-current aliases compare per-phase current instead of summing amperes (58.170724ms)
✔ ABL live measurement aliases are actively reset on null, missing and offline input (10.807181ms)
✔ ABL current-limit command converts EOS amperes to exact vendor PWM values (2.6785ms)
✔ ABL pause/resume uses Icmax 100 percent and never the service-state register (3.692934ms)
✔ ABL 10 A vendor example is emitted as 16.6 percent / register 0x00A6 (12.579561ms)
✔ ABL wait command is emitted as 100 percent / register 0x03E8 (2.143691ms)
✔ ABL raw Icmax datapoint rejects values outside the documented 8..100 percent range (5.864417ms)
✔ ABL EVCC2/3 template declares the protocol-specific exact read requests (3.252007ms)
✔ ABL EVCC2/3 reads 0x0001/R2 and 0x0003/R1 separately instead of invalid 0x0001/R3 (15.068625ms)
✔ explicit read-request boundaries do not change normal grouping for untagged Modbus templates (3.719775ms)
✔ Admin MQTT Client-ID suggestions use the current instance and match runtime templates (87.22435ms)
✔ JSON Admin exposes fixed TESVOLT namespaces and starts with control disabled (19.487817ms)
✔ Alfen Mode 3 strings keep normal register order even when numeric word order is LE (6.161276ms)
✔ Alfen direct-address compatibility also decodes Mode 3 strings without numeric word reversal (1.16378ms)
✔ Alfen aliases distinguish EVSE availability from the actual vehicle/charging state (14.890376ms)
✔ runtime/admin templates are synchronized and ACE profiles are present (2.40086ms)
✔ socket profiles use the exact ACE protocol address, Unit-ID and mixed-endian layout (1.497103ms)
✔ socket current writes produce the exact Unit-ID + FC16 PDU bytes (9.584903ms)
✔ socket 2 writes the same register pair using Unit-ID 2 (1.052432ms)
✔ exception 2 on the official address retries the direct table address and caches it (2.682737ms)
✔ direct table-address compatibility detects MSW-first only when the safe-current probe proves it (0.888514ms)
✔ exception 3 never changes the Alfen register address (2.34101ms)
✔ phase and SCN control use the same exception-2-only compatibility fallback (1.800863ms)
✔ both rejected address layouts produce one actionable diagnostic (1.047304ms)
✔ station profile is a real SCN profile and writes all three phases atomically on Unit-ID 200 (1.976488ms)
✔ manual Alfen write rejections are no longer silently swallowed (2.207177ms)
✔ driver emits an exact accepted-write trace without claiming that ACE applied it (0.503301ms)
✔ Alias Contract v1 files are synchronized and every template declares an explicit device class (3.629368ms)
✔ all 195 templates satisfy the canonical path, type, role and unit contract (135.657185ms)
✔ the v1 namespace converts vendor units to W, Wh, A, V, °C, seconds, percent and Hz (1.227757ms)
✔ manufacturer-specific EV control semantics remain intact behind canonical aliases (0.895284ms)
✔ CHARGER and DC_CHARGER are solar chargers and can never appear as EV wallboxes (0.50255ms)
✔ dynamic TA CMI aliases are mirrored into canonical heat paths and refresh the manifest (94.024677ms)
✔ device initialization creates v1 objects, heartbeat states and machine-readable metadata (8.790231ms)
✔ CAN executable cannot come from configuration or PATH (2.012744ms)
✔ CAN interface cannot be a command option, path or compound argument (0.300324ms)
✔ CAN frames preserve classic, RTR and FD formats and reject malformed/range inputs (1.942447ms)
﹣ DEPower connector 1: alias -> FC16 4200 W -> FC3 readback and independently scaled energy counters (1.019702ms) # Run npm install for real Modbus TCP transport tests
﹣ DEPower connector 2: alias -> FC16 4200 W -> FC3 readback and independently scaled energy counters (0.272261ms) # Run npm install for real Modbus TCP transport tests
✔ DEYE offers exactly three preliminary RTU families, safe serial defaults and identical catalogues (129.615188ms)
✔ singlePhase: fixed addresses, signed values, LV/HV units, Wh counters and zero startup writes (11.271944ms)
✔ threePhaseLv: fixed addresses, signed values, LV/HV units, Wh counters and zero startup writes (2.952074ms)
✔ threePhaseHv: fixed addresses, signed values, LV/HV units, Wh counters and zero startup writes (2.253277ms)
✔ 32-bit boundary words, signed minimum and literal non-contiguous power registers (0.499515ms)
✔ family mismatch retires values and refuses configuration before any FC16 (1.619619ms)
✔ split-phase and PCS identifiers are not claimed as three-phase hybrid support (3.999978ms)
✔ confirmed units/signs enable single-input EOS power but never invent multiple-battery totals (11.192033ms)
✔ PV aggregate is unavailable for more than four MPPT inputs, not a partial total (4.616199ms)
✔ missing high word becomes unknown without truncation, old cache or address fallback (7.627845ms)
✔ optional battery-2 exception cannot poison mandatory battery-1 SOC (3.298958ms)
✔ core register errors, short frames and transport faults fail instead of pretending valid data (5.87923ms)
✔ four exact configuration register addresses per family; FC16 and readback only (17.493933ms)
✔ writes default locked; forged addresses, remote writes and invalid numeric values cannot escape allowlist (1.13074ms)
✔ device-rejected or ignored writes are never acknowledged or retried (4.269876ms)
✔ invalid identity/serial/address prevents all writes (1.063368ms)
✔ remote reads are opt-in, remain read-only and use signed 0.1 percent (9.385242ms)
✔ reset cancels queued and active transactions before any configuration write; next poll reconnects (7.609135ms)
✔ revoking opt-in while queued blocks configuration without a write (0.353264ms)
✔ runtime dispatches DEYE dedicated driver, keeps measured aliases read-only and full precision (19.149876ms)
✔ RTU defaults apply at runtime; an explicitly configured unit address and serial settings survive (1.398816ms)
✔ Admin auto-fills RTU defaults on selection and preserves saved serial configuration (3.936312ms)
✔ DEYE register tests run in a fresh checkout with real transport-module loading blocked (789.169201ms)
✔ technical Markdown documentation is publish-grouped under docs and local root notes cannot leak into the package (3.224195ms)
✔ all EVCS/EVSE templates receive the generic live-status refresh while other device classes stay change-only (3.342915ms)
✔ idle MENNEKES status and measurement aliases are re-published after every fresh 5 s snapshot even when values remain unchanged (27.626558ms)
✔ ABL idle zero values use the same generic EV-charger freshness path (3.834317ms)
✔ communication loss never fabricates a fresh power/status timestamp (1.905861ms)
✔ heartbeat online state is periodically refreshed only after real EV charger data (2.899088ms)
✔ FENECON ctrlBalancing0 datapoints are additive, synchronized and match the documented example block (3.198787ms)
✔ FENECON SetGridActivePower writes float32 watts at address 992 after component-ID verification (5.827181ms)
✔ FENECON movable-register safety blocks SetGridActivePower when address 890 is not ctrlBalancing0 (2.699442ms)
✔ FENECON grid target is exposed only via Alias Contract v1 and converts W to the raw kW command (10.290971ms)
✔ configured but missing-template or failed-start devices never report connected (84.546736ms)
✔ global indicator follows one online device, complete data loss and recovery (118.929395ms)
✔ disabled and stopped runtimes cannot make the aggregate online (72.232501ms)
✔ unload stops the timer and devices and leaves the global indicator offline (68.337512ms)
✔ unload waits for an in-flight online update before its final offline state (42.324999ms)
✔ an empty configuration starts offline without creating a refresh timer (39.724161ms)
✔ HTTP profile cannot disable peer verification and bounds resources (2.144152ms)
✔ private keys and excessive CA material are rejected (0.227023ms)
✔ deadline aborts the underlying pending request and returns only a fixed diagnostic (21.075929ms)
✔ failed request cannot propagate credential URLs or response data (0.720409ms)
✔ real HTTP transport accepts a complete response, blocks redirects and enforces body bound (75.512166ms)
✔ real trickling HTTP body is actively aborted by the total deadline (94.532025ms)
✔ Alias Contract v1 is additive: all 181 production templates remain unchanged and approved new templates are appended (107.171402ms)
✔ Alias Contract v1 does not rename, remove or alter any pre-existing aliases.* definition (178.316849ms)
✔ standard aliases are isolated below aliases.v1 and metadata below aliases.meta (68.990719ms)
✔ runtime contains no object-deletion migration for existing installations (7.429569ms)
✔ CHARGER/DC_CHARGER keep their old aliases while only v1 classifies them as solar chargers (0.984449ms)
✔ runtime/admin catalogs are identical and contain both V10.03 connector templates (3.732323ms)
✔ universal input-register map matches the supplied V10.03 workbook (1.12439ms)
✔ connector-specific maps use the exact 0x01xx and 0x02xx register blocks (0.889845ms)
✔ optional Charging SOC is isolated from SET_POWER so older firmware cannot suppress existing readback (6.316611ms)
✔ driver hints force zero-based protocol addresses without forcing a site-specific Unit-ID (0.446866ms)
✔ FC16 start/stop and 32-bit power writes produce exact register blocks (6.731889ms)
✔ DEPower control coordinator applies mode and power before re-arming a connector stuck in Prepare (2.570687ms)
✔ DEPower control coordinator preserves an existing station cap and does not interrupt active charging (1.36278ms)
✔ DEPower Stop remains a single explicit command without power or mode side effects (2.135098ms)
✔ unsafe or undocumented command values are rejected before Modbus transmission (3.343135ms)
✔ canonical run aliases map boolean commands to protocol values 1=start and 2=stop (12.740745ms)
✔ AC/DC status, current and safety aliases use the protocol state and gun type correctly (2.911697ms)
✔ DEPower charging SOC is exposed as a validated legacy and Alias Contract v1 datapoint (3.646704ms)
✔ energy aliases normalize the workbook 0.1 kWh counters to the v1 Wh contract (5.697615ms)
✔ a 4200 W command arriving during an in-flight 11000 W write remains queued and is not falsely acknowledged (44.657796ms)
✔ failed in-flight writes do not consume the retry budget or discard a newer power command (3.019145ms)
✔ DEPower polling does not acknowledge queued commands or fabricate an applied power limit (2.50662ms)
✔ DEPower diagnostics distinguish a missing EMS command from a station readback (1.419146ms)
✔ write queue acknowledges driver-adjusted values in both control alias namespaces (0.633288ms)
✔ concurrent DEPower power and stop commands keep complete control sequences in order (3.659563ms)
✔ DEPower counter resolutions are independent, validated and preserve sub-10 Wh precision (1.412075ms)
✔ DEPower returns the actual integer-W command for alias acknowledgement (1.847293ms)
✔ poll without usable measurements does not manufacture liveness: empty response (6.078751ms)
✔ poll without usable measurements does not manufacture liveness: undefined (0.798687ms)
✔ poll without usable measurements does not manufacture liveness: null (0.655291ms)
✔ poll without usable measurements does not manufacture liveness: NaN (0.503972ms)
✔ MQTT subscription diagnostic arriving during connect is not overwritten at startup (1.228828ms)
✔ MQTT diagnostic-only snapshots update aliases without clearing errors or fabricating liveness (1.202438ms)
✔ a valid zero measurement establishes liveness (1.966744ms)
✔ mqtt startup preserves a connection failure diagnostic (0.680519ms)
✔ canbus startup preserves a connection failure diagnostic (2.292146ms)
✔ detects only the Sungrow residential hybrid runtime (1.323752ms)
✔ enforces Sungrow one-second polling and separates writes from full polls (0.459064ms)
✔ priority feedback updates exact power without 500 W quantisation (1.703426ms)
✔ zero remains zero and is never replaced by a fallback (1.477073ms)
✔ negative charge feedback remains exact (0.340204ms)
✔ packaged Sungrow template keeps 0.5.133 direction mapping and one-second fast profile (107.731589ms)
✔ Sungrow fast datapoints form four register groups for a one-second TCP snapshot (24.219431ms)
✔ parses all CAN node and API group selection safely (2.288199ms)
✔ signed bridge encoding and channel map preserve engineering values (0.655612ms)
✔ CMI JSON API dynamically exposes values, designations and node metadata (8.31931ms)
✔ bidirectional Modbus bridge reads NexoWatt setpoints and accepts CMI feedback (4.114321ms)
✔ packaged TA CMI template is present and synchronized (136.629519ms)
✔ TESVOLT IoT Gateway MQTT V2 template is additive, synchronized and exposes documented topics (4.422436ms)
✔ custom Admin device dialog exposes fixed Client-ID, explicit transport/port, TLS and TESVOLT timing fields (1.191522ms)
✔ MQTT TLS configuration supports mqtts, certificate verification, custom CA and SNI (1.8782ms)
✔ MQTT connection diagnostics preserve the primary authorization rejection across close and heartbeat events (2.918373ms)
✔ MQTT fallback Client-ID is deterministic instead of changing randomly on every adapter restart (0.79381ms)
✔ MQTT driver processes every JSON datapoint sharing one topic instead of only the last one (5.071879ms)
✔ TESVOLT MQTT JSON topics update all fields, invert power sign and ignore older timestamps (3.858314ms)
✔ TESVOLT canonical ESS aliases expose SOC, signed power, split directions, limits and fault state (11.933454ms)
✔ TESVOLT active-power control publishes documented JSON with sign conversion and dynamic limit clamp (5.10528ms)
✔ TESVOLT non-zero control is gated by API, supported_control and fresh inverter/battery state; zero stays fail-safe (3.751893ms)
✔ TESVOLT power values fail safe to zero on stale data and MQTT heartbeat/offline handling (8.078255ms)
✔ TESVOLT event-driven snapshots update legacy and v1 storage aliases without polling (2.745972ms)
✔ TESVOLT runtime acknowledges the effective clamped value on direct and split power aliases (2.764891ms)
✔ TESVOLT cyclic control refreshes the full command and switches to 0 W when EOS command updates stop (2.655665ms)
✔ TESVOLT reconnect never resumes a cached non-zero command without a fresh EOS write (2.567953ms)
✔ TESVOLT setpoint feedback is derived from Measurements because the interface has no separate acknowledgement (2.686592ms)
✔ TESVOLT controlled disconnect sends a final full 0 W command (2.758151ms)
✔ generic MQTT writes keep the established client queue behaviour while TESVOLT groups require a live connection (0.845799ms)
✔ TESVOLT MQTT bootstrap subscribes the documented filters and publishes EMS identity retained (33.472053ms)
✔ TESVOLT wildcard subscription falls back to concrete V2 topics when the broker ACL rejects wildcards (0.861182ms)
✔ TESVOLT subscription denial is visible even when MQTT CONNACK succeeded (0.644344ms)
✔ TESVOLT precise subscription errors are not replaced by a secondary no-data warning (2.520101ms)
✔ TESVOLT topic discovery records evolving V2 topics while local publish echoes do not prove gateway telemetry (1.224382ms)
✔ MQTT protocol errors remain visible while transport connection stays true (1.470173ms)
✔ TESVOLT screenshot EMS topics populate raw values and existing EOS aliases without API V2 (5.113311ms)
✔ TESVOLT default and explicit monitoring modes never publish on bootstrap, zero, command, refresh or disconnect (2.101487ms)
✔ TESVOLT auto detection stays on one namespace and cannot activate control (1.166094ms)
✔ TESVOLT EMS command route preserves capability, restricted-state and dynamic-limit checks (5.553998ms)
✔ TESVOLT retained old telemetry, repeated timestamps, unknown topics and control echoes do not refresh liveness (5.923868ms)
✔ TESVOLT exact-topic fallback accepts readable EMS telemetry without requiring inaccessible V2 or optional metadata (8.866236ms)
✔ TESVOLT automatic format waits for live values and replays only metadata from the selected namespace (6.594552ms)
✔ TESVOLT missing or null State fields never apply fallback state codes or refresh liveness (2.135269ms)
✔ TESVOLT malformed supplied timestamps cannot make retained or live values fresh (2.080125ms)
✔ MQTT numeric JSON strings keep sign and scale; empty and structured values are rejected (5.256619ms)
✔ TESVOLT error metadata updates snapshots immediately without refreshing the heartbeat (15.610615ms)
✔ TESVOLT namespace changes clear direct limit aliases as well as raw cache entries (3.963193ms)
✔ MQTT refuses disabling TLS verification before any network connection (0.873681ms)
﹣ TESVOLT real MQTT transport receives screenshot EMS topics with wildcard subscription and publishes nothing (1.378785ms) # Run npm install for real MQTT transport tests
﹣ TESVOLT real MQTT transport receives screenshot EMS topics with exact-topic ACL fallback and publishes nothing (0.167093ms) # Run npm install for real MQTT transport tests
﹣ TESVOLT real MQTT transport sends EMS power commands with limits and full payload after explicit control setup (0.128695ms) # Run npm install for real MQTT transport tests
﹣ TESVOLT real MQTT automatic detection ignores stale V2 metadata before live EMS values (0.126071ms) # Run npm install for real MQTT transport tests
﹣ TESVOLT reconnect to a different namespace clears previous optional values and never replays commands (0.256057ms) # Run npm install for real MQTT transport tests
✔ TESVOLT complete JSON snapshots retain additional payload fields without changing scalar mappings (30.870488ms)
✔ TESVOLT raw-only telemetry remains inspectable without claiming live scalar data (1.479357ms)
✔ TESVOLT raw-only and null measurements cannot select the automatic topic namespace (1.292664ms)
✔ TESVOLT default client IDs distinguish ioBroker instances and retain explicit broker ACL IDs (0.986181ms)
✖ HTTP propagates a complete endpoint outage instead of returning healthy empty data (7.890941ms)
✔ HTTP retains successful measurements when one optional endpoint fails (2.663758ms)
✔ HTTP does not poll write-only commands or publish null and nonfinite measurements (1.922057ms)
✔ UDP serializes polling and simultaneous control writes on the reply socket (22.315823ms)
✔ UDP ignores responses from other endpoints (2.592379ms)
✔ UDP disconnect cancels pending and queued operations without sending stale commands (2.461732ms)
✔ UDP queue recovers after a timed out request (102.436091ms)
✔ extended read defaults on; engineering units, encrypted raw counter and frequency opt-in are distinct (16.091551ms)
✔ optional extension exception cannot poison adjacent public energy, capacity or grid power (7.539075ms)
✔ extension disable clears extension values and blocks writes without IO (4.389627ms)
✔ measurement, token, wrong-model and missing opt-in writes cannot address arbitrary registers (2.324926ms)
✔ UG and OG use live SF, correct signed FC6 and active countdown confirmation (8.7955ms)
✔ limit register echo without active countdown is not acknowledged as effective control (1.497073ms)
✔ UG/OG deadbands require a confirmed limit class and reject reversed signs (1.087554ms)
✔ Pextra authenticates every fresh command using documented CRC and timer, then verifies scaled target (5.369899ms)
✔ Pextra wrong response cannot reuse an old running timer or write a target (7.411152ms)
✔ Pextra legacy leading-zero formatting is explicit and never tried automatically (1.959433ms)
✔ missing timer or challenge fails Pextra before target write (3.704711ms)
✔ pulse PSP is percent with 0.1 percent precision; no absolute-power conversion or token write (1.242318ms)
✔ external PV values are visualization inputs in W and Wh with live SF and 10 Wh base (2.345186ms)
✔ frequency control requires activation opt-in, ready gate, live SF and explicit activation only (2.730699ms)
✔ frequency alive uses signed16 echo and independent mirror confirmation without retries (1.235107ms)
✔ extended SF writes have their separate opt-in and signed16 FC6; frequency SF remains gated (0.953812ms)
✔ unsupported identity, missing live SF and target rejection prevent physical commands (2.410374ms)
✔ invalid, unrepresentable and overflowing values do not wrap or trigger a write (2.090931ms)
✔ extended physical write failure or readback mismatch is never retried or redirected (1.323871ms)
✔ queued commands expire before any IO at the model-specific 30/60-second deadline (4.188944ms)
✔ command expiry and permission revocation during pacing block the actual FC6 (1.424875ms)
✔ public scale-factor permission is also rechecked after pacing immediately before FC6 (1.646911ms)
✔ bounded command queue rejects overload, stop and reset discard commands without replay (1.184511ms)
✔ stop during Pextra authentication never replays the target and clears no register automatically (8.212608ms)
✔ VARTA canonical limit alias writes negative native UG and acknowledges the positive EOS limit (13.194201ms)
✔ VARTA rejected control and invalid limit alias values cannot acquire a successful runtime acknowledgement (1.612769ms)
✔ VARTA special controls retain native semantics; absolute EOS capabilities remain absent (1.732549ms)
✔ VARTA template wire descriptions retain exact extended units and never add automatic control sequences (0.739408ms)
✔ VARTA Admin exposes and resets extended permissions with explicit frequency and token model gates (3.456276ms)
✔ VARTA extended matrix matches independent XLSX columns K:P for all eight profiles (2.303773ms)
✔ VARTA extended writable register whitelist excludes token and encrypted data (0.479535ms)
✔ VARTA Pextra CRC matches all four manufacturer vectors, including leading-zero challenge (0.618756ms)
✔ VARTA engineering encoding uses correct two-complement and unsigned ranges (1.213265ms)
✔ VARTA percentage and energy encoding preserves base units and decimal precision (0.572095ms)
✔ VARTA encoding rejects coercions, nonfinite values, invalid SF and unsupported writes (0.711716ms)
✔ VARTA aliases advertise only explicitly enabled controls and product-supported functions (1.615754ms)
✔ VARTA limit aliases map nonnegative limits and preserve native specialty control semantics (0.771657ms)
✔ VARTA catalogue contains eight independent model selections in runtime and both Admin UIs (73.212137ms)
✔ element: exact product matrix, full simulated read, rate limit and zero automatic writes (5.750595ms)
✔ oneL: exact product matrix, full simulated read, rate limit and zero automatic writes (1.992843ms)
✔ oneXL: exact product matrix, full simulated read, rate limit and zero automatic writes (1.254217ms)
✔ elementBackup: exact product matrix, full simulated read, rate limit and zero automatic writes (0.942415ms)
✔ pulse: exact product matrix, full simulated read, rate limit and zero automatic writes (0.928754ms)
✔ pulseNeo: exact product matrix, full simulated read, rate limit and zero automatic writes (0.957207ms)
✔ link: exact product matrix, full simulated read, rate limit and zero automatic writes (0.441397ms)
✔ flexStorage: exact product matrix, full simulated read, rate limit and zero automatic writes (1.435751ms)
✔ string16, signed 16-bit, unsigned low-word-first and maximum energy do not use global endian settings (0.571243ms)
✔ all nine live SF mappings, base 10 Wh capacity and 0.01 Hz frequency are applied independently (1.009417ms)
✔ each SF dependency is read even when only its measurement datapoint is requested (0.532956ms)
✔ missing SF does not fall back to zero or reuse a preceding successful value (2.673552ms)
✔ overflow, underflow and missing SF are null, never Infinity, NaN or fabricated zero (0.69475ms)
✔ unknown table version blocks interpretation and retires previously known measurements (0.596712ms)
✔ invalid SOC is null rather than clamped, scaled as a fraction or advertised as valid percent (0.46322ms)
✔ optional PV exception produces null; core errors, transport errors and short responses fail the poll (3.4091ms)
✔ all eight profiles have real monitoring aliases, correct signs and no fictitious power control or discharge counter (13.590069ms)
✔ six read-only profiles cannot write; SF opt-in defaults to locked and measurement registers always remain read-only (1.636474ms)
✔ each of the nine SFs uses an identity read, target probe, one exact FC6 write and matching readback (2.905223ms)
✔ invalid SF inputs cannot cause any request or wrap around (1.360046ms)
✔ wrong version, implausible serial or inaccessible target cannot lead to a write (0.638977ms)
✔ write rejection and readback mismatch are reported without retry, FC16 or address fallback (1.051149ms)
✔ successful SF write is used by the very next snapshot, never by a stale cache (0.865829ms)
✔ same host and different Unit-IDs share pacing and non-interleaving write transactions (0.580267ms)
✔ overlapping reads are coalesced and the SF write queue is bounded (2.181714ms)
✔ disconnect cancels pending operations and does not reconnect or replay queued SF changes (0.356439ms)
✔ custom Admin expert opt-in resets on model switch and is unavailable on read-only models (1.950569ms)
✔ unit ID recommendation is 255, 1..255 stays configurable, invalid IDs are rejected (0.629281ms)
✔ runtime transport-error recovery retains VARTA driver and reconnects on the next poll (1.373507ms)
✔ transport reset rejects old queued SF writes without replay, but permits a fresh poll (0.715132ms)
✔ capacity and its scale factor refresh together in the fast poll after an expert write (2.049529ms)
✔ actual pacing timer separates physical client calls by at least one second (1004.481491ms)
✔ runtime publishes SF precision without generic W rounding or guessed Hz correction (5.396212ms)
✔ runtime and admin contain the same Weidmüller CH-W-B template (2.900516ms)
✔ connection and safety hints match the vendor guide (0.276718ms)
✔ control registers use exact documented addresses and scaling (0.26487ms)
✔ 32-bit live values are decoded low-word-first without byte swapping (0.227925ms)
✔ scaled 0.1 A current writes round to the exact integer register value (0.875043ms)
✔ vendor low-word-first ASCII codec reproduces the documented RFID example (0.606056ms)
✔ MAC and IPv4 helper decoders preserve documented register layout (0.329198ms)
✔ Modbus driver reads low-word-first values and writes exact CH-W-B commands (11.776937ms)
✔ device runtime contains separate command and charger-side release alias paths (1.664607ms)
✔ release checks tolerate harmless files from an older Windows worktree without executing or publishing them (7599.52127ms)
✔ invalid Modbus writes are surfaced in info.lastError without rejecting the ioBroker state callback (12.150121ms)
✔ legacy and v1 ABL current aliases still target the same PWM datapoint and conversion (1.006272ms)
ℹ tests 270
ℹ suites 0
ℹ pass 262
ℹ fail 1
ℹ cancelled 0
ℹ skipped 7
ℹ todo 0
ℹ duration_ms 9168.022388

✖ failing tests:

test at test/transportImplementation.test.js:32:1
✖ HTTP propagates a complete endpoint outage instead of returning healthy empty data (7.890941ms)
  AssertionError [ERR_ASSERTION]: The validation function is expected to return "true". Received false
  
  Caught error:
  
  Error: EOS_HTTP_REQUEST_FAILED
      at async TestContext.<anonymous> (/workspace/scratch/6383b3161c96/EOS-integrated-test/components/devices/test/transportImplementation.test.js:35:3)
      at async Test.run (node:internal/test_runner/test:1389:7)
      at async startSubtestAfterBootstrap (node:internal/test_runner/harness:387:3) {
    generatedMessage: true,
    code: 'ERR_ASSERTION',
    actual: Error: EOS_HTTP_REQUEST_FAILED
        at requestWithDeadline (/workspace/scratch/6383b3161c96/EOS-integrated-test/components/devices/lib/httpSecurity.js:39:18),
    operator: 'rejects',
    diff: 'simple'
  }
