✔ runtime and admin contain the same audited ABL eMH1 template (12.428184ms)
✔ ABL full-current and Icmax registers use the exact EVCC2/3 API addresses and scaling (0.527288ms)
✔ ABL live-current aliases compare per-phase current instead of summing amperes (47.389113ms)
✔ ABL live measurement aliases are actively reset on null, missing and offline input (11.578189ms)
✔ ABL current-limit command converts EOS amperes to exact vendor PWM values (2.658209ms)
✔ ABL pause/resume uses Icmax 100 percent and never the service-state register (2.652251ms)
✔ ABL 10 A vendor example is emitted as 16.6 percent / register 0x00A6 (24.977341ms)
✔ ABL wait command is emitted as 100 percent / register 0x03E8 (3.656841ms)
✔ ABL raw Icmax datapoint rejects values outside the documented 8..100 percent range (4.141913ms)
✔ ABL EVCC2/3 template declares the protocol-specific exact read requests (1.462021ms)
✔ ABL EVCC2/3 reads 0x0001/R2 and 0x0003/R1 separately instead of invalid 0x0001/R3 (18.695362ms)
✔ explicit read-request boundaries do not change normal grouping for untagged Modbus templates (1.629334ms)
✔ Admin MQTT Client-ID suggestions use the current instance and match runtime templates (128.909405ms)
✔ JSON Admin exposes fixed TESVOLT namespaces and starts with control disabled (31.029995ms)
✔ Alfen Mode 3 strings keep normal register order even when numeric word order is LE (5.041704ms)
✔ Alfen direct-address compatibility also decodes Mode 3 strings without numeric word reversal (1.377753ms)
✔ Alfen aliases distinguish EVSE availability from the actual vehicle/charging state (10.644707ms)
✔ runtime/admin templates are synchronized and ACE profiles are present (6.507697ms)
✔ socket profiles use the exact ACE protocol address, Unit-ID and mixed-endian layout (0.860942ms)
✔ socket current writes produce the exact Unit-ID + FC16 PDU bytes (14.718917ms)
✔ socket 2 writes the same register pair using Unit-ID 2 (0.769814ms)
✔ exception 2 on the official address retries the direct table address and caches it (2.976772ms)
✔ direct table-address compatibility detects MSW-first only when the safe-current probe proves it (2.174869ms)
✔ exception 3 never changes the Alfen register address (5.94462ms)
✔ phase and SCN control use the same exception-2-only compatibility fallback (20.966802ms)
✔ both rejected address layouts produce one actionable diagnostic (6.022853ms)
✔ station profile is a real SCN profile and writes all three phases atomically on Unit-ID 200 (5.113883ms)
✔ manual Alfen write rejections are no longer silently swallowed (5.217761ms)
✔ driver emits an exact accepted-write trace without claiming that ACE applied it (0.625115ms)
✔ Alias Contract v1 files are synchronized and every template declares an explicit device class (3.691762ms)
✔ all 195 templates satisfy the canonical path, type, role and unit contract (123.382111ms)
✔ the v1 namespace converts vendor units to W, Wh, A, V, °C, seconds, percent and Hz (1.23684ms)
✔ manufacturer-specific EV control semantics remain intact behind canonical aliases (1.273255ms)
✔ CHARGER and DC_CHARGER are solar chargers and can never appear as EV wallboxes (1.366547ms)
✔ dynamic TA CMI aliases are mirrored into canonical heat paths and refresh the manifest (94.07945ms)
✔ device initialization creates v1 objects, heartbeat states and machine-readable metadata (11.966902ms)
✔ CAN executable cannot come from configuration or PATH (1.356351ms)
✔ CAN interface cannot be a command option, path or compound argument (0.628731ms)
✔ CAN frames preserve classic, RTR and FD formats and reject malformed/range inputs (0.573778ms)
✔ DEPower connector 1: alias -> FC16 4200 W -> FC3 readback and independently scaled energy counters (2352.783335ms)
✔ DEPower connector 2: alias -> FC16 4200 W -> FC3 readback and independently scaled energy counters (1972.376967ms)
✔ DEYE offers exactly three preliminary RTU families, safe serial defaults and identical catalogues (54.748728ms)
✔ singlePhase: fixed addresses, signed values, LV/HV units, Wh counters and zero startup writes (13.191968ms)
✔ threePhaseLv: fixed addresses, signed values, LV/HV units, Wh counters and zero startup writes (13.78073ms)
✔ threePhaseHv: fixed addresses, signed values, LV/HV units, Wh counters and zero startup writes (1.254046ms)
✔ 32-bit boundary words, signed minimum and literal non-contiguous power registers (0.419825ms)
✔ family mismatch retires values and refuses configuration before any FC16 (1.145162ms)
✔ split-phase and PCS identifiers are not claimed as three-phase hybrid support (4.188374ms)
✔ confirmed units/signs enable single-input EOS power but never invent multiple-battery totals (9.192912ms)
✔ PV aggregate is unavailable for more than four MPPT inputs, not a partial total (9.461082ms)
✔ missing high word becomes unknown without truncation, old cache or address fallback (8.342436ms)
✔ optional battery-2 exception cannot poison mandatory battery-1 SOC (3.611751ms)
✔ core register errors, short frames and transport faults fail instead of pretending valid data (5.304071ms)
✔ four exact configuration register addresses per family; FC16 and readback only (11.211215ms)
✔ writes default locked; forged addresses, remote writes and invalid numeric values cannot escape allowlist (1.659059ms)
✔ device-rejected or ignored writes are never acknowledged or retried (1.396943ms)
✔ invalid identity/serial/address prevents all writes (2.092864ms)
✔ remote reads are opt-in, remain read-only and use signed 0.1 percent (9.492786ms)
✔ reset cancels queued and active transactions before any configuration write; next poll reconnects (5.835304ms)
✔ revoking opt-in while queued blocks configuration without a write (0.487027ms)
✔ runtime dispatches DEYE dedicated driver, keeps measured aliases read-only and full precision (9.882945ms)
✔ RTU defaults apply at runtime; an explicitly configured unit address and serial settings survive (1.161697ms)
✔ Admin auto-fills RTU defaults on selection and preserves saved serial configuration (2.226337ms)
✔ DEYE register tests run in a fresh checkout with real transport-module loading blocked (627.467727ms)
✔ technical Markdown documentation is publish-grouped under docs and local root notes cannot leak into the package (3.717983ms)
✔ all EVCS/EVSE templates receive the generic live-status refresh while other device classes stay change-only (3.3788ms)
✔ idle MENNEKES status and measurement aliases are re-published after every fresh 5 s snapshot even when values remain unchanged (15.102958ms)
✔ ABL idle zero values use the same generic EV-charger freshness path (5.056927ms)
✔ communication loss never fabricates a fresh power/status timestamp (1.492807ms)
✔ heartbeat online state is periodically refreshed only after real EV charger data (6.02786ms)
✔ FENECON ctrlBalancing0 datapoints are additive, synchronized and match the documented example block (3.437097ms)
✔ FENECON SetGridActivePower writes float32 watts at address 992 after component-ID verification (7.377346ms)
✔ FENECON movable-register safety blocks SetGridActivePower when address 890 is not ctrlBalancing0 (2.04268ms)
✔ FENECON grid target is exposed only via Alias Contract v1 and converts W to the raw kW command (11.348676ms)
✔ configured but missing-template or failed-start devices never report connected (68.801273ms)
✔ global indicator follows one online device, complete data loss and recovery (62.487976ms)
✔ disabled and stopped runtimes cannot make the aggregate online (73.640851ms)
✔ unload stops the timer and devices and leaves the global indicator offline (40.37045ms)
✔ unload waits for an in-flight online update before its final offline state (57.895897ms)
✔ an empty configuration starts offline without creating a refresh timer (61.250544ms)
✔ HTTP profile cannot disable peer verification and bounds resources (5.532526ms)
✔ private keys and excessive CA material are rejected (0.286073ms)
✔ deadline aborts the underlying pending request and returns only a fixed diagnostic (22.656917ms)
✔ failed request cannot propagate credential URLs or response data (1.321489ms)
✔ real HTTP transport accepts a complete response, blocks redirects and enforces body bound (69.55911ms)
✔ real trickling HTTP body is actively aborted by the total deadline (95.361563ms)
✔ Alias Contract v1 is additive: all 181 production templates remain unchanged and approved new templates are appended (134.297002ms)
✔ Alias Contract v1 does not rename, remove or alter any pre-existing aliases.* definition (160.068499ms)
✔ standard aliases are isolated below aliases.v1 and metadata below aliases.meta (43.902295ms)
✔ runtime contains no object-deletion migration for existing installations (2.918213ms)
✔ CHARGER/DC_CHARGER keep their old aliases while only v1 classifies them as solar chargers (5.560959ms)
✔ runtime/admin catalogs are identical and contain both V10.03 connector templates (4.209506ms)
✔ universal input-register map matches the supplied V10.03 workbook (2.055528ms)
✔ connector-specific maps use the exact 0x01xx and 0x02xx register blocks (0.947453ms)
✔ optional Charging SOC is isolated from SET_POWER so older firmware cannot suppress existing readback (11.264199ms)
✔ driver hints force zero-based protocol addresses without forcing a site-specific Unit-ID (1.072862ms)
✔ FC16 start/stop and 32-bit power writes produce exact register blocks (8.89378ms)
✔ DEPower control coordinator applies mode and power before re-arming a connector stuck in Prepare (3.41845ms)
✔ DEPower control coordinator preserves an existing station cap and does not interrupt active charging (1.218562ms)
✔ DEPower Stop remains a single explicit command without power or mode side effects (0.658886ms)
✔ unsafe or undocumented command values are rejected before Modbus transmission (1.698839ms)
✔ canonical run aliases map boolean commands to protocol values 1=start and 2=stop (12.131816ms)
✔ AC/DC status, current and safety aliases use the protocol state and gun type correctly (2.892514ms)
✔ DEPower charging SOC is exposed as a validated legacy and Alias Contract v1 datapoint (2.294029ms)
✔ energy aliases normalize the workbook 0.1 kWh counters to the v1 Wh contract (1.508942ms)
✔ a 4200 W command arriving during an in-flight 11000 W write remains queued and is not falsely acknowledged (49.898467ms)
✔ failed in-flight writes do not consume the retry budget or discard a newer power command (2.864171ms)
✔ DEPower polling does not acknowledge queued commands or fabricate an applied power limit (9.371131ms)
✔ DEPower diagnostics distinguish a missing EMS command from a station readback (8.138246ms)
✔ write queue acknowledges driver-adjusted values in both control alias namespaces (1.949267ms)
✔ concurrent DEPower power and stop commands keep complete control sequences in order (11.146015ms)
✔ DEPower counter resolutions are independent, validated and preserve sub-10 Wh precision (5.71347ms)
✔ DEPower returns the actual integer-W command for alias acknowledgement (0.790165ms)
✔ poll without usable measurements does not manufacture liveness: empty response (16.669528ms)
✔ poll without usable measurements does not manufacture liveness: undefined (5.354588ms)
✔ poll without usable measurements does not manufacture liveness: null (0.750514ms)
✔ poll without usable measurements does not manufacture liveness: NaN (1.682424ms)
✔ MQTT subscription diagnostic arriving during connect is not overwritten at startup (2.863359ms)
✔ MQTT diagnostic-only snapshots update aliases without clearing errors or fabricating liveness (1.493489ms)
✔ a valid zero measurement establishes liveness (4.237908ms)
✔ mqtt startup preserves a connection failure diagnostic (3.714291ms)
✔ canbus startup preserves a connection failure diagnostic (0.990238ms)
✔ detects only the Sungrow residential hybrid runtime (1.267727ms)
✔ enforces Sungrow one-second polling and separates writes from full polls (0.696053ms)
✔ priority feedback updates exact power without 500 W quantisation (1.389411ms)
✔ zero remains zero and is never replaced by a fallback (0.512114ms)
✔ negative charge feedback remains exact (0.293143ms)
✔ packaged Sungrow template keeps 0.5.133 direction mapping and one-second fast profile (126.747365ms)
✔ Sungrow fast datapoints form four register groups for a one-second TCP snapshot (36.660589ms)
✔ parses all CAN node and API group selection safely (2.562139ms)
✔ signed bridge encoding and channel map preserve engineering values (1.363752ms)
✔ CMI JSON API dynamically exposes values, designations and node metadata (6.809007ms)
✔ bidirectional Modbus bridge reads NexoWatt setpoints and accepts CMI feedback (3.566603ms)
✔ packaged TA CMI template is present and synchronized (100.765991ms)
✔ TESVOLT IoT Gateway MQTT V2 template is additive, synchronized and exposes documented topics (4.803253ms)
✔ custom Admin device dialog exposes fixed Client-ID, explicit transport/port, TLS and TESVOLT timing fields (1.684818ms)
✔ MQTT TLS configuration supports mqtts, certificate verification, custom CA and SNI (2.05012ms)
✔ MQTT connection diagnostics preserve the primary authorization rejection across close and heartbeat events (5.057588ms)
✔ MQTT fallback Client-ID is deterministic instead of changing randomly on every adapter restart (1.039292ms)
✔ MQTT driver processes every JSON datapoint sharing one topic instead of only the last one (7.330244ms)
✔ TESVOLT MQTT JSON topics update all fields, invert power sign and ignore older timestamps (4.659957ms)
✔ TESVOLT canonical ESS aliases expose SOC, signed power, split directions, limits and fault state (18.381497ms)
✔ TESVOLT active-power control publishes documented JSON with sign conversion and dynamic limit clamp (11.89648ms)
✔ TESVOLT non-zero control is gated by API, supported_control and fresh inverter/battery state; zero stays fail-safe (9.223393ms)
✔ TESVOLT power values fail safe to zero on stale data and MQTT heartbeat/offline handling (9.25815ms)
✔ TESVOLT event-driven snapshots update legacy and v1 storage aliases without polling (4.068853ms)
✔ TESVOLT runtime acknowledges the effective clamped value on direct and split power aliases (3.889902ms)
✔ TESVOLT cyclic control refreshes the full command and switches to 0 W when EOS command updates stop (7.001988ms)
✔ TESVOLT reconnect never resumes a cached non-zero command without a fresh EOS write (4.518432ms)
✔ TESVOLT setpoint feedback is derived from Measurements because the interface has no separate acknowledgement (7.799255ms)
✔ TESVOLT controlled disconnect sends a final full 0 W command (10.652629ms)
✔ generic MQTT writes keep the established client queue behaviour while TESVOLT groups require a live connection (3.441174ms)
✔ TESVOLT MQTT bootstrap subscribes the documented filters and publishes EMS identity retained (40.927201ms)
✔ TESVOLT wildcard subscription falls back to concrete V2 topics when the broker ACL rejects wildcards (1.350893ms)
✔ TESVOLT subscription denial is visible even when MQTT CONNACK succeeded (1.047203ms)
✔ TESVOLT precise subscription errors are not replaced by a secondary no-data warning (13.62866ms)
✔ TESVOLT topic discovery records evolving V2 topics while local publish echoes do not prove gateway telemetry (3.394663ms)
✔ MQTT protocol errors remain visible while transport connection stays true (2.141969ms)
✔ TESVOLT screenshot EMS topics populate raw values and existing EOS aliases without API V2 (13.713327ms)
✔ TESVOLT default and explicit monitoring modes never publish on bootstrap, zero, command, refresh or disconnect (6.254417ms)
✔ TESVOLT auto detection stays on one namespace and cannot activate control (1.726781ms)
✔ TESVOLT EMS command route preserves capability, restricted-state and dynamic-limit checks (185.010096ms)
✔ TESVOLT retained old telemetry, repeated timestamps, unknown topics and control echoes do not refresh liveness (195.567241ms)
✔ TESVOLT exact-topic fallback accepts readable EMS telemetry without requiring inaccessible V2 or optional metadata (2.881026ms)
✔ TESVOLT automatic format waits for live values and replays only metadata from the selected namespace (3.095742ms)
✔ TESVOLT missing or null State fields never apply fallback state codes or refresh liveness (2.057361ms)
✔ TESVOLT malformed supplied timestamps cannot make retained or live values fresh (9.553668ms)
✔ MQTT numeric JSON strings keep sign and scale; empty and structured values are rejected (2.833936ms)
✔ TESVOLT error metadata updates snapshots immediately without refreshing the heartbeat (1.12464ms)
✔ TESVOLT namespace changes clear direct limit aliases as well as raw cache entries (4.427275ms)
✔ MQTT refuses disabling TLS verification before any network connection (2.332518ms)
✔ TESVOLT real MQTT transport receives screenshot EMS topics with wildcard subscription and publishes nothing (775.58634ms)
✔ TESVOLT real MQTT transport receives screenshot EMS topics with exact-topic ACL fallback and publishes nothing (235.978351ms)
✔ TESVOLT real MQTT transport sends EMS power commands with limits and full payload after explicit control setup (142.699588ms)
✔ TESVOLT real MQTT automatic detection ignores stale V2 metadata before live EMS values (55.903499ms)
✔ TESVOLT reconnect to a different namespace clears previous optional values and never replays commands (158.302328ms)
✔ TESVOLT complete JSON snapshots retain additional payload fields without changing scalar mappings (51.509829ms)
✔ TESVOLT raw-only telemetry remains inspectable without claiming live scalar data (2.924262ms)
✔ TESVOLT raw-only and null measurements cannot select the automatic topic namespace (2.979932ms)
✔ TESVOLT default client IDs distinguish ioBroker instances and retain explicit broker ACL IDs (2.443029ms)
✔ HTTP propagates a complete endpoint outage instead of returning healthy empty data (8.691574ms)
✔ HTTP retains successful measurements when one optional endpoint fails (7.285548ms)
✔ HTTP does not poll write-only commands or publish null and nonfinite measurements (1.914364ms)
✔ UDP serializes polling and simultaneous control writes on the reply socket (18.641309ms)
✔ UDP ignores responses from other endpoints (4.179591ms)
✔ UDP disconnect cancels pending and queued operations without sending stale commands (2.799453ms)
✔ UDP queue recovers after a timed out request (120.900399ms)
✔ extended read defaults on; engineering units, encrypted raw counter and frequency opt-in are distinct (9.565214ms)
✔ optional extension exception cannot poison adjacent public energy, capacity or grid power (18.697014ms)
✔ extension disable clears extension values and blocks writes without IO (2.947357ms)
✔ measurement, token, wrong-model and missing opt-in writes cannot address arbitrary registers (2.581524ms)
✔ UG and OG use live SF, correct signed FC6 and active countdown confirmation (5.508409ms)
✔ limit register echo without active countdown is not acknowledged as effective control (1.220075ms)
✔ UG/OG deadbands require a confirmed limit class and reject reversed signs (1.489262ms)
✔ Pextra authenticates every fresh command using documented CRC and timer, then verifies scaled target (3.022151ms)
✔ Pextra wrong response cannot reuse an old running timer or write a target (21.296676ms)
✔ Pextra legacy leading-zero formatting is explicit and never tried automatically (56.529274ms)
✔ missing timer or challenge fails Pextra before target write (81.82037ms)
✔ pulse PSP is percent with 0.1 percent precision; no absolute-power conversion or token write (77.921444ms)
✔ external PV values are visualization inputs in W and Wh with live SF and 10 Wh base (7.668647ms)
✔ frequency control requires activation opt-in, ready gate, live SF and explicit activation only (4.240503ms)
✔ frequency alive uses signed16 echo and independent mirror confirmation without retries (2.83092ms)
✔ extended SF writes have their separate opt-in and signed16 FC6; frequency SF remains gated (1.546118ms)
✔ unsupported identity, missing live SF and target rejection prevent physical commands (2.201028ms)
✔ invalid, unrepresentable and overflowing values do not wrap or trigger a write (3.943744ms)
✔ extended physical write failure or readback mismatch is never retried or redirected (1.905192ms)
✔ queued commands expire before any IO at the model-specific 30/60-second deadline (1.543073ms)
✔ command expiry and permission revocation during pacing block the actual FC6 (1.748224ms)
✔ public scale-factor permission is also rechecked after pacing immediately before FC6 (1.053683ms)
✔ bounded command queue rejects overload, stop and reset discard commands without replay (1.552758ms)
✔ stop during Pextra authentication never replays the target and clears no register automatically (2.049369ms)
✔ VARTA canonical limit alias writes negative native UG and acknowledges the positive EOS limit (31.923846ms)
✔ VARTA rejected control and invalid limit alias values cannot acquire a successful runtime acknowledgement (4.858817ms)
✔ VARTA special controls retain native semantics; absolute EOS capabilities remain absent (5.069477ms)
✔ VARTA template wire descriptions retain exact extended units and never add automatic control sequences (1.785149ms)
✔ VARTA Admin exposes and resets extended permissions with explicit frequency and token model gates (15.305034ms)
✔ VARTA extended matrix matches independent XLSX columns K:P for all eight profiles (236.291645ms)
✔ VARTA extended writable register whitelist excludes token and encrypted data (1.247436ms)
✔ VARTA Pextra CRC matches all four manufacturer vectors, including leading-zero challenge (1.199664ms)
✔ VARTA engineering encoding uses correct two-complement and unsigned ranges (1.982027ms)
✔ VARTA percentage and energy encoding preserves base units and decimal precision (2.981599ms)
✔ VARTA encoding rejects coercions, nonfinite values, invalid SF and unsupported writes (0.897046ms)
✔ VARTA aliases advertise only explicitly enabled controls and product-supported functions (1.99711ms)
✔ VARTA limit aliases map nonnegative limits and preserve native specialty control semantics (1.18316ms)
✔ VARTA catalogue contains eight independent model selections in runtime and both Admin UIs (63.147473ms)
✔ element: exact product matrix, full simulated read, rate limit and zero automatic writes (13.307143ms)
✔ oneL: exact product matrix, full simulated read, rate limit and zero automatic writes (3.981942ms)
✔ oneXL: exact product matrix, full simulated read, rate limit and zero automatic writes (3.445771ms)
✔ elementBackup: exact product matrix, full simulated read, rate limit and zero automatic writes (3.054298ms)
✔ pulse: exact product matrix, full simulated read, rate limit and zero automatic writes (1.066152ms)
✔ pulseNeo: exact product matrix, full simulated read, rate limit and zero automatic writes (1.253135ms)
✔ link: exact product matrix, full simulated read, rate limit and zero automatic writes (0.91256ms)
✔ flexStorage: exact product matrix, full simulated read, rate limit and zero automatic writes (2.373339ms)
✔ string16, signed 16-bit, unsigned low-word-first and maximum energy do not use global endian settings (1.255328ms)
✔ all nine live SF mappings, base 10 Wh capacity and 0.01 Hz frequency are applied independently (2.199476ms)
✔ each SF dependency is read even when only its measurement datapoint is requested (0.626427ms)
✔ missing SF does not fall back to zero or reuse a preceding successful value (1.877619ms)
✔ overflow, underflow and missing SF are null, never Infinity, NaN or fabricated zero (0.62184ms)
✔ unknown table version blocks interpretation and retires previously known measurements (0.714771ms)
✔ invalid SOC is null rather than clamped, scaled as a fraction or advertised as valid percent (0.49636ms)
✔ optional PV exception produces null; core errors, transport errors and short responses fail the poll (4.077766ms)
✔ all eight profiles have real monitoring aliases, correct signs and no fictitious power control or discharge counter (22.928938ms)
✔ six read-only profiles cannot write; SF opt-in defaults to locked and measurement registers always remain read-only (2.038302ms)
✔ each of the nine SFs uses an identity read, target probe, one exact FC6 write and matching readback (4.747098ms)
✔ invalid SF inputs cannot cause any request or wrap around (1.557626ms)
✔ wrong version, implausible serial or inaccessible target cannot lead to a write (0.725818ms)
✔ write rejection and readback mismatch are reported without retry, FC16 or address fallback (1.308859ms)
✔ successful SF write is used by the very next snapshot, never by a stale cache (1.942818ms)
✔ same host and different Unit-IDs share pacing and non-interleaving write transactions (0.92643ms)
✔ overlapping reads are coalesced and the SF write queue is bounded (2.740715ms)
✔ disconnect cancels pending operations and does not reconnect or replay queued SF changes (0.781632ms)
✔ custom Admin expert opt-in resets on model switch and is unavailable on read-only models (3.90853ms)
✔ unit ID recommendation is 255, 1..255 stays configurable, invalid IDs are rejected (2.494713ms)
✔ runtime transport-error recovery retains VARTA driver and reconnects on the next poll (1.946975ms)
✔ transport reset rejects old queued SF writes without replay, but permits a fresh poll (0.931419ms)
✔ capacity and its scale factor refresh together in the fast poll after an expert write (2.050021ms)
✔ actual pacing timer separates physical client calls by at least one second (1002.645067ms)
✔ runtime publishes SF precision without generic W rounding or guessed Hz correction (6.711099ms)
✔ runtime and admin contain the same Weidmüller CH-W-B template (2.830601ms)
✔ connection and safety hints match the vendor guide (0.443611ms)
✔ control registers use exact documented addresses and scaling (0.392824ms)
✔ 32-bit live values are decoded low-word-first without byte swapping (0.205822ms)
✔ scaled 0.1 A current writes round to the exact integer register value (3.208131ms)
✔ vendor low-word-first ASCII codec reproduces the documented RFID example (0.552155ms)
✔ MAC and IPv4 helper decoders preserve documented register layout (0.393575ms)
✔ Modbus driver reads low-word-first values and writes exact CH-W-B commands (11.438488ms)
✔ device runtime contains separate command and charger-side release alias paths (1.793202ms)
✔ release checks tolerate harmless files from an older Windows worktree without executing or publishing them (9168.716799ms)
✔ invalid Modbus writes are surfaced in info.lastError without rejecting the ioBroker state callback (16.815289ms)
✔ legacy and v1 ABL current aliases still target the same PWM datapoint and conversion (2.800215ms)
ℹ tests 270
ℹ suites 0
ℹ pass 270
ℹ fail 0
ℹ cancelled 0
ℹ skipped 0
ℹ todo 0
ℹ duration_ms 11520.498915
