TAP version 13
# Subtest: R6 baseline is exactly pinned to historical metadata/key; R7 uses a fresh sequence and path
ok 1 - R6 baseline is exactly pinned to historical metadata/key; R7 uses a fresh sequence and path
  ---
  duration_ms: 12.315865
  type: 'test'
  ...
# Subtest: all executable backend sources are explicitly mapped to the actual installed npm copies
ok 2 - all executable backend sources are explicitly mapped to the actual installed npm copies
  ---
  duration_ms: 13.403611
  type: 'test'
  ...
# Subtest: recovery transition pins identify actual retained R4 sequence 7 and public key
ok 3 - recovery transition pins identify actual retained R4 sequence 7 and public key
  ---
  duration_ms: 6.675141
  type: 'test'
  ...
# Subtest: R4 transition proof checks actual schema versions, admission and protected files without authorizing migration
ok 4 - R4 transition proof checks actual schema versions, admission and protected files without authorizing migration
  ---
  duration_ms: 1.127936
  type: 'test'
  ...
# Subtest: manufacturer builder rejects unsupported argument and target-repair interfaces
ok 5 - manufacturer builder rejects unsupported argument and target-repair interfaces
  ---
  duration_ms: 0.652551
  type: 'test'
  ...
# Subtest: exact app delta rejects hidden mutations, duplicate rows, additions and removals
ok 6 - exact app delta rejects hidden mutations, duplicate rows, additions and removals
  ---
  duration_ms: 0.309776
  type: 'test'
  ...
# Subtest: independent source binding requires both runtime and app copies plus exact host declarations
ok 7 - independent source binding requires both runtime and app copies plus exact host declarations
  ---
  duration_ms: 3.98865
  type: 'test'
  ...
# Subtest: complete payload comparison rejects altered executable modes, policy, inventory, SBOM and licenses
ok 8 - complete payload comparison rejects altered executable modes, policy, inventory, SBOM and licenses
  ---
  duration_ms: 0.909848
  type: 'test'
  ...
# Subtest: published delivery, proof report and checksum twins must equal recomputed trusted metadata
ok 9 - published delivery, proof report and checksum twins must equal recomputed trusted metadata
  ---
  duration_ms: 1.198242
  type: 'test'
  ...
# Subtest: backend derivative records actual changed tree and removes stale package archive identity
ok 10 - backend derivative records actual changed tree and removes stale package archive identity
  ---
  duration_ms: 5.317584
  type: 'test'
  ...
# Subtest: common-db PID derivative is inventoried independently of original controller transform pedigree
ok 11 - common-db PID derivative is inventoried independently of original controller transform pedigree
  ---
  duration_ms: 2.755144
  type: 'test'
  ...
# Subtest: root lock and installed package metadata cannot change in dependency-neutral R7
ok 12 - root lock and installed package metadata cannot change in dependency-neutral R7
  ---
  duration_ms: 3.832234
  type: 'test'
  ...
# Subtest: SBOM rejects additions, removals, nested dependencies and unrelated package changes
ok 13 - SBOM rejects additions, removals, nested dependencies and unrelated package changes
  ---
  duration_ms: 9.351426
  type: 'test'
  ...
# Subtest: SBOM preserves prior pedigree and rejects unbound source identities
ok 14 - SBOM preserves prior pedigree and rejects unbound source identities
  ---
  duration_ms: 2.989126
  type: 'test'
  ...
# Subtest: R7 recovery transport binds immutable commit, key, archive and exact test scope
ok 15 - R7 recovery transport binds immutable commit, key, archive and exact test scope
  ---
  duration_ms: 3.45053
  type: 'test'
  ...
# Subtest: malformed metadata, key substitution, old release and broad admission are rejected
ok 16 - malformed metadata, key substitution, old release and broad admission are rejected
  ---
  duration_ms: 1.881109
  type: 'test'
  ...
# Subtest: entry embeds exact reviewed extractors, authenticates assets, and supervises updater
ok 17 - entry embeds exact reviewed extractors, authenticates assets, and supervises updater
  ---
  duration_ms: 12.495956
  type: 'test'
  ...
# Subtest: outer one-line command checks protected root, complete size and digest before execution
ok 18 - outer one-line command checks protected root, complete size and digest before execution
  ---
  duration_ms: 4.172105
  type: 'test'
  ...
# Subtest: only a complete hash-matching download reaches the execution boundary
ok 19 - only a complete hash-matching download reaches the execution boundary
  ---
  duration_ms: 11.970786
  type: 'test'
  ...
# Subtest: download hash failure never reaches the execution boundary
ok 20 - download hash failure never reaches the execution boundary
  ---
  duration_ms: 12.946379
  type: 'test'
  ...
# Subtest: download size failure never reaches the execution boundary
ok 21 - download size failure never reaches the execution boundary
  ---
  duration_ms: 10.55739
  type: 'test'
  ...
# Subtest: download failure failure never reaches the execution boundary
ok 22 - download failure failure never reaches the execution boundary
  ---
  duration_ms: 5.070337
  type: 'test'
  ...
# Subtest: download symlink failure never reaches the execution boundary
ok 23 - download symlink failure never reaches the execution boundary
  ---
  duration_ms: 5.459713
  type: 'test'
  ...
# Subtest: download hardlink failure never reaches the execution boundary
ok 24 - download hardlink failure never reaches the execution boundary
  ---
  duration_ms: 10.525342
  type: 'test'
  ...
# Subtest: download refuses to overwrite existing data
ok 25 - download refuses to overwrite existing data
  ---
  duration_ms: 5.043917
  type: 'test'
  ...
# Subtest: embedded extractor works as packaged and rejects hash, traversal, links and existing output
ok 26 - embedded extractor works as packaged and rejects hash, traversal, links and existing output
  ---
  duration_ms: 334.294847
  type: 'test'
  ...
# Subtest: supervisor rejects absent/malformed invocation and clears inherited Node/Python options
ok 27 - supervisor rejects absent/malformed invocation and clears inherited Node/Python options
  ---
  duration_ms: 72.972354
  type: 'test'
  ...
# Subtest: all R4/R5/R6 release and key pins are forbidden as R7 target; only R4 is an accepted starting baseline
ok 28 - all R4/R5/R6 release and key pins are forbidden as R7 target; only R4 is an accepted starting baseline
  ---
  duration_ms: 0.75767
  type: 'test'
  ...
# Subtest: R7 recovery script selects only the new updater/output and preserves bounded checked TLS downloads
ok 29 - R7 recovery script selects only the new updater/output and preserves bounded checked TLS downloads
  ---
  duration_ms: 0.740043
  type: 'test'
  ...
# Subtest: entry refuses broad recovery scope and requires the actual signed helper bytes
ok 30 - entry refuses broad recovery scope and requires the actual signed helper bytes
  ---
  duration_ms: 6.551896
  type: 'test'
  ...
# Subtest: public readback accepts only byte-identical regular files and independently checked pins
ok 31 - public readback accepts only byte-identical regular files and independently checked pins
  ---
  duration_ms: 4.923055
  type: 'test'
  ...
# Subtest: publication permits only all three new entry files at the exact source commit
ok 32 - publication permits only all three new entry files at the exact source commit
  ---
  duration_ms: 39.448261
  type: 'test'
  ...
# Subtest: publication rejects an unrelated untracked file
ok 33 - publication rejects an unrelated untracked file
  ---
  duration_ms: 31.09717
  type: 'test'
  ...
# Subtest: publication rejects a staged source change
ok 34 - publication rejects a staged source change
  ---
  duration_ms: 35.347553
  type: 'test'
  ...
# Subtest: publication rejects missing generated files and local modification after staging
ok 35 - publication rejects missing generated files and local modification after staging
  ---
  duration_ms: 33.179653
  type: 'test'
  ...
# Subtest: publication rejects symlink entries rather than following them
ok 36 - publication rejects symlink entries rather than following them
  ---
  duration_ms: 34.331695
  type: 'test'
  ...
# Subtest: command report binds the committed entry and only the two new command files publish
ok 37 - command report binds the committed entry and only the two new command files publish
  ---
  duration_ms: 54.469897
  type: 'test'
  ...
# Subtest: command report rejects a mutable or mismatched command without writing evidence
ok 38 - command report rejects a mutable or mismatched command without writing evidence
  ---
  duration_ms: 38.704783
  type: 'test'
  ...
# Subtest: R7 recovery command requires full remote asset readback rather than a bare success flag
ok 39 - R7 recovery command requires full remote asset readback rather than a bare success flag
  ---
  duration_ms: 1.40244
  type: 'test'
  ...
# Subtest: R4: successful recovery creates completion after readiness and preserves existing config/old release
ok 40 - R4: successful recovery creates completion after readiness and preserves existing config/old release
  ---
  duration_ms: 24.248844
  type: 'test'
  ...
# Subtest: R4: completed first-start refuses before stage/stop and retains original lock
ok 41 - R4: completed first-start refuses before stage/stop and retains original lock
  ---
  duration_ms: 3.637692
  type: 'test'
  ...
# Subtest: R4: prior recovery refuses before stage/stop and retains original lock
ok 42 - R4: prior recovery refuses before stage/stop and retains original lock
  ---
  duration_ms: 2.321612
  type: 'test'
  ...
# Subtest: R4: R6 attempt refuses before stage/stop and retains original lock
ok 43 - R4: R6 attempt refuses before stage/stop and retains original lock
  ---
  duration_ms: 3.444951
  type: 'test'
  ...
# Subtest: R4: existing permit refuses before stage/stop and retains original lock
ok 44 - R4: existing permit refuses before stage/stop and retains original lock
  ---
  duration_ms: 2.83207
  type: 'test'
  ...
# Subtest: R4: foreign lock refuses before stage/stop and retains original lock
ok 45 - R4: foreign lock refuses before stage/stop and retains original lock
  ---
  duration_ms: 3.174846
  type: 'test'
  ...
# Subtest: R4: live old coordinator refuses before stage/stop and retains original lock
ok 46 - R4: live old coordinator refuses before stage/stop and retains original lock
  ---
  duration_ms: 4.456043
  type: 'test'
  ...
# Subtest: R4: wrong key pin refuses before stage/stop and retains original lock
ok 47 - R4: wrong key pin refuses before stage/stop and retains original lock
  ---
  duration_ms: 3.360986
  type: 'test'
  ...
# Subtest: R4: wrong release sequence refuses before stage/stop and retains original lock
ok 48 - R4: wrong release sequence refuses before stage/stop and retains original lock
  ---
  duration_ms: 4.087959
  type: 'test'
  ...
# Subtest: R4: installed unit drift refuses before stage/stop and retains original lock
ok 49 - R4: installed unit drift refuses before stage/stop and retains original lock
  ---
  duration_ms: 4.576704
  type: 'test'
  ...
# Subtest: R4: DB enrollment rejected refuses before stage/stop and retains original lock
ok 50 - R4: DB enrollment rejected refuses before stage/stop and retains original lock
  ---
  duration_ms: 4.363243
  type: 'test'
  ...
# Subtest: R4: active controller refuses before stage/stop and retains original lock
ok 51 - R4: active controller refuses before stage/stop and retains original lock
  ---
  duration_ms: 3.787507
  type: 'test'
  ...
# Subtest: R4: fault at stage retains locked stopped R4 and never reports success
ok 52 - R4: fault at stage retains locked stopped R4 and never reports success
  ---
  duration_ms: 5.137878
  type: 'test'
  ...
# Subtest: R4: fault at native retains locked stopped R4 and never reports success
ok 53 - R4: fault at native retains locked stopped R4 and never reports success
  ---
  duration_ms: 4.416493
  type: 'test'
  ...
# Subtest: R4: fault at readiness retains locked stopped R4 and never reports success
ok 54 - R4: fault at readiness retains locked stopped R4 and never reports success
  ---
  duration_ms: 9.093529
  type: 'test'
  ...
# Subtest: R4: fault at verify-live retains locked stopped R4 and never reports success
ok 55 - R4: fault at verify-live retains locked stopped R4 and never reports success
  ---
  duration_ms: 6.903434
  type: 'test'
  ...
# Subtest: R4: fault at enable nexowatt-eos.target retains locked stopped R4 and never reports success
ok 56 - R4: fault at enable nexowatt-eos.target retains locked stopped R4 and never reports success
  ---
  duration_ms: 7.54542
  type: 'test'
  ...
# Subtest: R4: fault at disable nexowatt-eos-setup.target retains locked stopped R4 and never reports success
ok 57 - R4: fault at disable nexowatt-eos-setup.target retains locked stopped R4 and never reports success
  ---
  duration_ms: 6.394077
  type: 'test'
  ...
# Subtest: R4: fault at ACTIVE-journal retains locked stopped R4 and never reports success
ok 58 - R4: fault at ACTIVE-journal retains locked stopped R4 and never reports success
  ---
  duration_ms: 6.54174
  type: 'test'
  ...
# Subtest: R4: exact completed DB bindings are required; pending or changed password/settings/UUID are rejected
ok 59 - R4: exact completed DB bindings are required; pending or changed password/settings/UUID are rejected
  ---
  duration_ms: 1.108437
  type: 'test'
  ...
# Subtest: R4: crash quiesce only revokes the owning R7 trial and still stops when revoke fails
ok 60 - R4: crash quiesce only revokes the owning R7 trial and still stops when revoke fails
  ---
  duration_ms: 0.489536
  type: 'test'
  ...
# Subtest: R4: read-only PostgreSQL snapshot requires TLS1.3 and issues only bounded SELECT inside read-only transaction
ok 61 - R4: read-only PostgreSQL snapshot requires TLS1.3 and issues only bounded SELECT inside read-only transaction
  ---
  duration_ms: 2.176955
  type: 'test'
  ...
# Subtest: R4: TLS downgrade rejects read-only snapshot and closes connection
ok 62 - R4: TLS downgrade rejects read-only snapshot and closes connection
  ---
  duration_ms: 2.652459
  type: 'test'
  ...
# Subtest: R4: untrusted peer rejects read-only snapshot and closes connection
ok 63 - R4: untrusted peer rejects read-only snapshot and closes connection
  ---
  duration_ms: 0.324718
  type: 'test'
  ...
# Subtest: R4: oversized query result rejects read-only snapshot and closes connection
ok 64 - R4: oversized query result rejects read-only snapshot and closes connection
  ---
  duration_ms: 0.282836
  type: 'test'
  ...
# Subtest: R4: SQL size guard rejection rejects read-only snapshot and closes connection
ok 65 - R4: SQL size guard rejection rejects read-only snapshot and closes connection
  ---
  duration_ms: 0.420222
  type: 'test'
  ...
# Subtest: R4: object/key mismatch rejects read-only snapshot and closes connection
ok 66 - R4: object/key mismatch rejects read-only snapshot and closes connection
  ---
  duration_ms: 0.388804
  type: 'test'
  ...
# Subtest: R4: foreign pointer during trial is not overwritten and remains stopped behind recovery gate
ok 67 - R4: foreign pointer during trial is not overwritten and remains stopped behind recovery gate
  ---
  duration_ms: 10.331921
  type: 'test'
  ...
# Subtest: R4: foreign completion appearing during trial is not deleted
ok 68 - R4: foreign completion appearing during trial is not deleted
  ---
  duration_ms: 8.275097
  type: 'test'
  ...
# Subtest: R4: foreign lock appearing during trial is not removed and its permit is not revoked
ok 69 - R4: foreign lock appearing during trial is not removed and its permit is not revoked
  ---
  duration_ms: 7.820843
  type: 'test'
  ...
# Subtest: R4: PostgreSQL emitted connection error is handled, bounded and never propagated with private details
ok 70 - R4: PostgreSQL emitted connection error is handled, bounded and never propagated with private details
  ---
  duration_ms: 0.802247
  type: 'test'
  ...
# Subtest: R4: dangling foreign permit is detected and never replaced
ok 71 - R4: dangling foreign permit is detected and never replaced
  ---
  duration_ms: 3.446224
  type: 'test'
  ...
1..71
# tests 71
# suites 0
# pass 71
# fail 0
# cancelled 0
# skipped 0
# todo 0
# duration_ms 609.872035
