✔ UI-AUTH: undefined / alte Auth-Flags=true: anonym gesperrt, Kunde bedient (117.403869ms)
✔ UI-AUTH: undefined / alte Auth-Flags=false: anonym gesperrt, Kunde bedient (32.040187ms)
✔ UI-AUTH: all / alte Auth-Flags=true: anonym gesperrt, Kunde bedient (30.809821ms)
✔ UI-AUTH: all / alte Auth-Flags=false: anonym gesperrt, Kunde bedient (25.603858ms)
✔ UI-AUTH: lan / alte Auth-Flags=true: anonym gesperrt, Kunde bedient (26.217075ms)
✔ UI-AUTH: lan / alte Auth-Flags=false: anonym gesperrt, Kunde bedient (23.307611ms)
✔ UI-AUTH: session / alte Auth-Flags=true: anonym gesperrt, Kunde bedient (24.19976ms)
✔ UI-AUTH: session / alte Auth-Flags=false: anonym gesperrt, Kunde bedient (32.331347ms)
✔ UI-AUTH: invalid / alte Auth-Flags=true: anonym gesperrt, Kunde bedient (26.541036ms)
✔ UI-AUTH: invalid / alte Auth-Flags=false: anonym gesperrt, Kunde bedient (30.485636ms)
✔ UI-AUTH: Kunden-Schreibfamilien verweigern vor jeder Handler-Wirkung (28.694927ms)
✔ UI-SESSION: group-removal widerruft eine echte angemeldete Admin-Sitzung (19.681733ms)
✔ UI-SESSION: group-disabled widerruft eine echte angemeldete Admin-Sitzung (18.808282ms)
✔ UI-SESSION: account-disabled widerruft eine echte angemeldete Admin-Sitzung (19.330121ms)
✔ UI-SESSION: account-deleted widerruft eine echte angemeldete Admin-Sitzung (23.699589ms)
✔ UI-SESSION: password-changed widerruft eine echte angemeldete Admin-Sitzung (16.344036ms)
✔ UI-SESSION: group-read-error widerruft eine echte angemeldete Admin-Sitzung (11.120737ms)
✔ UI-SESSION: account-read-error widerruft eine echte angemeldete Admin-Sitzung (10.356842ms)
✔ UI-SESSION: neue Gruppenrechte verlangen ebenfalls eine neue Anmeldung (11.719753ms)
✔ UI-SESSION: logout während laufender Kontoprüfung wird nicht rückgängig gemacht (9.725087ms)
✔ UI-SESSION: expiry während laufender Kontoprüfung wird nicht rückgängig gemacht (7.626432ms)
✔ UI-LOGIN: Typ-/Längenprüfung, falsche Passwörter, Rate-Limit und alte Bypass-Flags (58.803604ms)
✔ UI-LOGIN: Passwortänderung während Passwortprüfung erzeugt keine Sitzung (4.3842ms)
✔ UI-COOKIE: fehlerhafte/mehrdeutige Cookies verweigern; Server und gültige Sitzung bleiben nutzbar (54.458293ms)
✔ UI-COOKIE: Parser hat keinen Objekt-Prototyp und wirft bei beliebigen Header-Typen nicht (31.017745ms)
✔ UI-NETZ: Anmeldung besitzt keine LAN-/Tailscale-IP-Beschränkung (18.511754ms)
ℹ tests 26
ℹ suites 0
ℹ pass 26
ℹ fail 0
ℹ cancelled 0
ℹ skipped 0
ℹ todo 0
ℹ duration_ms 1157.56272
