test_pins_match_actual_archived_r2_manifest_signature_and_public_key (__main__.ArchivedPinTests.test_pins_match_actual_archived_r2_manifest_signature_and_public_key) ... ok
test_changed_login_shell_home_and_ids_rejected (__main__.GuardTests.test_changed_login_shell_home_and_ids_rejected) ... ok
test_check_is_default_and_never_mutates (__main__.GuardTests.test_check_is_default_and_never_mutates) ... ok
test_duplicate_json_keys_rejected (__main__.GuardTests.test_duplicate_json_keys_rejected) ... ok
test_exact_accounts_pass_in_all_rename_phases (__main__.GuardTests.test_exact_accounts_pass_in_all_rename_phases) ... ok
test_extra_account_group_or_supplementary_membership_rejected (__main__.GuardTests.test_extra_account_group_or_supplementary_membership_rejected) ... ok
test_failed_commands_and_stderr_are_not_accepted (__main__.GuardTests.test_failed_commands_and_stderr_are_not_accepted) ... ok
test_mounts_below_stage_and_stage_itself_rejected (__main__.GuardTests.test_mounts_below_stage_and_stage_itself_rejected) ... ok
test_native_evidence_is_preserved_as_non_hardware_test (__main__.GuardTests.test_native_evidence_is_preserved_as_non_hardware_test) ... ok
test_process_real_effective_saved_and_supplementary_ids_rejected (__main__.GuardTests.test_process_real_effective_saved_and_supplementary_ids_rejected) ... ok
test_recover_requires_exact_flag_and_passed_checks (__main__.GuardTests.test_recover_requires_exact_flag_and_passed_checks) ... ok
test_supported_debian_and_raspberry_pi_os_13_only (__main__.GuardTests.test_supported_debian_and_raspberry_pi_os_13_only) ... ok
test_unit_table_requires_complete_successful_rows_and_no_eos (__main__.GuardTests.test_unit_table_requires_complete_successful_rows_and_no_eos) ... ok
test_unlocked_shadow_and_uid_alias_rejected_without_secret_output (__main__.GuardTests.test_unlocked_shadow_and_uid_alias_rejected_without_secret_output) ... ok
test_unreadable_or_incomplete_process_table_rejected (__main__.GuardTests.test_unreadable_or_incomplete_process_table_rejected) ... ok
test_group_failure_leaves_original_account_and_staging_evidence (__main__.MutationTests.test_group_failure_leaves_original_account_and_staging_evidence) ... ok
test_journal_failure_prevents_following_account_mutations (__main__.MutationTests.test_journal_failure_prevents_following_account_mutations) ... ok
test_new_mount_stops_before_rename (__main__.MutationTests.test_new_mount_stops_before_rename) ... ok
test_process_detected_before_rename_preserves_original_tree (__main__.MutationTests.test_process_detected_before_rename_preserves_original_tree) ... ok
test_stage_identity_change_stops_before_rename (__main__.MutationTests.test_stage_identity_change_stops_before_rename) ... ok
test_success_preserves_files_uid_gid_and_renames_user_last (__main__.MutationTests.test_success_preserves_files_uid_gid_and_renames_user_last) ... ok
test_user_failure_keeps_original_account_and_exact_pending_step (__main__.MutationTests.test_user_failure_keeps_original_account_and_exact_pending_step) ... ok
test_changed_file_rejected (__main__.PayloadTests.test_changed_file_rejected) ... ok
test_directory_metadata_rejected (__main__.PayloadTests.test_directory_metadata_rejected) ... ok
test_exact_real_tree_contents_pass (__main__.PayloadTests.test_exact_real_tree_contents_pass) ... ok
test_exact_stage_layout_rejects_current_pointer (__main__.PayloadTests.test_exact_stage_layout_rejects_current_pointer) ... ok
test_extra_empty_directory_rejected (__main__.PayloadTests.test_extra_empty_directory_rejected) ... ok
test_extra_file_rejected (__main__.PayloadTests.test_extra_file_rejected) ... ok
test_manifest_paths_and_duplicate_entries_rejected (__main__.PayloadTests.test_manifest_paths_and_duplicate_entries_rejected) ... ok
test_manifest_profile_and_entry_types_rejected (__main__.PayloadTests.test_manifest_profile_and_entry_types_rejected) ... ok
test_missing_file_rejected (__main__.PayloadTests.test_missing_file_rejected) ... ok
test_mode_owner_group_link_and_filesystem_changes_rejected (__main__.PayloadTests.test_mode_owner_group_link_and_filesystem_changes_rejected) ... ok
test_unpinned_manifest_rejected_before_openssl_or_payload (__main__.PayloadTests.test_unpinned_manifest_rejected_before_openssl_or_payload) ... ok

----------------------------------------------------------------------
Ran 33 tests in 1.996s

OK
