test_all_downloads_are_fixed_bounded_and_hash_verified (__main__.HostPreparation.test_all_downloads_are_fixed_bounded_and_hash_verified) ... ok
test_apt_transactions_are_explicit_and_server_follows_cluster_suppression (__main__.HostPreparation.test_apt_transactions_are_explicit_and_server_follows_cluster_suppression) ... ok
test_config_requires_exact_three_assets_pinned_node_and_fixed_delivery (__main__.HostPreparation.test_config_requires_exact_three_assets_pinned_node_and_fixed_delivery) ... ok
test_download_origin_rejects_redirect_auth_traversal_and_url_parameters (__main__.HostPreparation.test_download_origin_rejects_redirect_auth_traversal_and_url_parameters) ... ok
test_existing_cluster_data_is_never_deleted_or_adopted (__main__.HostPreparation.test_existing_cluster_data_is_never_deleted_or_adopted) ... ok
test_existing_eos_data_aborts_before_commands_and_preserves_bytes (__main__.HostPreparation.test_existing_eos_data_aborts_before_commands_and_preserves_bytes) ... ok
test_failed_download_hash_precedes_all_extraction_and_host_mutations (__main__.HostPreparation.test_failed_download_hash_precedes_all_extraction_and_host_mutations) ... ok
test_node_extracts_only_fixed_regular_arm64_elf_member (__main__.HostPreparation.test_node_extracts_only_fixed_regular_arm64_elf_member) ... ok
test_official_sources_only_no_trust_bypass_or_custom_repositories (__main__.HostPreparation.test_official_sources_only_no_trust_bypass_or_custom_repositories) ... ok
test_ssh_environment_preserves_only_valid_connection_and_no_caller_overrides (__main__.HostPreparation.test_ssh_environment_preserves_only_valid_connection_and_no_caller_overrides) ... ok
test_stock_createcluster_preserved_and_only_effective_setting_disabled (__main__.HostPreparation.test_stock_createcluster_preserved_and_only_effective_setting_disabled) ... ok
test_unit_table_requires_successful_recognized_full_output (__main__.HostPreparation.test_unit_table_requires_successful_recognized_full_output) ... ok
test_zip_data_only_roundtrip_and_nothing_else_executed (__main__.HostPreparation.test_zip_data_only_roundtrip_and_nothing_else_executed) ... ok
test_zip_rejects_nul_names_before_python_truncation_can_hide_suffix (__main__.HostPreparation.test_zip_rejects_nul_names_before_python_truncation_can_hide_suffix) ... ok
test_zip_rejects_traversal_duplicates_links_types_collisions_before_writing (__main__.HostPreparation.test_zip_rejects_traversal_duplicates_links_types_collisions_before_writing) ... C:\Python314\Lib\zipfile\__init__.py:1708: UserWarning: Duplicate name: 'bootstrap.json'
  return self._open_to_write(zinfo, force_zip64=force_zip64)
ok

----------------------------------------------------------------------
Ran 15 tests in 0.324s

OK
