TAP version 13
# Subtest: fresh unit namespace uses a successful complete list, independent of systemd257 empty-pattern exit 1
ok 1 - fresh unit namespace uses a successful complete list, independent of systemd257 empty-pattern exit 1
  ---
  duration_ms: 50.5657
  type: 'test'
  ...
# Subtest: unit namespace rejects any existing EOS or ioBroker state even when protected paths are absent
ok 2 - unit namespace rejects any existing EOS or ioBroker state even when protected paths are absent
  ---
  duration_ms: 173.1572
  type: 'test'
  ...
# Subtest: unit namespace accepts full names, instances, escaped names and known C-locale table columns
ok 3 - unit namespace accepts full names, instances, escaped names and known C-locale table columns
  ---
  duration_ms: 72.4477
  type: 'test'
  ...
# Subtest: unit namespace rejects empty, malformed, incomplete or failed unit listings
ok 4 - unit namespace rejects empty, malformed, incomplete or failed unit listings
  ---
  duration_ms: 137.1723
  type: 'test'
  ...
1..4
# tests 4
# suites 0
# pass 4
# fail 0
# cancelled 0
# skipped 0
# todo 0
# duration_ms 607.4387
