npm warn Unknown env config "http-proxy". This will stop working in the next major version of npm.

> iobroker.nexowatt-devices@0.5.169 test
> node scripts/run-tests.cjs

✔ runtime and admin contain the same audited ABL eMH1 template (1.504606ms)
✔ ABL full-current and Icmax registers use the exact EVCC2/3 API addresses and scaling (0.285948ms)
✔ ABL live-current aliases compare per-phase current instead of summing amperes (28.747428ms)
✔ ABL live measurement aliases are actively reset on null, missing and offline input (4.962928ms)
✔ ABL current-limit command converts EOS amperes to exact vendor PWM values (1.391886ms)
✔ ABL pause/resume uses Icmax 100 percent and never the service-state register (2.242341ms)
✔ ABL 10 A vendor example is emitted as 16.6 percent / register 0x00A6 (13.096309ms)
✔ ABL wait command is emitted as 100 percent / register 0x03E8 (1.679517ms)
✔ ABL raw Icmax datapoint rejects values outside the documented 8..100 percent range (2.003212ms)
✔ ABL EVCC2/3 template declares the protocol-specific exact read requests (1.945967ms)
✔ ABL EVCC2/3 reads 0x0001/R2 and 0x0003/R1 separately instead of invalid 0x0001/R3 (11.832475ms)
✔ explicit read-request boundaries do not change normal grouping for untagged Modbus templates (4.724411ms)
✔ Admin MQTT Client-ID suggestions use the current instance and match runtime templates (44.825597ms)
✔ JSON Admin exposes fixed TESVOLT namespaces and starts with control disabled (8.603596ms)
✔ Alfen Mode 3 strings keep normal register order even when numeric word order is LE (4.609048ms)
✔ Alfen direct-address compatibility also decodes Mode 3 strings without numeric word reversal (0.86063ms)
✔ Alfen aliases distinguish EVSE availability from the actual vehicle/charging state (10.278065ms)
✔ runtime/admin templates are synchronized and ACE profiles are present (2.117794ms)
✔ socket profiles use the exact ACE protocol address, Unit-ID and mixed-endian layout (0.415783ms)
✔ socket current writes produce the exact Unit-ID + FC16 PDU bytes (7.649857ms)
✔ socket 2 writes the same register pair using Unit-ID 2 (0.798437ms)
✔ exception 2 on the official address retries the direct table address and caches it (1.802792ms)
✔ direct table-address compatibility detects MSW-first only when the safe-current probe proves it (0.816354ms)
✔ exception 3 never changes the Alfen register address (1.544224ms)
✔ phase and SCN control use the same exception-2-only compatibility fallback (3.806655ms)
✔ both rejected address layouts produce one actionable diagnostic (0.924886ms)
✔ station profile is a real SCN profile and writes all three phases atomically on Unit-ID 200 (1.456273ms)
✔ manual Alfen write rejections are no longer silently swallowed (1.772717ms)
✔ driver emits an exact accepted-write trace without claiming that ACE applied it (0.449003ms)
✔ Alias Contract v1 files are synchronized and every template declares an explicit device class (5.553664ms)
✔ all 195 templates satisfy the canonical path, type, role and unit contract (71.100168ms)
✔ the v1 namespace converts vendor units to W, Wh, A, V, °C, seconds, percent and Hz (0.841281ms)
✔ manufacturer-specific EV control semantics remain intact behind canonical aliases (0.596154ms)
✔ CHARGER and DC_CHARGER are solar chargers and can never appear as EV wallboxes (0.376664ms)
✔ dynamic TA CMI aliases are mirrored into canonical heat paths and refresh the manifest (93.373557ms)
✔ device initialization creates v1 objects, heartbeat states and machine-readable metadata (10.30795ms)
✔ CAN executable cannot come from configuration or PATH (1.347289ms)
✔ CAN interface cannot be a command option, path or compound argument (0.377816ms)
✔ CAN frames preserve classic, RTR and FD formats and reject malformed/range inputs (0.536164ms)
﹣ DEPower connector 1: alias -> FC16 4200 W -> FC3 readback and independently scaled energy counters (0.925587ms) # Run npm install for real Modbus TCP transport tests
﹣ DEPower connector 2: alias -> FC16 4200 W -> FC3 readback and independently scaled energy counters (0.184036ms) # Run npm install for real Modbus TCP transport tests
✔ DEYE offers exactly three preliminary RTU families, safe serial defaults and identical catalogues (44.424796ms)
✔ singlePhase: fixed addresses, signed values, LV/HV units, Wh counters and zero startup writes (7.986ms)
✔ threePhaseLv: fixed addresses, signed values, LV/HV units, Wh counters and zero startup writes (3.952424ms)
✔ threePhaseHv: fixed addresses, signed values, LV/HV units, Wh counters and zero startup writes (1.796603ms)
✔ 32-bit boundary words, signed minimum and literal non-contiguous power registers (0.409144ms)
✔ family mismatch retires values and refuses configuration before any FC16 (1.556543ms)
✔ split-phase and PCS identifiers are not claimed as three-phase hybrid support (5.504541ms)
✔ confirmed units/signs enable single-input EOS power but never invent multiple-battery totals (11.661369ms)
✔ PV aggregate is unavailable for more than four MPPT inputs, not a partial total (2.834068ms)
✔ missing high word becomes unknown without truncation, old cache or address fallback (4.581568ms)
✔ optional battery-2 exception cannot poison mandatory battery-1 SOC (1.673418ms)
✔ core register errors, short frames and transport faults fail instead of pretending valid data (1.893798ms)
✔ four exact configuration register addresses per family; FC16 and readback only (7.805479ms)
✔ writes default locked; forged addresses, remote writes and invalid numeric values cannot escape allowlist (0.914782ms)
✔ device-rejected or ignored writes are never acknowledged or retried (1.538796ms)
✔ invalid identity/serial/address prevents all writes (0.92039ms)
✔ remote reads are opt-in, remain read-only and use signed 0.1 percent (7.102476ms)
✔ reset cancels queued and active transactions before any configuration write; next poll reconnects (2.219787ms)
✔ revoking opt-in while queued blocks configuration without a write (0.316635ms)
✔ runtime dispatches DEYE dedicated driver, keeps measured aliases read-only and full precision (8.797556ms)
✔ RTU defaults apply at runtime; an explicitly configured unit address and serial settings survive (1.261241ms)
✔ Admin auto-fills RTU defaults on selection and preserves saved serial configuration (2.065697ms)
✔ DEYE register tests run in a fresh checkout with real transport-module loading blocked (348.682324ms)
✔ technical Markdown documentation is publish-grouped under docs and local root notes cannot leak into the package (2.659556ms)
✔ all EVCS/EVSE templates receive the generic live-status refresh while other device classes stay change-only (2.81595ms)
✔ idle MENNEKES status and measurement aliases are re-published after every fresh 5 s snapshot even when values remain unchanged (14.943818ms)
✔ ABL idle zero values use the same generic EV-charger freshness path (2.936792ms)
✔ communication loss never fabricates a fresh power/status timestamp (1.091776ms)
✔ heartbeat online state is periodically refreshed only after real EV charger data (1.382182ms)
✔ FENECON ctrlBalancing0 datapoints are additive, synchronized and match the documented example block (2.993371ms)
✔ FENECON SetGridActivePower writes float32 watts at address 992 after component-ID verification (6.350718ms)
✔ FENECON movable-register safety blocks SetGridActivePower when address 890 is not ctrlBalancing0 (3.881348ms)
✔ FENECON grid target is exposed only via Alias Contract v1 and converts W to the raw kW command (10.346278ms)
✔ configured but missing-template or failed-start devices never report connected (57.767454ms)
✔ global indicator follows one online device, complete data loss and recovery (37.18256ms)
✔ disabled and stopped runtimes cannot make the aggregate online (38.862313ms)
✔ unload stops the timer and devices and leaves the global indicator offline (32.186883ms)
✔ unload waits for an in-flight online update before its final offline state (30.53071ms)
✔ an empty configuration starts offline without creating a refresh timer (36.518209ms)
✔ HTTP profile cannot disable peer verification and bounds resources (1.455842ms)
✔ private keys and excessive CA material are rejected (0.203444ms)
✔ deadline aborts the underlying pending request and returns only a fixed diagnostic (21.414296ms)
✔ failed request cannot propagate credential URLs or response data (1.021871ms)
﹣ real HTTP transport accepts a complete response, blocks redirects and enforces body bound (0.107992ms) # axios dependency must be installed for transport acceptance
﹣ real trickling HTTP body is actively aborted by the total deadline (0.126269ms) # axios dependency must be installed for transport acceptance
✔ Alias Contract v1 is additive: all 181 production templates remain unchanged and approved new templates are appended (111.022495ms)
✔ Alias Contract v1 does not rename, remove or alter any pre-existing aliases.* definition (112.681231ms)
✔ standard aliases are isolated below aliases.v1 and metadata below aliases.meta (38.95018ms)
✔ runtime contains no object-deletion migration for existing installations (2.07488ms)
✔ CHARGER/DC_CHARGER keep their old aliases while only v1 classifies them as solar chargers (0.738056ms)
✔ actual runtime rejects uninitialized startup and writes without touching hardware (3.444123ms)
✔ raw and alias controls require current authorization; loss retains telemetry and clears queued intent (2.225026ms)
✔ an in-flight preparation cannot replay a prior epoch command after reauthorization (0.636915ms)
✔ Modbus checks authorization after its IO lock, before every actual register write (1.396894ms)
✔ MQTT cyclic publish is gated without disconnecting telemetry (0.791276ms)
✔ queued UDP control rechecks after asynchronous socket setup (1.057074ms)
✔ TA CMI outgoing registers require a fresh command after loss, incoming telemetry remains usable (1.472357ms)
✔ inventory aggregates immutable template classes across instances; unknowns and edits deny (3.171094ms)
✔ central Home authorization recovers, revocation denies, aggregate quantities reach the real client (2.873327ms)
✔ main entry starts once after central activation and retains diagnostics while unlicensed (39.081567ms)
✔ timed-out inventory reads remain single-flight and cannot reopen a stopped guard (2001.519085ms)
✔ a valid central lease expires at the actual write boundary (36.961024ms)
✔ shared Modbus Rtu bus rechecks the originating instance after its queue (1.164563ms)
✔ shared Modbus Ascii bus rechecks the originating instance after its queue (0.909953ms)
✔ runtime/admin catalogs are identical and contain both V10.03 connector templates (2.593808ms)
✔ universal input-register map matches the supplied V10.03 workbook (0.64701ms)
✔ connector-specific maps use the exact 0x01xx and 0x02xx register blocks (0.541371ms)
✔ optional Charging SOC is isolated from SET_POWER so older firmware cannot suppress existing readback (3.023171ms)
✔ driver hints force zero-based protocol addresses without forcing a site-specific Unit-ID (0.345538ms)
✔ FC16 start/stop and 32-bit power writes produce exact register blocks (3.525775ms)
✔ DEPower control coordinator applies mode and power before re-arming a connector stuck in Prepare (1.649132ms)
✔ DEPower control coordinator preserves an existing station cap and does not interrupt active charging (0.48061ms)
✔ DEPower Stop remains a single explicit command without power or mode side effects (0.376314ms)
✔ unsafe or undocumented command values are rejected before Modbus transmission (1.192237ms)
✔ canonical run aliases map boolean commands to protocol values 1=start and 2=stop (6.523958ms)
✔ AC/DC status, current and safety aliases use the protocol state and gun type correctly (0.770084ms)
✔ DEPower charging SOC is exposed as a validated legacy and Alias Contract v1 datapoint (1.018226ms)
✔ energy aliases normalize the workbook 0.1 kWh counters to the v1 Wh contract (1.249863ms)
✔ a 4200 W command arriving during an in-flight 11000 W write remains queued and is not falsely acknowledged (16.129636ms)
✔ failed in-flight writes do not consume the retry budget or discard a newer power command (3.477432ms)
✔ DEPower polling does not acknowledge queued commands or fabricate an applied power limit (1.84153ms)
✔ DEPower diagnostics distinguish a missing EMS command from a station readback (2.362912ms)
✔ write queue acknowledges driver-adjusted values in both control alias namespaces (0.525608ms)
✔ concurrent DEPower power and stop commands keep complete control sequences in order (1.586127ms)
✔ DEPower counter resolutions are independent, validated and preserve sub-10 Wh precision (1.086148ms)
✔ DEPower returns the actual integer-W command for alias acknowledgement (0.532388ms)
✔ poll without usable measurements does not manufacture liveness: empty response (9.546369ms)
✔ poll without usable measurements does not manufacture liveness: undefined (0.796915ms)
✔ poll without usable measurements does not manufacture liveness: null (0.639429ms)
✔ poll without usable measurements does not manufacture liveness: NaN (0.526399ms)
✔ MQTT subscription diagnostic arriving during connect is not overwritten at startup (0.818877ms)
✔ MQTT diagnostic-only snapshots update aliases without clearing errors or fabricating liveness (1.161842ms)
✔ a valid zero measurement establishes liveness (3.022651ms)
✔ mqtt startup preserves a connection failure diagnostic (0.696584ms)
✔ canbus startup preserves a connection failure diagnostic (0.432478ms)
✔ detects only the Sungrow residential hybrid runtime (1.65468ms)
✔ enforces Sungrow one-second polling and separates writes from full polls (0.251296ms)
✔ priority feedback updates exact power without 500 W quantisation (1.041261ms)
✔ zero remains zero and is never replaced by a fallback (2.344103ms)
✔ negative charge feedback remains exact (0.202774ms)
✔ packaged Sungrow template keeps 0.5.133 direction mapping and one-second fast profile (83.036288ms)
✔ Sungrow fast datapoints form four register groups for a one-second TCP snapshot (28.066087ms)
✔ parses all CAN node and API group selection safely (1.839978ms)
✔ signed bridge encoding and channel map preserve engineering values (0.809103ms)
✔ CMI JSON API dynamically exposes values, designations and node metadata (9.932808ms)
✔ bidirectional Modbus bridge reads NexoWatt setpoints and accepts CMI feedback (2.282842ms)
✔ packaged TA CMI template is present and synchronized (66.494444ms)
✔ TESVOLT IoT Gateway MQTT V2 template is additive, synchronized and exposes documented topics (2.583452ms)
✔ custom Admin device dialog exposes fixed Client-ID, explicit transport/port, TLS and TESVOLT timing fields (0.837525ms)
✔ MQTT TLS configuration supports mqtts, certificate verification, custom CA and SNI (1.33485ms)
✔ MQTT connection diagnostics preserve the primary authorization rejection across close and heartbeat events (2.000449ms)
✔ MQTT fallback Client-ID is deterministic instead of changing randomly on every adapter restart (0.535883ms)
✔ MQTT driver processes every JSON datapoint sharing one topic instead of only the last one (4.944501ms)
✔ TESVOLT MQTT JSON topics update all fields, invert power sign and ignore older timestamps (2.512076ms)
✔ TESVOLT canonical ESS aliases expose SOC, signed power, split directions, limits and fault state (7.168424ms)
✔ TESVOLT active-power control publishes documented JSON with sign conversion and dynamic limit clamp (3.358664ms)
✔ TESVOLT non-zero control is gated by API, supported_control and fresh inverter/battery state; zero stays fail-safe (6.682136ms)
✔ TESVOLT power values fail safe to zero on stale data and MQTT heartbeat/offline handling (1.000179ms)
✔ TESVOLT event-driven snapshots update legacy and v1 storage aliases without polling (1.920929ms)
✔ TESVOLT runtime acknowledges the effective clamped value on direct and split power aliases (1.852056ms)
✔ TESVOLT cyclic control refreshes the full command and switches to 0 W when EOS command updates stop (3.864723ms)
✔ TESVOLT reconnect never resumes a cached non-zero command without a fresh EOS write (1.720279ms)
✔ TESVOLT setpoint feedback is derived from Measurements because the interface has no separate acknowledgement (1.83491ms)
✔ TESVOLT controlled disconnect sends a final full 0 W command (1.886177ms)
✔ generic MQTT writes keep the established client queue behaviour while TESVOLT groups require a live connection (4.760535ms)
✔ TESVOLT MQTT bootstrap subscribes the documented filters and publishes EMS identity retained (14.195566ms)
✔ TESVOLT wildcard subscription falls back to concrete V2 topics when the broker ACL rejects wildcards (0.747921ms)
✔ TESVOLT subscription denial is visible even when MQTT CONNACK succeeded (0.835102ms)
✔ TESVOLT precise subscription errors are not replaced by a secondary no-data warning (1.839297ms)
✔ TESVOLT topic discovery records evolving V2 topics while local publish echoes do not prove gateway telemetry (0.931857ms)
✔ MQTT protocol errors remain visible while transport connection stays true (0.768292ms)
✔ TESVOLT screenshot EMS topics populate raw values and existing EOS aliases without API V2 (14.723839ms)
✔ TESVOLT default and explicit monitoring modes never publish on bootstrap, zero, command, refresh or disconnect (2.778094ms)
✔ TESVOLT auto detection stays on one namespace and cannot activate control (1.066038ms)
✔ TESVOLT EMS command route preserves capability, restricted-state and dynamic-limit checks (5.705256ms)
✔ TESVOLT retained old telemetry, repeated timestamps, unknown topics and control echoes do not refresh liveness (8.148008ms)
✔ TESVOLT exact-topic fallback accepts readable EMS telemetry without requiring inaccessible V2 or optional metadata (1.817383ms)
✔ TESVOLT automatic format waits for live values and replays only metadata from the selected namespace (2.291355ms)
✔ TESVOLT missing or null State fields never apply fallback state codes or refresh liveness (1.866438ms)
✔ TESVOLT malformed supplied timestamps cannot make retained or live values fresh (0.948381ms)
✔ MQTT numeric JSON strings keep sign and scale; empty and structured values are rejected (1.935571ms)
✔ TESVOLT error metadata updates snapshots immediately without refreshing the heartbeat (1.042833ms)
✔ TESVOLT namespace changes clear direct limit aliases as well as raw cache entries (3.39648ms)
✔ MQTT refuses disabling TLS verification before any network connection (0.662634ms)
﹣ TESVOLT real MQTT transport receives screenshot EMS topics with wildcard subscription and publishes nothing (0.99382ms) # Run npm install for real MQTT transport tests
﹣ TESVOLT real MQTT transport receives screenshot EMS topics with exact-topic ACL fallback and publishes nothing (0.231698ms) # Run npm install for real MQTT transport tests
﹣ TESVOLT real MQTT transport sends EMS power commands with limits and full payload after explicit control setup (0.150325ms) # Run npm install for real MQTT transport tests
﹣ TESVOLT real MQTT automatic detection ignores stale V2 metadata before live EMS values (0.127381ms) # Run npm install for real MQTT transport tests
﹣ TESVOLT reconnect to a different namespace clears previous optional values and never replays commands (0.221842ms) # Run npm install for real MQTT transport tests
✔ TESVOLT complete JSON snapshots retain additional payload fields without changing scalar mappings (15.524479ms)
✔ TESVOLT raw-only telemetry remains inspectable without claiming live scalar data (0.773379ms)
✔ TESVOLT raw-only and null measurements cannot select the automatic topic namespace (0.701631ms)
✔ TESVOLT default client IDs distinguish ioBroker instances and retain explicit broker ACL IDs (0.782633ms)
✔ HTTP propagates a complete endpoint outage instead of returning healthy empty data (7.138389ms)
✔ HTTP retains successful measurements when one optional endpoint fails (2.080859ms)
✔ HTTP does not poll write-only commands or publish null and nonfinite measurements (1.161621ms)
✔ UDP serializes polling and simultaneous control writes on the reply socket (10.56833ms)
✔ UDP ignores responses from other endpoints (2.085135ms)
✔ UDP disconnect cancels pending and queued operations without sending stale commands (1.74146ms)
✔ UDP queue recovers after a timed out request (100.949401ms)
✔ extended read defaults on; engineering units, encrypted raw counter and frequency opt-in are distinct (10.520078ms)
✔ optional extension exception cannot poison adjacent public energy, capacity or grid power (1.524035ms)
✔ extension disable clears extension values and blocks writes without IO (2.266412ms)
✔ measurement, token, wrong-model and missing opt-in writes cannot address arbitrary registers (0.635543ms)
✔ UG and OG use live SF, correct signed FC6 and active countdown confirmation (5.734987ms)
✔ limit register echo without active countdown is not acknowledged as effective control (0.603154ms)
✔ UG/OG deadbands require a confirmed limit class and reject reversed signs (1.023685ms)
✔ Pextra authenticates every fresh command using documented CRC and timer, then verifies scaled target (1.412327ms)
✔ Pextra wrong response cannot reuse an old running timer or write a target (1.293358ms)
✔ Pextra legacy leading-zero formatting is explicit and never tried automatically (1.489643ms)
✔ missing timer or challenge fails Pextra before target write (1.11415ms)
✔ pulse PSP is percent with 0.1 percent precision; no absolute-power conversion or token write (0.954009ms)
✔ external PV values are visualization inputs in W and Wh with live SF and 10 Wh base (1.656863ms)
✔ frequency control requires activation opt-in, ready gate, live SF and explicit activation only (1.828451ms)
✔ frequency alive uses signed16 echo and independent mirror confirmation without retries (0.753169ms)
✔ extended SF writes have their separate opt-in and signed16 FC6; frequency SF remains gated (0.697896ms)
✔ unsupported identity, missing live SF and target rejection prevent physical commands (0.898988ms)
✔ invalid, unrepresentable and overflowing values do not wrap or trigger a write (1.719397ms)
✔ extended physical write failure or readback mismatch is never retried or redirected (1.372087ms)
✔ queued commands expire before any IO at the model-specific 30/60-second deadline (0.964987ms)
✔ command expiry and permission revocation during pacing block the actual FC6 (0.919277ms)
✔ public scale-factor permission is also rechecked after pacing immediately before FC6 (0.455764ms)
✔ bounded command queue rejects overload, stop and reset discard commands without replay (0.635212ms)
✔ stop during Pextra authentication never replays the target and clears no register automatically (0.775072ms)
✔ VARTA canonical limit alias writes negative native UG and acknowledges the positive EOS limit (8.317396ms)
✔ VARTA rejected control and invalid limit alias values cannot acquire a successful runtime acknowledgement (1.164685ms)
✔ VARTA special controls retain native semantics; absolute EOS capabilities remain absent (1.333218ms)
✔ VARTA template wire descriptions retain exact extended units and never add automatic control sequences (0.793319ms)
✔ VARTA Admin exposes and resets extended permissions with explicit frequency and token model gates (4.403771ms)
✔ VARTA extended matrix matches independent XLSX columns K:P for all eight profiles (3.883301ms)
✔ VARTA extended writable register whitelist excludes token and encrypted data (0.401082ms)
✔ VARTA Pextra CRC matches all four manufacturer vectors, including leading-zero challenge (0.64749ms)
✔ VARTA engineering encoding uses correct two-complement and unsigned ranges (1.188821ms)
✔ VARTA percentage and energy encoding preserves base units and decimal precision (0.591677ms)
✔ VARTA encoding rejects coercions, nonfinite values, invalid SF and unsupported writes (0.488202ms)
✔ VARTA aliases advertise only explicitly enabled controls and product-supported functions (3.035149ms)
✔ VARTA limit aliases map nonnegative limits and preserve native specialty control semantics (0.890334ms)
✔ VARTA catalogue contains eight independent model selections in runtime and both Admin UIs (48.223924ms)
✔ element: exact product matrix, full simulated read, rate limit and zero automatic writes (4.611732ms)
✔ oneL: exact product matrix, full simulated read, rate limit and zero automatic writes (1.456413ms)
✔ oneXL: exact product matrix, full simulated read, rate limit and zero automatic writes (0.879329ms)
✔ elementBackup: exact product matrix, full simulated read, rate limit and zero automatic writes (0.857115ms)
✔ pulse: exact product matrix, full simulated read, rate limit and zero automatic writes (1.083775ms)
✔ pulseNeo: exact product matrix, full simulated read, rate limit and zero automatic writes (0.915763ms)
✔ link: exact product matrix, full simulated read, rate limit and zero automatic writes (0.432348ms)
✔ flexStorage: exact product matrix, full simulated read, rate limit and zero automatic writes (0.874491ms)
✔ string16, signed 16-bit, unsigned low-word-first and maximum energy do not use global endian settings (0.720409ms)
✔ all nine live SF mappings, base 10 Wh capacity and 0.01 Hz frequency are applied independently (4.101567ms)
✔ each SF dependency is read even when only its measurement datapoint is requested (0.466049ms)
✔ missing SF does not fall back to zero or reuse a preceding successful value (1.182853ms)
✔ overflow, underflow and missing SF are null, never Infinity, NaN or fabricated zero (0.326439ms)
✔ unknown table version blocks interpretation and retires previously known measurements (0.537365ms)
✔ invalid SOC is null rather than clamped, scaled as a fraction or advertised as valid percent (0.582203ms)
✔ optional PV exception produces null; core errors, transport errors and short responses fail the poll (2.280568ms)
✔ all eight profiles have real monitoring aliases, correct signs and no fictitious power control or discharge counter (12.97678ms)
✔ six read-only profiles cannot write; SF opt-in defaults to locked and measurement registers always remain read-only (1.762091ms)
✔ each of the nine SFs uses an identity read, target probe, one exact FC6 write and matching readback (7.347974ms)
✔ invalid SF inputs cannot cause any request or wrap around (1.573389ms)
✔ wrong version, implausible serial or inaccessible target cannot lead to a write (0.659298ms)
✔ write rejection and readback mismatch are reported without retry, FC16 or address fallback (0.93429ms)
✔ successful SF write is used by the very next snapshot, never by a stale cache (0.757455ms)
✔ same host and different Unit-IDs share pacing and non-interleaving write transactions (0.555532ms)
✔ overlapping reads are coalesced and the SF write queue is bounded (1.206558ms)
✔ disconnect cancels pending operations and does not reconnect or replay queued SF changes (0.308211ms)
✔ custom Admin expert opt-in resets on model switch and is unavailable on read-only models (1.925193ms)
✔ unit ID recommendation is 255, 1..255 stays configurable, invalid IDs are rejected (0.693648ms)
✔ runtime transport-error recovery retains VARTA driver and reconnects on the next poll (0.974009ms)
✔ transport reset rejects old queued SF writes without replay, but permits a fresh poll (0.856232ms)
✔ capacity and its scale factor refresh together in the fast poll after an expert write (1.284543ms)
✔ actual pacing timer separates physical client calls by at least one second (1002.290937ms)
✔ runtime publishes SF precision without generic W rounding or guessed Hz correction (6.063089ms)
✔ runtime and admin contain the same Weidmüller CH-W-B template (1.825777ms)
✔ connection and safety hints match the vendor guide (0.174973ms)
✔ control registers use exact documented addresses and scaling (0.273851ms)
✔ 32-bit live values are decoded low-word-first without byte swapping (0.177265ms)
✔ scaled 0.1 A current writes round to the exact integer register value (0.746589ms)
✔ vendor low-word-first ASCII codec reproduces the documented RFID example (0.596865ms)
✔ MAC and IPv4 helper decoders preserve documented register layout (0.216044ms)
✔ Modbus driver reads low-word-first values and writes exact CH-W-B commands (9.56709ms)
✔ device runtime contains separate command and charger-side release alias paths (1.200249ms)
✔ release checks tolerate harmless files from an older Windows worktree without executing or publishing them (6230.178154ms)
✔ invalid Modbus writes are surfaced in info.lastError without rejecting the ioBroker state callback (11.342922ms)
✔ legacy and v1 ABL current aliases still target the same PWM datapoint and conversion (0.946549ms)
ℹ tests 284
ℹ suites 0
ℹ pass 275
ℹ fail 0
ℹ cancelled 0
ℹ skipped 9
ℹ todo 0
ℹ duration_ms 7255.548016
