TAP version 13
# (node:177) ExperimentalWarning: stripTypeScriptTypes is an experimental feature and might change at any time
# (Use `node --trace-warnings ...` to show where the warning was created)
# Subtest: EEBUS source reproduction: outbound identity comes from discovery without reading peer certificate
ok 1 - EEBUS source reproduction: outbound identity comes from discovery without reading peer certificate
  ---
  duration_ms: 104.311687
  type: 'test'
  ...
# Subtest: EEBUS source reproduction: data is forwarded before trust and data exchange readiness
ok 2 - EEBUS source reproduction: data is forwarded before trust and data exchange readiness
  ---
  duration_ms: 18.758891
  type: 'test'
  ...
# Subtest: EEBUS source reproduction: unsolicited pin-none control enters data exchange without trust
ok 3 - EEBUS source reproduction: unsolicited pin-none control enters data exchange without trust
  ---
  duration_ms: 15.045558
  type: 'test'
  ...
# Subtest: OCPP source reproduction: empty allowlist accepts URL identity without credentials
ok 4 - OCPP source reproduction: empty allowlist accepts URL identity without credentials
  ---
  duration_ms: 2.677892
  type: 'test'
  ...
# Subtest: OCPP source reproduction: allowlisted identity is accepted without proof of identity
ok 5 - OCPP source reproduction: allowlisted identity is accepted without proof of identity
  ---
  duration_ms: 1.094312
  type: 'test'
  ...
# Subtest: OCPP baseline control: absent or disallowed identity is rejected
ok 6 - OCPP baseline control: absent or disallowed identity is rejected
  ---
  duration_ms: 4.167161
  type: 'test'
  ...
# Subtest: OCPP source reproduction: options bind all IPv4 interfaces and do not configure TLS
ok 7 - OCPP source reproduction: options bind all IPv4 interfaces and do not configure TLS
  ---
  duration_ms: 2.417963
  type: 'test'
  ...
1..7
# tests 7
# suites 0
# pass 7
# fail 0
# cancelled 0
# skipped 0
# todo 0
# duration_ms 283.442586
