TAP version 13
# Subtest: public transport retains all three pinned assets and a fixed repository commit
ok 1 - public transport retains all three pinned assets and a fixed repository commit
  ---
  duration_ms: 1.378917
  type: 'test'
  ...
# Subtest: public transport rejects mutable refs, foreign repositories and malformed asset sets
ok 2 - public transport rejects mutable refs, foreign repositories and malformed asset sets
  ---
  duration_ms: 0.627467
  type: 'test'
  ...
# Subtest: generated entry contains exact preparer bytes and bounded R2 recovery before normal preparation
ok 3 - generated entry contains exact preparer bytes and bounded R2 recovery before normal preparation
  ---
  duration_ms: 4.888212
  type: 'test'
  ...
# Subtest: one-line curl entry verifies full size and hash in a protected directory before execution
ok 4 - one-line curl entry verifies full size and hash in a protected directory before execution
  ---
  duration_ms: 3.207389
  type: 'test'
  ...
1..4
# tests 4
# suites 0
# pass 4
# fail 0
# cancelled 0
# skipped 0
# todo 0
# duration_ms 87.998279
