2026-10-03T18:00:34.8446820Z Current runner version: '2.337.0'
2026-10-03T18:00:34.8486464Z ##[group]Runner Image Provisioner
2026-10-03T18:00:34.8487944Z Hosted Compute Agent
2026-10-03T18:00:34.8489145Z Version: 20260901.588
2026-10-03T18:00:34.8490467Z Commit: f88ec8081b781fac6c440065ac7ff9e710ce3d0b
2026-10-03T18:00:34.8491766Z Build Date: 2026-09-01T19:56:44Z
2026-10-03T18:00:34.8493027Z Worker ID: {18eb7719-b2ce-471e-b22f-26f3892b457a}
2026-10-03T18:00:34.8494658Z Azure Region: westus2
2026-10-03T18:00:34.8495675Z ##[endgroup]
2026-10-03T18:00:34.8498230Z ##[group]Operating System
2026-10-03T18:00:34.8499293Z Ubuntu
2026-10-03T18:00:34.8500130Z 24.04.5
2026-10-03T18:00:34.8501154Z LTS
2026-10-03T18:00:34.8502033Z ##[endgroup]
2026-10-03T18:00:34.8504417Z ##[group]Runner Image
2026-10-03T18:00:34.8505587Z Image: ubuntu-24.04
2026-10-03T18:00:34.8506693Z Version: 20260927.320.1
2026-10-03T18:00:34.8509088Z Included Software: https://github.com/actions/runner-images/blob/ubuntu24/20260927.320/images/ubuntu/Ubuntu2404-Readme.md
2026-10-03T18:00:34.8512055Z Image Release: https://github.com/actions/runner-images/releases/tag/ubuntu24%2F20260927.320
2026-10-03T18:00:34.8514179Z ##[endgroup]
2026-10-03T18:00:34.8516286Z ##[group]GITHUB_TOKEN Permissions
2026-10-03T18:00:34.8519695Z Contents: read
2026-10-03T18:00:34.8520660Z Metadata: read
2026-10-03T18:00:34.8521720Z ##[endgroup]
2026-10-03T18:00:34.8525757Z Secret source: Actions
2026-10-03T18:00:34.8527637Z Cache mode: write
2026-10-03T18:00:34.8529150Z Prepare workflow directory
2026-10-03T18:00:34.9199999Z Prepare all required actions
2026-10-03T18:00:34.9278339Z Getting action download info
2026-10-03T18:00:35.3806198Z Download action repository 'actions/checkout@3d3c42e5aac5ba805825da76410c181273ba90b1' (SHA:3d3c42e5aac5ba805825da76410c181273ba90b1)
2026-10-03T18:00:35.5175102Z Download action repository 'actions/setup-node@820762786026740c76f36085b0efc47a31fe5020' (SHA:820762786026740c76f36085b0efc47a31fe5020)
2026-10-03T18:00:35.6392414Z Download action repository 'actions/upload-artifact@043fb46d1a93c77aae656e7c1c64a875d1fc6a0a' (SHA:043fb46d1a93c77aae656e7c1c64a875d1fc6a0a)
2026-10-03T18:00:35.8730226Z Complete job name: build
2026-10-03T18:00:35.9560076Z ##[group]Run actions/checkout@3d3c42e5aac5ba805825da76410c181273ba90b1
2026-10-03T18:00:35.9561296Z with:
2026-10-03T18:00:35.9561808Z   persist-credentials: false
2026-10-03T18:00:35.9562391Z   submodules: false
2026-10-03T18:00:35.9562904Z   repository: NexoWatt/nexowatt-eos
2026-10-03T18:00:35.9567498Z   token: ***
2026-10-03T18:00:35.9567983Z   ssh-strict: true
2026-10-03T18:00:35.9568454Z   ssh-user: git
2026-10-03T18:00:35.9568915Z   clean: true
2026-10-03T18:00:35.9569403Z   sparse-checkout-cone-mode: true
2026-10-03T18:00:35.9569979Z   fetch-depth: 1
2026-10-03T18:00:35.9570451Z   fetch-tags: false
2026-10-03T18:00:35.9570936Z   show-progress: true
2026-10-03T18:00:35.9571417Z   lfs: false
2026-10-03T18:00:35.9571890Z   set-safe-directory: true
2026-10-03T18:00:35.9572444Z   allow-unsafe-pr-checkout: false
2026-10-03T18:00:35.9573363Z env:
2026-10-03T18:00:35.9574367Z   PYTHONDONTWRITEBYTECODE: 1
2026-10-03T18:00:35.9574987Z ##[endgroup]
2026-10-03T18:00:36.0751602Z Syncing repository: NexoWatt/nexowatt-eos
2026-10-03T18:00:36.0756279Z ##[group]Getting Git version info
2026-10-03T18:00:36.0758023Z Working directory is '/home/runner/work/nexowatt-eos/nexowatt-eos'
2026-10-03T18:00:36.0771890Z [command]/usr/bin/git version
2026-10-03T18:00:36.0914039Z git version 2.55.0
2026-10-03T18:00:36.0971074Z ##[endgroup]
2026-10-03T18:00:36.0980453Z Temporarily overriding HOME='/home/runner/work/_temp/70af84d2-e78d-473e-874a-6b833b8c1f65' before making global git config changes
2026-10-03T18:00:36.0983459Z Adding repository directory to the temporary git global config as a safe directory
2026-10-03T18:00:36.0986424Z [command]/usr/bin/git config --global --add safe.directory /home/runner/work/nexowatt-eos/nexowatt-eos
2026-10-03T18:00:36.1093046Z Deleting the contents of '/home/runner/work/nexowatt-eos/nexowatt-eos'
2026-10-03T18:00:36.1115471Z ##[group]Determining repository object format
2026-10-03T18:00:36.1150026Z ##[endgroup]
2026-10-03T18:00:36.1152055Z ##[group]Initializing the repository
2026-10-03T18:00:36.1155099Z [command]/usr/bin/git init /home/runner/work/nexowatt-eos/nexowatt-eos
2026-10-03T18:00:36.1239229Z hint: Using 'master' as the name for the initial branch. This default branch name
2026-10-03T18:00:36.1244393Z hint: will change to "main" in Git 3.0. To configure the initial branch name
2026-10-03T18:00:36.1249131Z hint: to use in all of your new repositories, which will suppress this warning,
2026-10-03T18:00:36.1251013Z hint: call:
2026-10-03T18:00:36.1251960Z hint:
2026-10-03T18:00:36.1253116Z hint: 	git config --global init.defaultBranch <name>
2026-10-03T18:00:36.1254970Z hint:
2026-10-03T18:00:36.1256497Z hint: Names commonly chosen instead of 'master' are 'main', 'trunk' and
2026-10-03T18:00:36.1258798Z hint: 'development'. The just-created branch can be renamed via this command:
2026-10-03T18:00:36.1260336Z hint:
2026-10-03T18:00:36.1261391Z hint: 	git branch -m <name>
2026-10-03T18:00:36.1262456Z hint:
2026-10-03T18:00:36.1264213Z hint: Disable this message with "git config set advice.defaultBranchName false"
2026-10-03T18:00:36.1266912Z Initialized empty Git repository in /home/runner/work/nexowatt-eos/nexowatt-eos/.git/
2026-10-03T18:00:36.1270772Z [command]/usr/bin/git remote add origin https://github.com/NexoWatt/nexowatt-eos
2026-10-03T18:00:36.1319253Z ##[endgroup]
2026-10-03T18:00:36.1321048Z ##[group]Disabling automatic garbage collection
2026-10-03T18:00:36.1346364Z [command]/usr/bin/git config --local gc.auto 0
2026-10-03T18:00:36.1401900Z ##[endgroup]
2026-10-03T18:00:36.1403482Z ##[group]Setting up auth
2026-10-03T18:00:36.1425024Z Removing SSH command configuration
2026-10-03T18:00:36.1445375Z [command]/usr/bin/git config --local --name-only --get-regexp core\.sshCommand
2026-10-03T18:00:36.1486428Z [command]/usr/bin/git submodule foreach --recursive sh -c "git config --local --name-only --get-regexp 'core\.sshCommand' && git config --local --unset-all 'core.sshCommand' || :"
2026-10-03T18:00:36.2191706Z Removing HTTP extra header
2026-10-03T18:00:36.2195293Z [command]/usr/bin/git config --local --name-only --get-regexp http\.https\:\/\/github\.com\/\.extraheader
2026-10-03T18:00:36.2202785Z [command]/usr/bin/git submodule foreach --recursive sh -c "git config --local --name-only --get-regexp 'http\.https\:\/\/github\.com\/\.extraheader' && git config --local --unset-all 'http.https://github.com/.extraheader' || :"
2026-10-03T18:00:36.2344712Z Removing includeIf entries pointing to credentials config files
2026-10-03T18:00:36.2349179Z [command]/usr/bin/git config --local --name-only --get-regexp ^includeIf\.gitdir:
2026-10-03T18:00:36.2392974Z [command]/usr/bin/git submodule foreach --recursive git config --local --show-origin --name-only --get-regexp remote.origin.url
2026-10-03T18:00:36.2891698Z [command]/usr/bin/git config --file /home/runner/work/_temp/git-credentials-8f8a746c-c0fa-4d39-8a02-e21555ae6561.config http.https://github.com/.extraheader AUTHORIZATION: basic ***
2026-10-03T18:00:36.2899867Z [command]/usr/bin/git config --local includeIf.gitdir:/home/runner/work/nexowatt-eos/nexowatt-eos/.git.path /home/runner/work/_temp/git-credentials-8f8a746c-c0fa-4d39-8a02-e21555ae6561.config
2026-10-03T18:00:36.2910953Z [command]/usr/bin/git config --local includeIf.gitdir:/home/runner/work/nexowatt-eos/nexowatt-eos/.git/worktrees/*.path /home/runner/work/_temp/git-credentials-8f8a746c-c0fa-4d39-8a02-e21555ae6561.config
2026-10-03T18:00:36.2918560Z [command]/usr/bin/git config --local includeIf.gitdir:/github/workspace/.git.path /github/runner_temp/git-credentials-8f8a746c-c0fa-4d39-8a02-e21555ae6561.config
2026-10-03T18:00:36.2947207Z [command]/usr/bin/git config --local includeIf.gitdir:/github/workspace/.git/worktrees/*.path /github/runner_temp/git-credentials-8f8a746c-c0fa-4d39-8a02-e21555ae6561.config
2026-10-03T18:00:36.2974861Z ##[endgroup]
2026-10-03T18:00:36.2977039Z ##[group]Fetching the repository
2026-10-03T18:00:36.2984003Z [command]/usr/bin/git -c protocol.version=2 fetch --no-tags --prune --no-recurse-submodules --depth=1 origin +2679eee2e659f21d18a700cbd6e6db832fe4fe93:refs/remotes/origin/main
2026-10-03T18:01:00.8411493Z From https://github.com/NexoWatt/nexowatt-eos
2026-10-03T18:01:00.8429502Z  * [new ref]         2679eee2e659f21d18a700cbd6e6db832fe4fe93 -> origin/main
2026-10-03T18:01:00.8457194Z [command]/usr/bin/git branch --list --remote origin/main
2026-10-03T18:01:00.8494555Z   origin/main
2026-10-03T18:01:00.8519289Z [command]/usr/bin/git rev-parse refs/remotes/origin/main
2026-10-03T18:01:00.8575582Z 2679eee2e659f21d18a700cbd6e6db832fe4fe93
2026-10-03T18:01:00.8587180Z ##[endgroup]
2026-10-03T18:01:00.8588269Z ##[group]Determining the checkout info
2026-10-03T18:01:00.8589410Z ##[endgroup]
2026-10-03T18:01:00.8607244Z [command]/usr/bin/git sparse-checkout disable
2026-10-03T18:01:00.8947976Z [command]/usr/bin/git config --local --unset-all extensions.worktreeConfig
2026-10-03T18:01:00.9379377Z ##[group]Checking out the ref
2026-10-03T18:01:00.9410182Z [command]/usr/bin/git checkout --progress --force -B main refs/remotes/origin/main
2026-10-03T18:01:02.3422487Z Updating files:  75% (4901/6462)
2026-10-03T18:01:02.5949553Z Updating files:  76% (4912/6462)
2026-10-03T18:01:02.6015214Z Updating files:  77% (4976/6462)
2026-10-03T18:01:02.6896009Z Updating files:  78% (5041/6462)
2026-10-03T18:01:02.7097610Z Updating files:  79% (5105/6462)
2026-10-03T18:01:02.7211760Z Updating files:  80% (5170/6462)
2026-10-03T18:01:02.7341102Z Updating files:  81% (5235/6462)
2026-10-03T18:01:02.7538211Z Updating files:  82% (5299/6462)
2026-10-03T18:01:02.7624718Z Updating files:  83% (5364/6462)
2026-10-03T18:01:02.7684707Z Updating files:  84% (5429/6462)
2026-10-03T18:01:02.7755583Z Updating files:  85% (5493/6462)
2026-10-03T18:01:02.7845790Z Updating files:  86% (5558/6462)
2026-10-03T18:01:02.7992128Z Updating files:  87% (5622/6462)
2026-10-03T18:01:02.8077664Z Updating files:  88% (5687/6462)
2026-10-03T18:01:02.8161000Z Updating files:  89% (5752/6462)
2026-10-03T18:01:02.8281801Z Updating files:  90% (5816/6462)
2026-10-03T18:01:02.8494134Z Updating files:  91% (5881/6462)
2026-10-03T18:01:02.8519966Z Updating files:  92% (5946/6462)
2026-10-03T18:01:02.8641780Z Updating files:  93% (6010/6462)
2026-10-03T18:01:02.8674484Z Updating files:  94% (6075/6462)
2026-10-03T18:01:02.8721186Z Updating files:  95% (6139/6462)
2026-10-03T18:01:02.8785342Z Updating files:  96% (6204/6462)
2026-10-03T18:01:02.8830705Z Updating files:  97% (6269/6462)
2026-10-03T18:01:02.8939186Z Updating files:  98% (6333/6462)
2026-10-03T18:01:02.8984272Z Updating files:  99% (6398/6462)
2026-10-03T18:01:02.8985157Z Updating files: 100% (6462/6462)
2026-10-03T18:01:02.8985899Z Updating files: 100% (6462/6462), done.
2026-10-03T18:01:02.9409398Z Switched to a new branch 'main'
2026-10-03T18:01:02.9436659Z branch 'main' set up to track 'origin/main'.
2026-10-03T18:01:02.9605093Z ##[endgroup]
2026-10-03T18:01:02.9911092Z [command]/usr/bin/git log -1 --format=%H
2026-10-03T18:01:02.9933517Z 2679eee2e659f21d18a700cbd6e6db832fe4fe93
2026-10-03T18:01:02.9947109Z ##[group]Removing auth
2026-10-03T18:01:02.9947809Z Removing SSH command configuration
2026-10-03T18:01:02.9952611Z [command]/usr/bin/git config --local --name-only --get-regexp core\.sshCommand
2026-10-03T18:01:02.9994465Z [command]/usr/bin/git submodule foreach --recursive sh -c "git config --local --name-only --get-regexp 'core\.sshCommand' && git config --local --unset-all 'core.sshCommand' || :"
2026-10-03T18:01:03.0252722Z Removing HTTP extra header
2026-10-03T18:01:03.0257145Z [command]/usr/bin/git config --local --name-only --get-regexp http\.https\:\/\/github\.com\/\.extraheader
2026-10-03T18:01:03.0303108Z [command]/usr/bin/git submodule foreach --recursive sh -c "git config --local --name-only --get-regexp 'http\.https\:\/\/github\.com\/\.extraheader' && git config --local --unset-all 'http.https://github.com/.extraheader' || :"
2026-10-03T18:01:03.0628671Z Removing includeIf entries pointing to credentials config files
2026-10-03T18:01:03.0632874Z [command]/usr/bin/git config --local --name-only --get-regexp ^includeIf\.gitdir:
2026-10-03T18:01:03.4450348Z includeif.gitdir:/home/runner/work/nexowatt-eos/nexowatt-eos/.git.path
2026-10-03T18:01:03.4459710Z includeif.gitdir:/home/runner/work/nexowatt-eos/nexowatt-eos/.git/worktrees/*.path
2026-10-03T18:01:03.4460599Z includeif.gitdir:/github/workspace/.git.path
2026-10-03T18:01:03.4461250Z includeif.gitdir:/github/workspace/.git/worktrees/*.path
2026-10-03T18:01:03.4473561Z [command]/usr/bin/git config --local --get-all includeif.gitdir:/home/runner/work/nexowatt-eos/nexowatt-eos/.git.path
2026-10-03T18:01:03.4504814Z /home/runner/work/_temp/git-credentials-8f8a746c-c0fa-4d39-8a02-e21555ae6561.config
2026-10-03T18:01:03.4526168Z [command]/usr/bin/git config --local --unset includeif.gitdir:/home/runner/work/nexowatt-eos/nexowatt-eos/.git.path \/home\/runner\/work\/_temp\/git\-credentials\-8f8a746c\-c0fa\-4d39\-8a02\-e21555ae6561\.config
2026-10-03T18:01:03.6395538Z [command]/usr/bin/git config --local --get-all includeif.gitdir:/home/runner/work/nexowatt-eos/nexowatt-eos/.git/worktrees/*.path
2026-10-03T18:01:03.6430855Z /home/runner/work/_temp/git-credentials-8f8a746c-c0fa-4d39-8a02-e21555ae6561.config
2026-10-03T18:01:03.6454519Z [command]/usr/bin/git config --local --unset includeif.gitdir:/home/runner/work/nexowatt-eos/nexowatt-eos/.git/worktrees/*.path \/home\/runner\/work\/_temp\/git\-credentials\-8f8a746c\-c0fa\-4d39\-8a02\-e21555ae6561\.config
2026-10-03T18:01:03.6846557Z [command]/usr/bin/git config --local --get-all includeif.gitdir:/github/workspace/.git.path
2026-10-03T18:01:03.6891668Z /github/runner_temp/git-credentials-8f8a746c-c0fa-4d39-8a02-e21555ae6561.config
2026-10-03T18:01:03.6904337Z [command]/usr/bin/git config --local --unset includeif.gitdir:/github/workspace/.git.path \/github\/runner_temp\/git\-credentials\-8f8a746c\-c0fa\-4d39\-8a02\-e21555ae6561\.config
2026-10-03T18:01:03.7976506Z [command]/usr/bin/git config --local --get-all includeif.gitdir:/github/workspace/.git/worktrees/*.path
2026-10-03T18:01:03.8014229Z /github/runner_temp/git-credentials-8f8a746c-c0fa-4d39-8a02-e21555ae6561.config
2026-10-03T18:01:03.8034256Z [command]/usr/bin/git config --local --unset includeif.gitdir:/github/workspace/.git/worktrees/*.path \/github\/runner_temp\/git\-credentials\-8f8a746c\-c0fa\-4d39\-8a02\-e21555ae6561\.config
2026-10-03T18:01:03.9378393Z [command]/usr/bin/git submodule foreach --recursive git config --local --show-origin --name-only --get-regexp remote.origin.url
2026-10-03T18:01:03.9697430Z Removing credentials config '/home/runner/work/_temp/git-credentials-8f8a746c-c0fa-4d39-8a02-e21555ae6561.config'
2026-10-03T18:01:03.9710758Z ##[endgroup]
2026-10-03T18:01:04.0006753Z ##[group]Run set -euo pipefail
2026-10-03T18:01:04.0007136Z [36;1mset -euo pipefail[0m
2026-10-03T18:01:04.0007602Z [36;1mif test -e delivery/test-pi-0.2.0-test.3-r4 || test -e delivery/bootstrap-test3-r4; then[0m
2026-10-03T18:01:04.0008107Z [36;1m  echo 'ready=false' >> "$GITHUB_OUTPUT"[0m
2026-10-03T18:01:04.0008780Z [36;1m  echo 'R4 already exists. A further change requires a new delivery revision; historical signatures stay unchanged.' >> "$GITHUB_STEP_SUMMARY"[0m
2026-10-03T18:01:04.0009388Z [36;1melse[0m
2026-10-03T18:01:04.0009611Z [36;1m  echo 'ready=true' >> "$GITHUB_OUTPUT"[0m
2026-10-03T18:01:04.0009885Z [36;1mfi[0m
2026-10-03T18:01:04.1156058Z shell: /usr/bin/bash --noprofile --norc -e -o pipefail {0}
2026-10-03T18:01:04.1156469Z env:
2026-10-03T18:01:04.1156727Z   PYTHONDONTWRITEBYTECODE: 1
2026-10-03T18:01:04.1157003Z ##[endgroup]
2026-10-03T18:01:04.1406453Z ##[group]Run actions/setup-node@820762786026740c76f36085b0efc47a31fe5020
2026-10-03T18:01:04.1406865Z with:
2026-10-03T18:01:04.1407070Z   node-version: 24.21.0
2026-10-03T18:01:04.1407311Z   package-manager-cache: false
2026-10-03T18:01:04.1407561Z   check-latest: false
2026-10-03T18:01:04.1410464Z   token: ***
2026-10-03T18:01:04.1410675Z env:
2026-10-03T18:01:04.1411096Z   PYTHONDONTWRITEBYTECODE: 1
2026-10-03T18:01:04.1411352Z ##[endgroup]
2026-10-03T18:01:04.2876525Z Found in cache @ /opt/hostedtoolcache/node/24.21.0/x64
2026-10-03T18:01:04.2878529Z ##[group]Environment details
2026-10-03T18:01:04.8889894Z node: v24.21.0
2026-10-03T18:01:04.8890631Z npm: 11.19.0
2026-10-03T18:01:04.8891180Z yarn: 1.22.22
2026-10-03T18:01:04.8892047Z ##[endgroup]
2026-10-03T18:01:04.9032765Z ##[group]Run set -euo pipefail
2026-10-03T18:01:04.9033084Z [36;1mset -euo pipefail[0m
2026-10-03T18:01:04.9033485Z [36;1mnode reports/integration/installable-test3-r4-20261003/build-revision.cjs[0m
2026-10-03T18:01:04.9034364Z [36;1mnode tools/bootstrap/build-stability-entry.cjs[0m
2026-10-03T18:01:04.9106793Z shell: /usr/bin/bash --noprofile --norc -e -o pipefail {0}
2026-10-03T18:01:04.9107158Z env:
2026-10-03T18:01:04.9107382Z   PYTHONDONTWRITEBYTECODE: 1
2026-10-03T18:01:04.9107654Z ##[endgroup]
2026-10-03T18:01:13.2385688Z publication-scope-regression started
2026-10-03T18:01:13.3425250Z publication-scope-regression passed
2026-10-03T18:01:13.3425932Z revision-regression started
2026-10-03T18:01:17.8851679Z revision-regression passed
2026-10-03T18:01:17.8853543Z extract-previous started
2026-10-03T18:02:14.1822074Z extract-previous passed
2026-10-03T18:02:22.9606973Z package started
2026-10-03T18:03:07.3671030Z package passed
2026-10-03T18:03:11.1778955Z deliver started
2026-10-03T18:03:16.8347118Z REVISION_STAGE_FAILED deliver
2026-10-03T18:03:16.8580801Z ##[error]Process completed with exit code 1.
2026-10-03T18:03:16.8639896Z ##[group]Run cat >> "$GITHUB_STEP_SUMMARY" <<'SCOPE'
2026-10-03T18:03:16.8640323Z [36;1mcat >> "$GITHUB_STEP_SUMMARY" <<'SCOPE'[0m
2026-10-03T18:03:16.8641104Z [36;1mBuild-only Linux x64 execution: preserves the authenticated R3 ARM64 app and its bound SBOM, rebuilds the host/runtime payload, and uses a new in-memory Ed25519 TEST signer.[0m
2026-10-03T18:03:16.8642198Z [36;1mFull archive/signature/source readback is required before publication. No manufacturer license private key is available to this workflow.[0m
2026-10-03T18:03:16.8643179Z [36;1mNo Raspberry Pi installation, systemd/PostgreSQL target boot, hardware control or CRA/IEC conformity approval is established here.[0m
2026-10-03T18:03:16.8644672Z [36;1mThe 30-day Actions artifact is a transfer copy; successful publication retains the signed files and evidence in the private repository.[0m
2026-10-03T18:03:16.8645287Z [36;1mSCOPE[0m
2026-10-03T18:03:16.8708733Z shell: /usr/bin/bash --noprofile --norc -e -o pipefail {0}
2026-10-03T18:03:16.8709089Z env:
2026-10-03T18:03:16.8709307Z   PYTHONDONTWRITEBYTECODE: 1
2026-10-03T18:03:16.8709554Z ##[endgroup]
2026-10-03T18:03:16.8954360Z Post job cleanup.
2026-10-03T18:03:16.9962434Z [command]/usr/bin/git version
2026-10-03T18:03:17.0027183Z git version 2.55.0
2026-10-03T18:03:17.0140036Z Temporarily overriding HOME='/home/runner/work/_temp/f38ab09e-eb67-436a-a7ce-3b07ff3bc95d' before making global git config changes
2026-10-03T18:03:17.0142241Z Adding repository directory to the temporary git global config as a safe directory
2026-10-03T18:03:17.0149091Z [command]/usr/bin/git config --global --add safe.directory /home/runner/work/nexowatt-eos/nexowatt-eos
2026-10-03T18:03:17.0152346Z Removing SSH command configuration
2026-10-03T18:03:17.0155473Z [command]/usr/bin/git config --local --name-only --get-regexp core\.sshCommand
2026-10-03T18:03:17.0220021Z [command]/usr/bin/git submodule foreach --recursive sh -c "git config --local --name-only --get-regexp 'core\.sshCommand' && git config --local --unset-all 'core.sshCommand' || :"
2026-10-03T18:03:17.1415897Z Removing HTTP extra header
2026-10-03T18:03:17.1425333Z [command]/usr/bin/git config --local --name-only --get-regexp http\.https\:\/\/github\.com\/\.extraheader
2026-10-03T18:03:17.1762596Z [command]/usr/bin/git submodule foreach --recursive sh -c "git config --local --name-only --get-regexp 'http\.https\:\/\/github\.com\/\.extraheader' && git config --local --unset-all 'http.https://github.com/.extraheader' || :"
2026-10-03T18:03:17.1811395Z Removing includeIf entries pointing to credentials config files
2026-10-03T18:03:17.1812960Z [command]/usr/bin/git config --local --name-only --get-regexp ^includeIf\.gitdir:
2026-10-03T18:03:17.1882274Z [command]/usr/bin/git submodule foreach --recursive git config --local --show-origin --name-only --get-regexp remote.origin.url
2026-10-03T18:03:17.2450757Z Evaluate and set job outputs
2026-10-03T18:03:17.2482238Z Set output 'ready'
2026-10-03T18:03:17.2484543Z Cleaning up orphan processes
