test_all_examples_and_schemas_valid (__main__.ContractTests.test_all_examples_and_schemas_valid) ... ok
test_all_top_level_objects_closed (__main__.ContractTests.test_all_top_level_objects_closed) ... ok
test_command_action_routes_are_restricted (__main__.ContractTests.test_command_action_routes_are_restricted) ... ok
test_command_backup_valid_and_profile_is_not_a_path (__main__.ContractTests.test_command_backup_valid_and_profile_is_not_a_path) ... ok
test_command_license_valid_and_subject_bound (__main__.ContractTests.test_command_license_valid_and_subject_bound) ... ok
test_command_payload_objects_closed (__main__.ContractTests.test_command_payload_objects_closed) ... ok
test_deadline_order_and_maximum (__main__.ContractTests.test_deadline_order_and_maximum) ... ok
test_entitlement_allows_only_subject_rights_and_matching_audience (__main__.ContractTests.test_entitlement_allows_only_subject_rights_and_matching_audience) ... ok
test_entitlement_deny_contains_no_grants (__main__.ContractTests.test_entitlement_deny_contains_no_grants) ... ok
test_entitlement_no_license_or_keys (__main__.ContractTests.test_entitlement_no_license_or_keys) ... ok
test_finite_signed_power_and_syntax_boundaries (__main__.ContractTests.test_finite_signed_power_and_syntax_boundaries) ... ok
test_manifest_arrays_and_artifact_links (__main__.ContractTests.test_manifest_arrays_and_artifact_links) ... ok
test_manifest_exact_hash_size_and_version (__main__.ContractTests.test_manifest_exact_hash_size_and_version) ... ok
test_manifest_hardware_and_required_verification (__main__.ContractTests.test_manifest_hardware_and_required_verification) ... ok
test_manifest_no_urls_scripts_or_paths (__main__.ContractTests.test_manifest_no_urls_scripts_or_paths) ... ok
test_power_no_coercion_and_unit_required (__main__.ContractTests.test_power_no_coercion_and_unit_required) ... ok
test_schema_does_not_authenticate_or_check_current_time (__main__.ContractTests.test_schema_does_not_authenticate_or_check_current_time) ... ok
test_sequence_rejects_types_negative_and_overflow (__main__.ContractTests.test_sequence_rejects_types_negative_and_overflow) ... ok
test_timestamp_semantics_calendar_timezone_and_precision (__main__.ContractTests.test_timestamp_semantics_calendar_timezone_and_precision) ... ok
test_uuid_canonical_required (__main__.ContractTests.test_uuid_canonical_required) ... ok
test_cli_bad_arguments_do_not_echo_values (__main__.ParserAndCliTests.test_cli_bad_arguments_do_not_echo_values) ... ok
test_cli_examples_pass_and_output_is_json (__main__.ParserAndCliTests.test_cli_examples_pass_and_output_is_json) ... ok
test_cli_invalid_values_keys_and_filenames_never_printed (__main__.ParserAndCliTests.test_cli_invalid_values_keys_and_filenames_never_printed) ... ok
test_depth_and_node_count_limits (__main__.ParserAndCliTests.test_depth_and_node_count_limits) ... ok
test_duplicate_keys_rejected_including_nested (__main__.ParserAndCliTests.test_duplicate_keys_rejected_including_nested) ... ok
test_fifos_and_symlinks_rejected_without_reading (__main__.ParserAndCliTests.test_fifos_and_symlinks_rejected_without_reading) ... ok
test_huge_integer_rejected (__main__.ParserAndCliTests.test_huge_integer_rejected) ... ok
test_invalid_json_unicode_and_bom_rejected (__main__.ParserAndCliTests.test_invalid_json_unicode_and_bom_rejected) ... ok
test_nonfinite_numbers_rejected (__main__.ParserAndCliTests.test_nonfinite_numbers_rejected) ... ok
test_remote_schema_retrieval_is_refused (__main__.ParserAndCliTests.test_remote_schema_retrieval_is_refused) ... ok
test_size_limit (__main__.ParserAndCliTests.test_size_limit) ... ok

----------------------------------------------------------------------
Ran 31 tests in 2.175s

OK
