test_cli_errors_do_not_echo_input_secrets (__main__.SourceSbomTests.test_cli_errors_do_not_echo_input_secrets) ... ok
test_cli_generation_and_validation (__main__.SourceSbomTests.test_cli_generation_and_validation) ... ok
test_complete_claim_rejected (__main__.SourceSbomTests.test_complete_claim_rejected) ... ok
test_dependency_ranges_are_not_resolved_components (__main__.SourceSbomTests.test_dependency_ranges_are_not_resolved_components) ... ok
test_deterministic_manifest_scope_and_head_comparison (__main__.SourceSbomTests.test_deterministic_manifest_scope_and_head_comparison) ... ok
test_existing_output_and_symlink_target_unchanged (__main__.SourceSbomTests.test_existing_output_and_symlink_target_unchanged) ... ok
test_fabricated_inventory_rejected (__main__.SourceSbomTests.test_fabricated_inventory_rejected) ... ok
test_git_clean_filter_not_executed (__main__.SourceSbomTests.test_git_clean_filter_not_executed) ... ok
test_inconsistent_manifest_hash_rejected (__main__.SourceSbomTests.test_inconsistent_manifest_hash_rejected) ... ok
test_invalid_metadata_and_declared_dependencies_rejected (__main__.SourceSbomTests.test_invalid_metadata_and_declared_dependencies_rejected) ... ok
test_malformed_json_and_duplicate_keys_rejected (__main__.SourceSbomTests.test_malformed_json_and_duplicate_keys_rejected) ... ok
test_missing_package_rejected (__main__.SourceSbomTests.test_missing_package_rejected) ... ok
test_new_output_is_private_valid_json (__main__.SourceSbomTests.test_new_output_is_private_valid_json) ... ok
test_operational_lifecycle_rejected (__main__.SourceSbomTests.test_operational_lifecycle_rejected) ... ok
test_oversized_and_symlink_package_rejected (__main__.SourceSbomTests.test_oversized_and_symlink_package_rejected) ... ok
test_schema_tamper_rejected (__main__.SourceSbomTests.test_schema_tamper_rejected) ... ok
test_secret_metadata_and_url_values_not_exported (__main__.SourceSbomTests.test_secret_metadata_and_url_values_not_exported) ... ok
test_symlink_output_parent_rejected (__main__.SourceSbomTests.test_symlink_output_parent_rejected) ... ok
test_tampered_metadata_rejected (__main__.SourceSbomTests.test_tampered_metadata_rejected) ... ok
test_valid_official_cyclonedx_17 (__main__.SourceSbomTests.test_valid_official_cyclonedx_17) ... ok
test_validation_has_no_network_dependency (__main__.SourceSbomTests.test_validation_has_no_network_dependency) ... ok

----------------------------------------------------------------------
Ran 21 tests in 1.302s

OK
