TAP version 13
# Subtest: starts denied, permits signed-service decision and sends no license key
ok 1 - starts denied, permits signed-service decision and sends no license key
  ---
  duration_ms: 9.310554
  type: 'test'
  ...
# Subtest: a new request uses a new nonce and rejects replay from an older request
ok 2 - a new request uses a new nonce and rejects replay from an older request
  ---
  duration_ms: 1.497144
  type: 'test'
  ...
# Subtest: Home and Pro quantity limits and features are checked independently
ok 3 - Home and Pro quantity limits and features are checked independently
  ---
  duration_ms: 9.059304
  type: 'test'
  ...
# Subtest: malformed, stale, future, oversized and missing entitlements fail closed
ok 4 - malformed, stale, future, oversized and missing entitlements fail closed
  ---
  duration_ms: 7.964396
  type: 'test'
  ...
# Subtest: timeout invalidates an existing lease; late and duplicate callbacks cannot reopen it
ok 5 - timeout invalidates an existing lease; late and duplicate callbacks cannot reopen it
  ---
  duration_ms: 21.664904
  type: 'test'
  ...
# Subtest: throws and rejected transport promises settle denied without an unhandled rejection
ok 6 - throws and rejected transport promises settle denied without an unhandled rejection
  ---
  duration_ms: 1.528042
  type: 'test'
  ...
# Subtest: lease expires autonomously, onLost is once per denial episode, then recovery is possible
ok 7 - lease expires autonomously, onLost is once per denial episode, then recovery is possible
  ---
  duration_ms: 36.430772
  type: 'test'
  ...
# Subtest: wall clock rollback does not extend monotonic lease and a forward jump immediately denies
ok 8 - wall clock rollback does not extend monotonic lease and a forward jump immediately denies
  ---
  duration_ms: 38.169845
  type: 'test'
  ...
# Subtest: stop cancels in-flight request and prevents late callback activation
ok 9 - stop cancels in-flight request and prevents late callback activation
  ---
  duration_ms: 1.384145
  type: 'test'
  ...
# Subtest: concurrent callers coalesce safely and status mutation cannot change entitlement
ok 10 - concurrent callers coalesce safely and status mutation cannot change entitlement
  ---
  duration_ms: 0.492444
  type: 'test'
  ...
# Subtest: failed safe-state callback latches denial and sanitizes logs
ok 11 - failed safe-state callback latches denial and sanitizes logs
  ---
  duration_ms: 2.732142
  type: 'test'
  ...
# Subtest: asynchronous safe-state transition must finish before a fresh grant is accepted
ok 12 - asynchronous safe-state transition must finish before a fresh grant is accepted
  ---
  duration_ms: 3.272331
  type: 'test'
  ...
# Subtest: invalid configuration cannot create a permissive guard
ok 13 - invalid configuration cannot create a permissive guard
  ---
  duration_ms: 0.814863
  type: 'test'
  ...
# Subtest: one shared lease gates each Home/Pro feature without extra messages or rights after loss
ok 14 - one shared lease gates each Home/Pro feature without extra messages or rights after loss
  ---
  duration_ms: 4.226825
  type: 'test'
  ...
# Subtest: UUID normalizes case/space while preserving canonical and direct vendor-prefix identity
ok 15 - UUID normalizes case/space while preserving canonical and direct vendor-prefix identity
  ---
  duration_ms: 4.828268
  type: 'test'
  ...
# Subtest: Home license authenticates UUID, explicit adapters, limits and immutable derived features
ok 16 - Home license authenticates UUID, explicit adapters, limits and immutable derived features
  ---
  duration_ms: 2.000399
  type: 'test'
  ...
# Subtest: Pro license enables Pro features only from signed edition and caps 10 batteries
ok 17 - Pro license enables Pro features only from signed edition and caps 10 batteries
  ---
  duration_ms: 2.657869
  type: 'test'
  ...
# Subtest: expiry and notBefore use exact millisecond boundaries without coercion or grace
ok 18 - expiry and notBefore use exact millisecond boundaries without coercion or grace
  ---
  duration_ms: 5.986843
  type: 'test'
  ...
# Subtest: forged or edited signature, foreign signing key, unknown kid and legacy format fail closed
ok 19 - forged or edited signature, foreign signing key, unknown kid and legacy format fail closed
  ---
  duration_ms: 2.025141
  type: 'test'
  ...
# Subtest: trust accepts only bounded explicit Ed25519 public SPKI keys
ok 20 - trust accepts only bounded explicit Ed25519 public SPKI keys
  ---
  duration_ms: 45.570775
  type: 'test'
  ...
# Subtest: schema rejects wildcard adapters, duplicate adapters, unsafe limits and unknown signed fields
ok 21 - schema rejects wildcard adapters, duplicate adapters, unsafe limits and unknown signed fields
  ---
  duration_ms: 12.167816
  type: 'test'
  ...
# Subtest: malformed/oversized tokens and noncanonical base64 cannot reach successful verification
ok 22 - malformed/oversized tokens and noncanonical base64 cannot reach successful verification
  ---
  duration_ms: 2.263356
  type: 'test'
  ...
# Subtest: encrypted storage roundtrips across restart with fresh nonce and no plaintext on disk
ok 23 - encrypted storage roundtrips across restart with fresh nonce and no plaintext on disk
  ---
  duration_ms: 49.737952
  type: 'test'
  ...
# Subtest: GCM binds UUID and fails after ciphertext/tag/nonce corruption
ok 24 - GCM binds UUID and fails after ciphertext/tag/nonce corruption
  ---
  duration_ms: 48.988534
  type: 'test'
  ...
# Subtest: missing/wrong/short storage key never silently regenerates existing encrypted license
ok 25 - missing/wrong/short storage key never silently regenerates existing encrypted license
  ---
  duration_ms: 17.96112
  type: 'test'
  ...
# Subtest: storage high water mark cannot decrease; serialized operations preserve monotonic value
ok 26 - storage high water mark cannot decrease; serialized operations preserve monotonic value
  ---
  duration_ms: 18.326684
  type: 'test'
  ...
# Subtest: clear removes only license, keeps device encryption key and permits fresh install
ok 27 - clear removes only license, keeps device encryption key and permits fresh install
  ---
  duration_ms: 9.726086
  type: 'test'
  ...
# Subtest: storage rejects symlink files, symlink directory/ancestor and hard linked secrets
ok 28 - storage rejects symlink files, symlink directory/ancestor and hard linked secrets
  ---
  duration_ms: 8.853389
  type: 'test'
  ...
# Subtest: storage rejects permissive POSIX modes and unsafe directory roots
ok 29 - storage rejects permissive POSIX modes and unsafe directory roots
  ---
  duration_ms: 15.343879
  type: 'test'
  ...
# Subtest: storage bounds files and rejects malformed data/envelopes without destructive overwrite
ok 30 - storage bounds files and rejects malformed data/envelopes without destructive overwrite
  ---
  duration_ms: 19.698851
  type: 'test'
  ...
# Subtest: license endpoints authorize before body parser, service calls and static files
ok 31 - license endpoints authorize before body parser, service calls and static files
  ---
  duration_ms: 3.408159
  type: 'test'
  ...
# Subtest: secure admin activation invokes parser after authorization and returns no submitted token
ok 32 - secure admin activation invokes parser after authorization and returns no submitted token
  ---
  duration_ms: 0.880154
  type: 'test'
  ...
# Subtest: cross-origin, missing origin/header and cross-site writes fail before parser
ok 33 - cross-origin, missing origin/header and cross-site writes fail before parser
  ---
  duration_ms: 7.900945
  type: 'test'
  ...
# Subtest: forwarded host/proto headers do not establish origin or TLS trust
ok 34 - forwarded host/proto headers do not establish origin or TLS trust
  ---
  duration_ms: 0.538494
  type: 'test'
  ...
# Subtest: plaintext LAN is denied for every route; explicit socket loopback can perform setup
ok 35 - plaintext LAN is denied for every route; explicit socket loopback can perform setup
  ---
  duration_ms: 0.412659
  type: 'test'
  ...
# Subtest: malformed activation/removal bodies are rejected without reaching service
ok 36 - malformed activation/removal bodies are rejected without reaching service
  ---
  duration_ms: 6.207343
  type: 'test'
  ...
# Subtest: parser size/syntax errors are sanitized and cannot reach activation
ok 37 - parser size/syntax errors are sanitized and cannot reach activation
  ---
  duration_ms: 0.546775
  type: 'test'
  ...
# Subtest: authorization and asynchronous service failures return sanitized bounded errors
ok 38 - authorization and asynchronous service failures return sanitized bounded errors
  ---
  duration_ms: 0.579764
  type: 'test'
  ...
# Subtest: per-address write and read rate budgets deny excess operations
ok 39 - per-address write and read rate budgets deny excess operations
  ---
  duration_ms: 7.566528
  type: 'test'
  ...
# Subtest: license page has restrictive CSP and safe no-cache headers
ok 40 - license page has restrictive CSP and safe no-cache headers
  ---
  duration_ms: 1.396334
  type: 'test'
  ...
# Subtest: origin matching uses scheme, hostname and port exactly
ok 41 - origin matching uses scheme, hostname and port exactly
  ---
  duration_ms: 0.50958
  type: 'test'
  ...
# Subtest: startup without provisioned trust denies and creates no license
ok 42 - startup without provisioned trust denies and creates no license
  ---
  duration_ms: 23.870083
  type: 'test'
  ...
# Subtest: startup with empty trust configuration denies
ok 43 - startup with empty trust configuration denies
  ---
  duration_ms: 6.616423
  type: 'test'
  ...
# Subtest: trusted service without stored license denies
ok 44 - trusted service without stored license denies
  ---
  duration_ms: 5.660878
  type: 'test'
  ...
# Subtest: Home allows licensed adapter and published Home limits with bounded lease
ok 45 - Home allows licensed adapter and published Home limits with bounded lease
  ---
  duration_ms: 30.504932
  type: 'test'
  ...
# Subtest: Home rejects Pro feature and over-limit resource counts
ok 46 - Home rejects Pro feature and over-limit resource counts
  ---
  duration_ms: 32.386842
  type: 'test'
  ...
# Subtest: Pro grants its feature set only to listed adapter and within signed limits
ok 47 - Pro grants its feature set only to listed adapter and within signed limits
  ---
  duration_ms: 29.970407
  type: 'test'
  ...
# Subtest: licensed second adapter receives grants only when enabled
ok 48 - licensed second adapter receives grants only when enabled
  ---
  duration_ms: 16.815824
  type: 'test'
  ...
# Subtest: missing, disabled, renamed or non-instance senders cannot obtain grants
ok 49 - missing, disabled, renamed or non-instance senders cannot obtain grants
  ---
  duration_ms: 27.611122
  type: 'test'
  ...
# Subtest: sender mismatch, unknown feature, extra keys and invalid quota types reject
ok 50 - sender mismatch, unknown feature, extra keys and invalid quota types reject
  ---
  duration_ms: 16.817909
  type: 'test'
  ...
# Subtest: malformed or untrusted import preserves existing encrypted license
ok 51 - malformed or untrusted import preserves existing encrypted license
  ---
  duration_ms: 13.098282
  type: 'test'
  ...
# Subtest: explicit license removal denies checks and remains removed after restart
ok 52 - explicit license removal denies checks and remains removed after restart
  ---
  duration_ms: 10.782014
  type: 'test'
  ...
# Subtest: external license deletion invalidates previously cached grant eligibility
ok 53 - external license deletion invalidates previously cached grant eligibility
  ---
  duration_ms: 8.285553
  type: 'test'
  ...
# Subtest: tampered authenticated ciphertext invalidates cached license
ok 54 - tampered authenticated ciphertext invalidates cached license
  ---
  duration_ms: 16.041249
  type: 'test'
  ...
# Subtest: encrypted license and edition persist over clean service restart
ok 55 - encrypted license and edition persist over clean service restart
  ---
  duration_ms: 18.862677
  type: 'test'
  ...
# Subtest: changed system UUID denies while running
ok 56 - changed system UUID denies while running
  ---
  duration_ms: 16.652125
  type: 'test'
  ...
# Subtest: lease is capped at expiry and license expires at exact boundary
ok 57 - lease is capped at expiry and license expires at exact boundary
  ---
  duration_ms: 12.523637
  type: 'test'
  ...
# Subtest: expiry is rechecked after delayed adapter object lookup
ok 58 - expiry is rechecked after delayed adapter object lookup
  ---
  duration_ms: 10.948087
  type: 'test'
  ...
# Subtest: wall clock rollback relative to monotonic time fails closed until restart
ok 59 - wall clock rollback relative to monotonic time fails closed until restart
  ---
  duration_ms: 13.524251
  type: 'test'
  ...
# Subtest: frequent sub-tolerance checks cannot keep a frozen wall clock licensed
ok 60 - frequent sub-tolerance checks cannot keep a frozen wall clock licensed
  ---
  duration_ms: 20.460968
  type: 'test'
  ...
# Subtest: small cumulative backward steps cannot reset the monotonic clock anchor
ok 61 - small cumulative backward steps cannot reset the monotonic clock anchor
  ---
  duration_ms: 29.535778
  type: 'test'
  ...
# Subtest: persisted high-water mark detects ordinary rollback across restart
ok 62 - persisted high-water mark detects ordinary rollback across restart
  ---
  duration_ms: 25.300358
  type: 'test'
  ...
# Subtest: sender rate cap denies excess requests and renews after window
ok 63 - sender rate cap denies excess requests and renews after window
  ---
  duration_ms: 91.055219
  type: 'test'
  ...
# Subtest: queue cap rejects excess work without preventing earlier jobs completing
ok 64 - queue cap rejects excess work without preventing earlier jobs completing
  ---
  duration_ms: 2.818156
  type: 'test'
  ...
# Subtest: new checks and mutations after stop are denied
ok 65 - new checks and mutations after stop are denied
  ---
  duration_ms: 7.594006
  type: 'test'
  ...
# Subtest: check queued before stop cannot grant or restore cached validity after stop
ok 66 - check queued before stop cannot grant or restore cached validity after stop
  ---
  duration_ms: 7.583293
  type: 'test'
  ...
# Subtest: check already in adapter lookup cannot grant after stop
ok 67 - check already in adapter lookup cannot grant after stop
  ---
  duration_ms: 12.099241
  type: 'test'
  ...
# Subtest: database timeout clears validity, bounds outstanding reads and ignores late results
ok 68 - database timeout clears validity, bounds outstanding reads and ignores late results
  ---
  duration_ms: 32.926839
  type: 'test'
  ...
# Subtest: timeout during adapter identity lookup clears a previously valid license view
ok 69 - timeout during adapter identity lookup clears a previously valid license view
  ---
  duration_ms: 27.119749
  type: 'test'
  ...
# Subtest: serialized deletion ahead of a check prevents an intervening grant
ok 70 - serialized deletion ahead of a check prevents an intervening grant
  ---
  duration_ms: 7.639275
  type: 'test'
  ...
# Subtest: status rechecks expiry after delayed UUID lookup
ok 71 - status rechecks expiry after delayed UUID lookup
  ---
  duration_ms: 7.105443
  type: 'test'
  ...
# Subtest: import expiring during UUID lookup preserves the previous valid license
ok 72 - import expiring during UUID lookup preserves the previous valid license
  ---
  duration_ms: 13.149386
  type: 'test'
  ...
# Subtest: production directory resolver works without an assumed adapter instance method
ok 73 - production directory resolver works without an assumed adapter instance method
  ---
  duration_ms: 19.70856
  type: 'test'
  ...
# Subtest: directory resolver failure is contained and keeps authority denied
ok 74 - directory resolver failure is contained and keeps authority denied
  ---
  duration_ms: 1.741037
  type: 'test'
  ...
# Subtest: trusted root-owned complete directory chain accepts bounded public keys
ok 75 - trusted root-owned complete directory chain accepts bounded public keys
  ---
  duration_ms: 10.997058
  type: 'test'
  ...
# Subtest: writable, foreign-owned or symbolic-link ancestor is denied before file open
ok 76 - writable, foreign-owned or symbolic-link ancestor is denied before file open
  ---
  duration_ms: 7.554396
  type: 'test'
  ...
# Subtest: unsafe trust file and inode swap fail closed
ok 77 - unsafe trust file and inode swap fail closed
  ---
  duration_ms: 18.441806
  type: 'test'
  ...
# Subtest: read remains bounded after growth and rejects malformed contents with close
ok 78 - read remains bounded after growth and rejects malformed contents with close
  ---
  duration_ms: 6.78457
  type: 'test'
  ...
# Subtest: Windows and noncanonical paths require explicit supported provisioning
ok 79 - Windows and noncanonical paths require explicit supported provisioning
  ---
  duration_ms: 9.184886
  type: 'test'
  ...
1..79
# tests 79
# suites 0
# pass 79
# fail 0
# cancelled 0
# skipped 0
# todo 0
# duration_ms 812.634884
