npm warn Unknown env config "http-proxy". This will stop working in the next major version of npm.

> iobroker.eos-admin@7.10.11 precheck:eos-stability
> npm run sync:eos-version && npm run prepare:eos-release-defaults && npm run clean:eos-runtime

npm warn Unknown env config "http-proxy". This will stop working in the next major version of npm.

> iobroker.eos-admin@7.10.11 sync:eos-version
> node tools/nexowatt-sync-release-version.cjs

[NexoWatt EOS version sync] OK (7.10.11; all release files match)
npm warn Unknown env config "http-proxy". This will stop working in the next major version of npm.

> iobroker.eos-admin@7.10.11 prepare:eos-release-defaults
> node tools/nexowatt-ensure-release-defaults.cjs

[NexoWatt EOS release defaults] OK (canonical sales defaults already present)
npm warn Unknown env config "http-proxy". This will stop working in the next major version of npm.

> iobroker.eos-admin@7.10.11 clean:eos-runtime
> node tools/nexowatt-clean-legacy-runtime.cjs

[NexoWatt EOS runtime cleanup] OK (runtime v84, shell v7109, removed 0 legacy files)

> iobroker.eos-admin@7.10.11 check:eos-stability
> node tools/nexowatt-stability-check.cjs && node tools/nexowatt-esm-syntax-selftest.cjs && node tools/nexowatt-backend-runtime-selftest.cjs && node tools/nexowatt-prebuilt-release-selftest.cjs && node tools/nexowatt-import-integrity-selftest.cjs && node tools/nexowatt-entrypoint-smoke-selftest.cjs && node tools/nexowatt-frontend-graph-check.cjs && node tools/nexowatt-policy-selftest.cjs && node tools/nexowatt-publish-channel-selftest.cjs && node tools/nexowatt-release-defaults-selftest.cjs && node tools/nexowatt-role-access-selftest.cjs && node tools/nexowatt-internal-reserve-selftest.cjs && node tools/nexowatt-modern-ui-selftest.cjs && node tools/nexowatt-login-layout-selftest.cjs && node tools/nexowatt-branding-selftest.cjs && node tools/nexowatt-default-port-selftest.cjs && node tools/nexowatt-module-popup-selftest.cjs && node tools/nexowatt-datapoint-selftest.cjs && node tools/nexowatt-update-selftest.cjs && node tools/nexowatt-datapoint-interaction-selftest.cjs && node tools/nexowatt-manual-write-policy-selftest.cjs && node tools/nexowatt-value-column-selftest.cjs && node tools/nexowatt-native-shell-selftest.cjs && node tools/nexowatt-assistant-separation-selftest.cjs && node tools/nexowatt-runtime-cleanup-selftest.cjs && node tools/nexowatt-version-sync-selftest.cjs && node tools/nexowatt-merge-update-selftest.cjs && node tools/nexowatt-password-write-selftest.cjs && node tools/nexowatt-account-password-flow-selftest.cjs && npm run check:eos-stable-v7103 && node tools/nexowatt-ems-overview-selftest.cjs && node tools/nexowatt-ui-overview-runtime-selftest.cjs && node tools/nexowatt-auto-update-selftest.cjs && node tools/nexowatt-auto-update-placement-selftest.cjs && node tools/nexowatt-role-security-selftest.cjs && node tools/nexowatt-user-area-selftest.cjs && node tools/nexowatt-installer-ems-selftest.cjs && node tools/nexowatt-v7109-clean-core-selftest.cjs && npm run test:eos-licensing && npm run test:eos-security-boundaries && npm run test:eos-security-upgrade

[NexoWatt EOS stability] OK
[NexoWatt EOS ESM syntax] OK
[NexoWatt EOS backend runtime] OK (21 local runtime files resolve, parse and are declared by the npm files whitelist; dependency-free on Windows)
[NexoWatt EOS prebuilt release] 1 failure(s):
sealed release file changed after validation: src/lib/eosSessionSecurity.js
