TAP version 13
# Subtest: HTTPS accepts bounded JSON with explicit TLS verification, identity encoding and no pooling
ok 1 - HTTPS accepts bounded JSON with explicit TLS verification, identity encoding and no pooling
  ---
  duration_ms: 8.048322
  type: 'test'
  ...
# Subtest: HTTPS rejects scheme, credentials, fragments, alternate port and non-allowlisted host before transport
ok 2 - HTTPS rejects scheme, credentials, fragments, alternate port and non-allowlisted host before transport
  ---
  duration_ms: 2.308434
  type: 'test'
  ...
# Subtest: HTTPS rejects redirects without contacting redirect targets
ok 3 - HTTPS rejects redirects without contacting redirect targets
  ---
  duration_ms: 1.337751
  type: 'test'
  ...
# Subtest: HTTPS rejects oversized declared and streamed responses and compressed bodies
ok 4 - HTTPS rejects oversized declared and streamed responses and compressed bodies
  ---
  duration_ms: 3.561776
  type: 'test'
  ...
# Subtest: HTTPS rejects malformed or primitive JSON without exposing body/error text
ok 5 - HTTPS rejects malformed or primitive JSON without exposing body/error text
  ---
  duration_ms: 3.591447
  type: 'test'
  ...
# Subtest: HTTPS hard deadline destroys a request before response including DNS/connect stalls
ok 6 - HTTPS hard deadline destroys a request before response including DNS/connect stalls
  ---
  duration_ms: 20.956407
  type: 'test'
  ...
# Subtest: HTTPS hard deadline also bounds slow response bodies
ok 7 - HTTPS hard deadline also bounds slow response bodies
  ---
  duration_ms: 22.607508
  type: 'test'
  ...
# Subtest: HTTP bind is literal loopback unless TLS enabled; nonloopback Host and peer are rejected
ok 8 - HTTP bind is literal loopback unless TLS enabled; nonloopback Host and peer are rejected
  ---
  duration_ms: 3.069276
  type: 'test'
  ...
# Subtest: gzip preview returns text but rejects bombs, oversized input, and invalid gzip
ok 9 - gzip preview returns text but rejects bombs, oversized input, and invalid gzip
  ---
  duration_ms: 77.730125
  type: 'test'
  ...
# Subtest: gzip preview concurrency is bounded independently of compressed size
ok 10 - gzip preview concurrency is bounded independently of compressed size
  ---
  duration_ms: 53.860006
  type: 'test'
  ...
# Subtest: system-info calls coalesce and cache npm version; no shell is used
ok 11 - system-info calls coalesce and cache npm version; no shell is used
  ---
  duration_ms: 2.203385
  type: 'test'
  ...
# Subtest: upload budget admits two across routes; third denied and aborted temporary files cleaned
ok 12 - upload budget admits two across routes; third denied and aborted temporary files cleaned
  ---
  duration_ms: 75.569645
  type: 'test'
  ...
# Subtest: upload parser receives actual total/file/part limits and private temporary directory
ok 13 - upload parser receives actual total/file/part limits and private temporary directory
  ---
  duration_ms: 34.383819
  type: 'test'
  ...
# Subtest: restore storage does not follow existing destination symlink and persists restrictive permissions
ok 14 - restore storage does not follow existing destination symlink and persists restrictive permissions
  ---
  duration_ms: 42.228337
  type: 'test'
  ...
# Subtest: retained upload data counts against shared quota at the next admission
ok 15 - retained upload data counts against shared quota at the next admission
  ---
  duration_ms: 38.685982
  type: 'test'
  ...
# Subtest: upload total deadline aborts a still-active parser and removes its partial directory
ok 16 - upload total deadline aborts a still-active parser and removes its partial directory
  ---
  duration_ms: 56.514543
  type: 'test'
  ...
# Subtest: upload admission rejects low disk space before constructing parser
ok 17 - upload admission rejects low disk space before constructing parser
  ---
  duration_ms: 5.22059
  type: 'test'
  ...
# Subtest: synchronous parser initialization failure releases reserved capacity
ok 18 - synchronous parser initialization failure releases reserved capacity
  ---
  duration_ms: 75.322098
  type: 'test'
  ...
1..18
# tests 18
# suites 0
# pass 18
# fail 0
# cancelled 0
# skipped 0
# todo 0
# duration_ms 821.839615
