TAP version 13
# Subtest: download endpoint excludes shell, auth, query, redirect and path injection syntax
ok 1 - download endpoint excludes shell, auth, query, redirect and path injection syntax
  ---
  duration_ms: 5.7593
  type: 'test'
  ...
# Subtest: manufacturer must supply real-shaped Ed25519 public trust with separate exact pin
ok 2 - manufacturer must supply real-shaped Ed25519 public trust with separate exact pin
  ---
  duration_ms: 153.3097
  type: 'test'
  ...
# Subtest: kit cannot ship changed or omitted signed helpers or extra runtime code
ok 3 - kit cannot ship changed or omitted signed helpers or extra runtime code
  ---
  duration_ms: 1.7769
  type: 'test'
  ...
# Subtest: one command checks a separately delivered script pin before execution; script data survive exact embedding
ok 4 - one command checks a separately delivered script pin before execution; script data survive exact embedding
  ---
  duration_ms: 5.406
  type: 'test'
  ...
# Subtest: canonical ZIP builder reads back bytes and refuses changed source before it can become a valid kit
ok 5 - canonical ZIP builder reads back bytes and refuses changed source before it can become a valid kit
  ---
  duration_ms: 1162.5716
  type: 'test'
  ...
# Subtest: build CLI accepts only explicit manufacturer inputs, never private signing keys or target passwords
ok 6 - build CLI accepts only explicit manufacturer inputs, never private signing keys or target passwords
  ---
  duration_ms: 0.9151
  type: 'test'
  ...
# Subtest: Git blob identity hashes the canonical Git header as well as exact bytes
ok 7 - Git blob identity hashes the canonical Git header as well as exact bytes
  ---
  duration_ms: 7.4147
  type: 'test'
  ...
# Subtest: manufacturer inputs require authentic public trust and pins; arbitrary repository credentials are not CLI options
ok 8 - manufacturer inputs require authentic public trust and pins; arbitrary repository credentials are not CLI options
  ---
  duration_ms: 1.7455
  type: 'test'
  ...
# Subtest: target command keeps token out of argv, history, URLs, disk and child environment
ok 9 - target command keeps token out of argv, history, URLs, disk and child environment
  ---
  duration_ms: 1.8899
  type: 'test'
  ...
# Subtest: only pinned fixed-repository code executes, after complete bounded HTTPS download and SHA256 check
ok 10 - only pinned fixed-repository code executes, after complete bounded HTTPS download and SHA256 check
  ---
  duration_ms: 0.8385
  type: 'test'
  ...
# Subtest: copyable here-document parses in real Bash including protected token descriptor handoff
ok 11 - copyable here-document parses in real Bash including protected token descriptor handoff
  ---
  duration_ms: 279.7218
  type: 'test'
  ...
# Subtest: inherited export and allexport cannot copy the new token into child environments; FD3 survives exec
ok 12 - inherited export and allexport cannot copy the new token into child environments; FD3 survives exec
  ---
  duration_ms: 240.1248
  type: 'test'
  ...
# Subtest: IP selection prefers a validated SSH local destination only when present on an active noninternal interface
ok 13 - IP selection prefers a validated SSH local destination only when present on an active noninternal interface
  ---
  duration_ms: 14.8594
  type: 'test'
  ...
# Subtest: one distinct IPv4 is automatic; loopback, link-local, unspecified, multicast and IPv6 are ineligible
ok 14 - one distinct IPv4 is automatic; loopback, link-local, unspecified, multicast and IPv6 are ineligible
  ---
  duration_ms: 0.8443
  type: 'test'
  ...
# Subtest: bootstrap configuration accepts only exact pin fields and valid schema, never custom paths or secrets
ok 15 - bootstrap configuration accepts only exact pin fields and valid schema, never custom paths or secrets
  ---
  duration_ms: 4.4646
  type: 'test'
  ...
# Subtest: license trust requires authentic pinned public Ed25519 keys and rejects private keys even with matching hash
ok 16 - license trust requires authentic pinned public Ed25519 keys and rejects private keys even with matching hash
  ---
  duration_ms: 21.8755
  type: 'test'
  ...
# Subtest: TTY must be an actual character terminal before it can receive any possession code
ok 17 - TTY must be an actual character terminal before it can receive any possession code
  ---
  duration_ms: 1.2392
  type: 'test'
  ...
# Subtest: successful runner uses all existing installer flags and emits possession only through opened TTY
ok 18 - successful runner uses all existing installer flags and emits possession only through opened TTY
  ---
  duration_ms: 34.3615
  type: 'test'
  ...
# Subtest: missing TTY, ambiguous IP and changed pins fail before host installation or input creation
ok 19 - missing TTY, ambiguous IP and changed pins fail before host installation or input creation
  ---
  duration_ms: 49.9674
  type: 'test'
  ...
# Subtest: installer failures never read or output code and sanitized error excludes downstream secret messages
ok 20 - installer failures never read or output code and sanitized error excludes downstream secret messages
  ---
  duration_ms: 30.4985
  type: 'test'
  ...
# Subtest: unsafe code permissions and existing input directory fail closed without TTY disclosure
ok 21 - unsafe code permissions and existing input directory fail closed without TTY disclosure
  ---
  duration_ms: 28.4511
  type: 'test'
  ...
# Subtest: CLI cannot select paths or weaken host requirements; errors contain no arbitrary properties
ok 22 - CLI cannot select paths or weaken host requirements; errors contain no arbitrary properties
  ---
  duration_ms: 9.8157
  type: 'test'
  ...
# Subtest: TTY is revalidated immediately before disclosure and cannot degrade into an ordinary output file
ok 23 - TTY is revalidated immediately before disclosure and cannot degrade into an ordinary output file
  ---
  duration_ms: 0.6642
  type: 'test'
  ...
# Subtest: ambiguous address errors give a bounded corrective message without addresses or secrets
ok 24 - ambiguous address errors give a bounded corrective message without addresses or secrets
  ---
  duration_ms: 0.6985
  type: 'test'
  ...
# Subtest: terminal success is readable and includes public browser trust instructions without arbitrary result properties
ok 25 - terminal success is readable and includes public browser trust instructions without arbitrary result properties
  ---
  duration_ms: 20.8766
  type: 'test'
  ...
# Subtest: preflight refusal preserves its fixed error code and known failed check IDs but never diagnostic detail or secrets
ok 26 - preflight refusal preserves its fixed error code and known failed check IDs but never diagnostic detail or secrets
  ---
  duration_ms: 22.6609
  type: 'test'
  ...
# Subtest: real private GitHub publication builder binds r2, all assets and complete source kit with ephemeral public fixture trust
ok 27 - real private GitHub publication builder binds r2, all assets and complete source kit with ephemeral public fixture trust
  ---
  duration_ms: 27227.3184
  type: 'test'
  ...
# 96 kit files read back; 83 signed source bindings; three actual assets checked; no publication or target execution.
1..27
# tests 27
# suites 0
# pass 27
# fail 0
# cancelled 0
# skipped 0
# todo 0
# duration_ms 27709.8171
