DIAG_SOURCE {"sourceSha256":"4091eb57112c36c7976850a5efeeab5dff8ecde03374e46bdbb214e3002eb4d0","instrumentation":"in-memory prototype timing wrappers; no runtime changes; bounded diagnostics; no payload/secrets"}
OK 99 Slaves; 100., doppelte ID und unsichere Rückfallsumme abgewiesen
OK HTTP nur im Tailnet/Loopback; HMAC erkennt Manipulation
OK Wiederanlauf erst nach bestätigtem Rückfall; 99 Teilnehmer innerhalb Budget
OK Ein fehlender Slave: übrige Teilnehmer erhalten Rückfall, Altbudget bleibt reserviert
OK Wiederverbindung mit begrenztem Wiederanlauf
OK Hauptzähler-Ausfall setzt Wiederanlauf zurück; keine sofortige Freigabe
DIAG_ACCEPT {"code":"stale_or_invalid_lease","node":"house_0","elapsedMs":801,"timeoutMs":800,"leaseMs":3000,"remainingMs":2199,"sequenceMatch":true,"requestMatch":true,"bindingMatch":true,"epochMatch":true,"commandSequence":9,"previousCommandSequence":9,"sameCommandContents":true}
DIAG_ACCEPT {"code":"stale_or_invalid_lease","node":"house_0","elapsedMs":0,"timeoutMs":800,"leaseMs":3000,"remainingMs":3000,"sequenceMatch":true,"requestMatch":true,"bindingMatch":true,"epochMatch":true,"commandSequence":9,"previousCommandSequence":9,"sameCommandContents":true}
OK Replay, fremder Boot, alte Revision und verspätete Antwort verlängern keine Lease
OK Master-Neustart reserviert Maxima und verlangt neue Synchronisation
OK Strangreserve und Phasen begrenzen zusätzlich; Null bleibt Null
OK Finale Sicherheitsprüfung begrenzt Boost und addierte Ladepunkte; Ablauf erzwingt Null
OK Finaler PV-/Speicher-Writer prüft aktuelle Nullgrenzen und Exportbudget
OK Speicher-Freigabe nutzt kanonisches storage.controlMode und sperrt Farm/Sondermodi
OK Schnelle Publish-Syntaxprüfung führt Code nicht aus und erkennt Fehler
OK Microgrid-Meldung: Diagnose still, Anlauf normal, Betriebsausfall kritisch, ein Ereignis
OK echte parallele HTTP-Kommunikation: 99 Slaves, Handshake + Freigabe in 352 ms (Loopback, kein Feldnachweis)
OK 99 warme HTTP-Kanäle im 250-ms-Takt mit Archiv-fsync: 792 Antworten, P95 67 ms, Maximum 80 ms (Loopback)
OK unerreichbarer Slave-Kanal blockiert andere 98 Kanäle nicht
OK verschlüsselte Konfiguration und Neustart
OK fehlende aktive Konfiguration bleibt durch Marker verriegelt
OK beschädigte persistierte Konfiguration verriegelt
Mesh coordinator: 20 Prüfgruppen bestanden.
DIAG_SUMMARY {"cycle":{"count":1089,"total":82413.27449099996,"p50":58.987973999999895,"p95":247.34669000000008,"max":270.32592499999987},"failures":[{"elapsedMs":33.72141099999999,"error":"connect ECONNREFUSED 127.0.0.1:1"}],"receive":{"count":1088,"total":166.30586799999537,"p50":0.11981100000002698,"p95":0.3067040000000816,"max":3.907517000000098},"eventLoopLag":{"count":165,"total":1843.6528210000017,"p50":0.2648629999998775,"p95":39.45407299999988,"max":1020.787824}}
