[5:0x44cc1000]       83 ms: Scavenge 6.6 (8.1) -> 6.2 (9.1) MB, pooled: 0 MB, 1.58 / 0.00 ms  (average mu = 1.000, current mu = 1.000) allocation failure; 
[5:0x44cc1000]      109 ms: Scavenge 7.2 (9.3) -> 6.9 (12.1) MB, pooled: 0 MB, 2.06 / 0.00 ms  (average mu = 1.000, current mu = 1.000) allocation failure; 
DIAG_SOURCE {"sourceSha256":"f35210701c355763dbd407a565573a48e5d097c9adcfb1a7aed76dc77713a6c3","instrumentation":"in-memory prototype timing wrappers; no runtime changes; bounded diagnostics; no payload/secrets"}
[5:0x44cc1000]      158 ms: Scavenge 9.9 (13.6) -> 8.9 (13.6) MB, pooled: 0 MB, 1.24 / 0.00 ms  (average mu = 1.000, current mu = 1.000) allocation failure; 
OK 99 Slaves; 100., doppelte ID und unsichere Rückfallsumme abgewiesen
OK HTTP nur im Tailnet/Loopback; HMAC erkennt Manipulation
[5:0x44cc1000]      166 ms: Scavenge 10.1 (13.6) -> 8.9 (14.3) MB, pooled: 0 MB, 1.03 / 0.00 ms  (average mu = 1.000, current mu = 1.000) allocation failure; 
[5:0x44cc1000]      180 ms: Scavenge 10.9 (14.3) -> 9.2 (14.3) MB, pooled: 0 MB, 0.63 / 0.05 ms  (average mu = 1.000, current mu = 1.000) allocation failure; 
[5:0x44cc1000]      193 ms: Scavenge 11.0 (14.3) -> 9.4 (18.3) MB, pooled: 0 MB, 1.20 / 0.05 ms  (average mu = 1.000, current mu = 1.000) allocation failure; 
[5:0x44cc1000]      208 ms: Scavenge 13.3 (18.3) -> 9.5 (18.6) MB, pooled: 0 MB, 0.70 / 0.15 ms  (average mu = 1.000, current mu = 1.000) allocation failure; 
[5:0x44cc1000]      223 ms: Scavenge 13.3 (18.6) -> 9.5 (18.6) MB, pooled: 0 MB, 1.25 / 0.49 ms  (average mu = 1.000, current mu = 1.000) allocation failure; 
[5:0x44cc1000]      236 ms: Scavenge 13.3 (18.8) -> 9.5 (18.8) MB, pooled: 0 MB, 0.64 / 0.13 ms  (average mu = 1.000, current mu = 1.000) allocation failure; 
[5:0x44cc1000]      245 ms: Scavenge 13.3 (18.8) -> 9.5 (18.8) MB, pooled: 0 MB, 0.78 / 0.15 ms  (average mu = 1.000, current mu = 1.000) allocation failure; 
[5:0x44cc1000]      254 ms: Scavenge 13.4 (18.8) -> 9.6 (18.8) MB, pooled: 0 MB, 0.60 / 0.10 ms  (average mu = 1.000, current mu = 1.000) allocation failure; 
[5:0x44cc1000]      260 ms: Scavenge 13.4 (18.8) -> 9.7 (19.3) MB, pooled: 0 MB, 0.74 / 0.00 ms  (average mu = 1.000, current mu = 1.000) allocation failure; 
[5:0x44cc1000]      271 ms: Scavenge 13.6 (19.3) -> 9.9 (19.6) MB, pooled: 0 MB, 0.69 / 0.05 ms  (average mu = 1.000, current mu = 1.000) allocation failure; 
[5:0x44cc1000]      279 ms: Scavenge 13.7 (19.6) -> 10.0 (19.6) MB, pooled: 0 MB, 0.73 / 0.04 ms  (average mu = 1.000, current mu = 1.000) allocation failure; 
[5:0x44cc1000]      283 ms: Scavenge 13.8 (19.6) -> 10.0 (19.6) MB, pooled: 0 MB, 0.53 / 0.00 ms  (average mu = 1.000, current mu = 1.000) allocation failure; 
[5:0x44cc1000]      294 ms: Scavenge 13.9 (19.6) -> 10.2 (19.6) MB, pooled: 0 MB, 0.84 / 0.05 ms  (average mu = 1.000, current mu = 1.000) allocation failure; 
[5:0x44cc1000]      305 ms: Scavenge 14.0 (19.6) -> 10.3 (19.6) MB, pooled: 0 MB, 0.88 / 0.08 ms  (average mu = 1.000, current mu = 1.000) allocation failure; 
[5:0x44cc1000]      309 ms: Scavenge 14.1 (19.6) -> 10.3 (19.6) MB, pooled: 0 MB, 0.75 / 0.02 ms  (average mu = 1.000, current mu = 1.000) allocation failure; 
[5:0x44cc1000]      316 ms: Scavenge 14.2 (19.6) -> 10.4 (19.6) MB, pooled: 0 MB, 0.88 / 0.08 ms  (average mu = 1.000, current mu = 1.000) allocation failure; 
[5:0x44cc1000]      320 ms: Scavenge 14.2 (19.6) -> 10.4 (19.6) MB, pooled: 0 MB, 0.90 / 0.00 ms  (average mu = 1.000, current mu = 1.000) allocation failure; 
[5:0x44cc1000]      328 ms: Scavenge 14.5 (19.6) -> 10.7 (19.6) MB, pooled: 0 MB, 0.62 / 0.05 ms  (average mu = 1.000, current mu = 1.000) allocation failure; 
[5:0x44cc1000]      334 ms: Scavenge 14.5 (19.6) -> 10.8 (19.8) MB, pooled: 0 MB, 1.91 / 0.07 ms  (average mu = 1.000, current mu = 1.000) allocation failure; 
[5:0x44cc1000]      341 ms: Scavenge 14.6 (19.8) -> 10.9 (19.8) MB, pooled: 0 MB, 0.94 / 0.05 ms  (average mu = 1.000, current mu = 1.000) allocation failure; 
[5:0x44cc1000]      348 ms: Scavenge 14.7 (19.8) -> 11.0 (19.8) MB, pooled: 0 MB, 1.25 / 0.08 ms  (average mu = 1.000, current mu = 1.000) allocation failure; 
[5:0x44cc1000]      356 ms: Scavenge 14.8 (19.8) -> 11.1 (19.8) MB, pooled: 0 MB, 0.84 / 0.04 ms  (average mu = 1.000, current mu = 1.000) allocation failure; 
[5:0x44cc1000]      366 ms: Scavenge 14.9 (19.8) -> 11.1 (28.3) MB, pooled: 0 MB, 2.91 / 0.33 ms  (average mu = 1.000, current mu = 1.000) allocation failure; 
[5:0x44cc1000]      397 ms: Scavenge 19.0 (28.3) -> 11.3 (28.3) MB, pooled: 0 MB, 1.36 / 0.14 ms  (average mu = 1.000, current mu = 1.000) allocation failure; 
OK Wiederanlauf erst nach bestätigtem Rückfall; 99 Teilnehmer innerhalb Budget
[5:0x44cc1000]      415 ms: Scavenge 19.0 (28.3) -> 11.3 (28.3) MB, pooled: 0 MB, 0.79 / 0.20 ms  (average mu = 1.000, current mu = 1.000) allocation failure; 
[5:0x44cc1000]      429 ms: Scavenge 19.0 (28.3) -> 11.3 (28.3) MB, pooled: 0 MB, 1.24 / 0.39 ms  (average mu = 1.000, current mu = 1.000) allocation failure; 
[5:0x44cc1000]      452 ms: Scavenge 19.0 (28.3) -> 11.3 (28.3) MB, pooled: 0 MB, 1.31 / 0.27 ms  (average mu = 1.000, current mu = 1.000) allocation failure; 
OK Ein fehlender Slave: übrige Teilnehmer erhalten Rückfall, Altbudget bleibt reserviert
[5:0x44cc1000]      470 ms: Scavenge 19.0 (28.3) -> 11.3 (28.3) MB, pooled: 0 MB, 0.98 / 0.27 ms  (average mu = 1.000, current mu = 1.000) allocation failure; 
[5:0x44cc1000]      488 ms: Scavenge 19.1 (28.3) -> 11.3 (28.3) MB, pooled: 0 MB, 0.97 / 0.26 ms  (average mu = 1.000, current mu = 1.000) allocation failure; 
[5:0x44cc1000]      510 ms: Scavenge 19.1 (28.3) -> 11.3 (28.6) MB, pooled: 0 MB, 1.69 / 0.46 ms  (average mu = 1.000, current mu = 1.000) allocation failure; 
[5:0x44cc1000]      528 ms: Scavenge 19.1 (28.6) -> 11.4 (28.6) MB, pooled: 0 MB, 1.53 / 0.28 ms  (average mu = 1.000, current mu = 1.000) allocation failure; 
[5:0x44cc1000]      543 ms: Scavenge 19.1 (28.6) -> 11.4 (28.6) MB, pooled: 0 MB, 1.23 / 0.38 ms  (average mu = 1.000, current mu = 1.000) allocation failure; 
[5:0x44cc1000]      556 ms: Scavenge 19.1 (28.6) -> 11.4 (28.6) MB, pooled: 0 MB, 0.97 / 0.09 ms  (average mu = 1.000, current mu = 1.000) allocation failure; 
[5:0x44cc1000]      567 ms: Scavenge 19.2 (28.6) -> 11.4 (28.8) MB, pooled: 0 MB, 0.87 / 0.07 ms  (average mu = 1.000, current mu = 1.000) allocation failure; 
[5:0x44cc1000]      578 ms: Scavenge 19.2 (28.8) -> 11.5 (28.8) MB, pooled: 0 MB, 1.01 / 0.05 ms  (average mu = 1.000, current mu = 1.000) allocation failure; 
[5:0x44cc1000]      595 ms: Scavenge 19.3 (28.8) -> 11.6 (28.8) MB, pooled: 0 MB, 2.31 / 0.17 ms  (average mu = 1.000, current mu = 1.000) allocation failure; 
[5:0x44cc1000]      612 ms: Scavenge 19.3 (28.8) -> 11.6 (28.8) MB, pooled: 0 MB, 0.78 / 0.14 ms  (average mu = 1.000, current mu = 1.000) allocation failure; 
[5:0x44cc1000]      626 ms: Scavenge 19.3 (28.8) -> 11.5 (28.8) MB, pooled: 0 MB, 0.96 / 0.23 ms  (average mu = 1.000, current mu = 1.000) allocation failure; 
[5:0x44cc1000]      641 ms: Scavenge 19.4 (28.8) -> 11.6 (28.8) MB, pooled: 0 MB, 0.95 / 0.15 ms  (average mu = 1.000, current mu = 1.000) allocation failure; 
OK Wiederverbindung mit begrenztem Wiederanlauf
[5:0x44cc1000]      663 ms: Scavenge 19.4 (28.8) -> 11.7 (28.8) MB, pooled: 0 MB, 1.45 / 0.42 ms  (average mu = 1.000, current mu = 1.000) allocation failure; 
[5:0x44cc1000]      681 ms: Scavenge 19.4 (28.8) -> 11.7 (28.8) MB, pooled: 0 MB, 0.98 / 0.32 ms  (average mu = 1.000, current mu = 1.000) allocation failure; 
[5:0x44cc1000]      695 ms: Scavenge 19.5 (28.8) -> 11.7 (28.8) MB, pooled: 0 MB, 1.23 / 0.36 ms  (average mu = 1.000, current mu = 1.000) allocation failure; 
[5:0x44cc1000]      706 ms: Scavenge 19.5 (28.8) -> 11.7 (28.8) MB, pooled: 0 MB, 0.81 / 0.11 ms  (average mu = 1.000, current mu = 1.000) allocation failure; 
[5:0x44cc1000]      721 ms: Scavenge 19.5 (28.8) -> 11.8 (28.8) MB, pooled: 0 MB, 1.77 / 0.85 ms  (average mu = 1.000, current mu = 1.000) allocation failure; 
[5:0x44cc1000]      739 ms: Scavenge 19.5 (28.8) -> 11.7 (28.8) MB, pooled: 0 MB, 1.22 / 0.11 ms  (average mu = 1.000, current mu = 1.000) allocation failure; 
[5:0x44cc1000]      755 ms: Scavenge 19.5 (28.8) -> 11.7 (28.8) MB, pooled: 0 MB, 0.75 / 0.10 ms  (average mu = 1.000, current mu = 1.000) allocation failure; 
[5:0x44cc1000]      769 ms: Scavenge 19.5 (28.8) -> 11.7 (28.8) MB, pooled: 0 MB, 0.92 / 0.04 ms  (average mu = 1.000, current mu = 1.000) allocation failure; 
[5:0x44cc1000]      785 ms: Scavenge 19.6 (28.8) -> 11.8 (28.8) MB, pooled: 0 MB, 0.89 / 0.17 ms  (average mu = 1.000, current mu = 1.000) allocation failure; 
[5:0x44cc1000]      802 ms: Scavenge 19.6 (28.8) -> 11.9 (28.8) MB, pooled: 0 MB, 1.15 / 0.26 ms  (average mu = 1.000, current mu = 1.000) allocation failure; 
[5:0x44cc1000]      816 ms: Scavenge 19.7 (28.8) -> 12.0 (28.8) MB, pooled: 0 MB, 1.12 / 0.11 ms  (average mu = 1.000, current mu = 1.000) allocation failure; 
[5:0x44cc1000]      836 ms: Scavenge 19.7 (28.8) -> 12.0 (28.8) MB, pooled: 0 MB, 0.94 / 0.14 ms  (average mu = 1.000, current mu = 1.000) allocation failure; 
OK Hauptzähler-Ausfall setzt Wiederanlauf zurück; keine sofortige Freigabe
[5:0x44cc1000]      852 ms: Scavenge 19.7 (28.8) -> 12.0 (28.8) MB, pooled: 0 MB, 1.38 / 0.24 ms  (average mu = 1.000, current mu = 1.000) allocation failure; 
DIAG_ACCEPT {"code":"stale_or_invalid_lease","node":"house_0","elapsedMs":801,"timeoutMs":800,"leaseMs":3000,"remainingMs":2199,"sequenceMatch":true,"requestMatch":true,"bindingMatch":true,"epochMatch":true,"commandSequence":9,"previousCommandSequence":9,"sameCommandContents":true}
[5:0x44cc1000]      864 ms: Scavenge 19.7 (28.8) -> 12.0 (28.8) MB, pooled: 0 MB, 0.89 / 0.01 ms  (average mu = 1.000, current mu = 1.000) allocation failure; 
DIAG_ACCEPT {"code":"stale_or_invalid_lease","node":"house_0","elapsedMs":0,"timeoutMs":800,"leaseMs":3000,"remainingMs":3000,"sequenceMatch":true,"requestMatch":true,"bindingMatch":true,"epochMatch":true,"commandSequence":9,"previousCommandSequence":9,"sameCommandContents":true}
OK Replay, fremder Boot, alte Revision und verspätete Antwort verlängern keine Lease
OK Master-Neustart reserviert Maxima und verlangt neue Synchronisation
OK Strangreserve und Phasen begrenzen zusätzlich; Null bleibt Null
OK Finale Sicherheitsprüfung begrenzt Boost und addierte Ladepunkte; Ablauf erzwingt Null
OK Finaler PV-/Speicher-Writer prüft aktuelle Nullgrenzen und Exportbudget
OK Speicher-Freigabe nutzt kanonisches storage.controlMode und sperrt Farm/Sondermodi
OK Schnelle Publish-Syntaxprüfung führt Code nicht aus und erkennt Fehler
OK Microgrid-Meldung: Diagnose still, Anlauf normal, Betriebsausfall kritisch, ein Ereignis
[5:0x44cc1000]      906 ms: Mark-Compact 16.2 (28.8) -> 9.7 (28.7) MB, pooled: 0 MB, 2.41 / 0.03 ms  (+ 0.5 ms in 9 steps since start of marking, biggest step 0.2 ms, walltime since start of marking 21 ms) (average mu = 0.997, current mu = 0.997) finalize incremental marking via stack guard; GC in old space requested
[5:0x44cc1000]      998 ms: Scavenge 16.9 (28.9) -> 12.2 (44.9) MB, pooled: 0 MB, 2.40 / 0.07 ms  (average mu = 0.997, current mu = 0.997) task; 
OK echte parallele HTTP-Kommunikation: 99 Slaves, Handshake + Freigabe in 199 ms (Loopback, kein Feldnachweis)
[5:0x44cc1000]     1142 ms: Scavenge 25.2 (45.7) -> 13.1 (45.7) MB, pooled: 0 MB, 3.09 / 1.03 ms  (average mu = 0.997, current mu = 0.997) task; 
[5:0x44cc1000]     1423 ms: Scavenge 25.9 (45.9) -> 13.0 (45.9) MB, pooled: 0 MB, 1.96 / 0.75 ms  (average mu = 0.997, current mu = 0.997) task; 
[5:0x44cc1000]     1903 ms: Scavenge 25.9 (46.4) -> 13.7 (46.4) MB, pooled: 0 MB, 2.33 / 0.64 ms  (average mu = 0.997, current mu = 0.997) task; 
[5:0x44cc1000]     2391 ms: Scavenge 26.9 (46.4) -> 14.0 (46.4) MB, pooled: 0 MB, 3.48 / 1.34 ms  (average mu = 0.997, current mu = 0.997) task; 
[5:0x44cc1000]     2884 ms: Scavenge 28.1 (46.4) -> 14.1 (46.7) MB, pooled: 0 MB, 2.24 / 1.06 ms  (average mu = 0.997, current mu = 0.997) task; 
OK 99 warme HTTP-Kanäle im 250-ms-Takt mit Archiv-fsync: 792 Antworten, P95 54 ms, Maximum 56 ms (Loopback)
Mesh-Lastdiagnose (bisheriger Rückfallpfad): [{"round":0,"networkMs":73.34030600000006,"archiveMs":87.45292000000018,"checkedAfterBothMs":87.48564800000008,"state":"SITE_DEGRADED"},{"round":1,"networkMs":53.77832700000022,"archiveMs":66.61238900000012,"checkedAfterBothMs":66.63752700000009,"state":"SITE_DEGRADED"},{"round":2,"networkMs":61.972125000000005,"archiveMs":69.65501300000005,"checkedAfterBothMs":69.68378700000017,"state":"SITE_DEGRADED"},{"round":3,"networkMs":60.251752000000124,"archiveMs":73.78171900000007,"checkedAfterBothMs":73.8325960000002,"state":"SITE_DEGRADED"},{"round":4,"networkMs":46.750129000000015,"archiveMs":57.38885100000016,"checkedAfterBothMs":57.412647000000106,"state":"SITE_DEGRADED"},{"round":5,"networkMs":66.32411200000024,"archiveMs":75.29160600000023,"checkedAfterBothMs":75.31764599999997,"state":"SITE_DEGRADED"},{"round":6,"networkMs":40.67243299999973,"archiveMs":46.61640699999998,"checkedAfterBothMs":46.636888,"state":"SITE_DEGRADED"},{"round":7,"networkMs":54.24599100000023,"archiveMs":61.14641400000028,"checkedAfterBothMs":61.1687380000003,"state":"SITE_DEGRADED"}]
[5:0x44cc1000]     3176 ms: Scavenge 26.4 (46.7) -> 13.7 (46.7) MB, pooled: 0 MB, 2.78 / 0.78 ms  (average mu = 0.997, current mu = 0.997) task; 
[5:0x44cc1000]     3669 ms: Scavenge 27.8 (46.7) -> 13.8 (46.7) MB, pooled: 0 MB, 2.41 / 1.17 ms  (average mu = 0.997, current mu = 0.997) task; 
[5:0x44cc1000]     4166 ms: Scavenge 27.8 (46.7) -> 13.9 (46.9) MB, pooled: 0 MB, 2.10 / 0.59 ms  (average mu = 0.997, current mu = 0.997) task; 
[5:0x44cc1000]     4678 ms: Scavenge 27.8 (46.9) -> 13.9 (46.9) MB, pooled: 0 MB, 4.59 / 1.23 ms  (average mu = 0.997, current mu = 0.997) task; 
[5:0x44cc1000]     5195 ms: Scavenge 27.9 (46.9) -> 13.9 (46.9) MB, pooled: 0 MB, 2.29 / 0.74 ms  (average mu = 0.997, current mu = 0.997) task; 
[5:0x44cc1000]     5653 ms: Scavenge 29.6 (46.9) -> 14.6 (47.2) MB, pooled: 0 MB, 1.71 / 0.55 ms  (average mu = 0.997, current mu = 0.997) allocation failure; 
[5:0x44cc1000]     5900 ms: Scavenge 29.7 (47.2) -> 14.7 (47.2) MB, pooled: 0 MB, 1.96 / 0.44 ms  (average mu = 0.997, current mu = 0.997) allocation failure; 
[5:0x44cc1000]     6140 ms: Scavenge 29.8 (47.2) -> 14.8 (47.4) MB, pooled: 0 MB, 1.73 / 0.27 ms  (average mu = 0.997, current mu = 0.997) allocation failure; 
OK NORMAL mit simuliert bestätigter Anwendung: 297 Antworten, P95 70 ms, Maximum 70 ms; kein Hardwarebeleg
[5:0x44cc1000]     6403 ms: Scavenge 29.9 (47.4) -> 14.7 (47.4) MB, pooled: 0 MB, 8.12 / 0.82 ms  (average mu = 0.997, current mu = 0.997) allocation failure; 
DIAG_ACCEPT {"code":"stale_or_invalid_lease","node":"house_98","elapsedMs":200.00188499999967,"timeoutMs":200,"leaseMs":3000,"remainingMs":2799.9981150000003,"sequenceMatch":true,"requestMatch":true,"bindingMatch":true,"epochMatch":true,"commandSequence":4,"previousCommandSequence":3,"sameCommandContents":true}
AssertionError [ERR_ASSERTION]: The expression evaluated to a falsy value:

  assert(clients.slice(1).every(sc=>sc.currentLimits().valid))

    at main (/workspace/scratch/6383b3161c96/EOS-integrated-test/components/ui/scripts/verify-mesh-coordinator.cjs:159:143)
    at process.processTicksAndRejections (node:internal/process/task_queues:104:5) {
  generatedMessage: true,
  code: 'ERR_ASSERTION',
  actual: false,
  expected: true,
  operator: '==',
  diff: 'simple'
}
DIAG_SUMMARY {"cycle":{"count":2000,"total":99013.94985599989,"p50":46.57775799999945,"p95":72.81839599999967,"max":122.88990399999989},"failures":[],"receive":{"count":2000,"total":182.25978199999474,"p50":0.06447700000035184,"p95":0.19421900000020287,"max":12.237828999999692},"eventLoopLag":{"count":443,"total":2058.9037329999974,"p50":0.12218300000040472,"p95":21.139231999999538,"max":725.469782}}
