OK 99 Slaves; 100., doppelte ID und unsichere Rückfallsumme abgewiesen
OK HTTP nur im Tailnet/Loopback; HMAC erkennt Manipulation
OK Wiederanlauf erst nach bestätigtem Rückfall; 99 Teilnehmer innerhalb Budget
OK Ein fehlender Slave: übrige Teilnehmer erhalten Rückfall, Altbudget bleibt reserviert
OK Wiederverbindung mit begrenztem Wiederanlauf
OK Hauptzähler-Ausfall setzt Wiederanlauf zurück; keine sofortige Freigabe
OK Replay, fremder Boot, alte Revision und verspätete Antwort verlängern keine Lease
OK Master-Neustart reserviert Maxima und verlangt neue Synchronisation
OK Strangreserve und Phasen begrenzen zusätzlich; Null bleibt Null
OK Finale Sicherheitsprüfung begrenzt Boost und addierte Ladepunkte; Ablauf erzwingt Null
OK Finaler PV-/Speicher-Writer prüft aktuelle Nullgrenzen und Exportbudget
OK Speicher-Freigabe nutzt kanonisches storage.controlMode und sperrt Farm/Sondermodi
OK Schnelle Publish-Syntaxprüfung führt Code nicht aus und erkennt Fehler
OK Microgrid-Meldung: Diagnose still, Anlauf normal, Betriebsausfall kritisch, ein Ereignis
OK echte parallele HTTP-Kommunikation: 99 Slaves, Handshake + Freigabe in 205 ms (Loopback, kein Feldnachweis)
OK 99 warme HTTP-Kanäle im 250-ms-Takt mit Archiv-fsync: 792 Antworten, P95 96 ms, Maximum 116 ms (Loopback)
Mesh-Lastdiagnose (bisheriger Rückfallpfad): [{"round":0,"networkMs":94.35380899999996,"archiveMs":131.21657600000003,"checkedAfterBothMs":131.43069000000014,"state":"SITE_DEGRADED"},{"round":1,"networkMs":145.02104299999996,"archiveMs":172.47300799999994,"checkedAfterBothMs":172.49941799999988,"state":"SITE_DEGRADED"},{"round":2,"networkMs":118.94152799999983,"archiveMs":141.00915699999996,"checkedAfterBothMs":141.11456599999997,"state":"SITE_DEGRADED"},{"round":3,"networkMs":93.23659900000007,"archiveMs":120.5753830000001,"checkedAfterBothMs":120.60680100000013,"state":"SITE_DEGRADED"},{"round":4,"networkMs":59.24958699999979,"archiveMs":95.86100399999987,"checkedAfterBothMs":95.89336299999968,"state":"SITE_DEGRADED"},{"round":5,"networkMs":67.62604499999998,"archiveMs":97.36756500000001,"checkedAfterBothMs":97.39514599999984,"state":"SITE_DEGRADED"},{"round":6,"networkMs":47.904091999999764,"archiveMs":74.01069499999994,"checkedAfterBothMs":74.04268300000012,"state":"SITE_DEGRADED"},{"round":7,"networkMs":57.925071000000116,"archiveMs":72.25716999999986,"checkedAfterBothMs":72.27999399999999,"state":"SITE_DEGRADED"}]
OK NORMAL mit simuliert bestätigter Anwendung: 396 Antworten, P95 98 ms, Maximum 99 ms; kein Hardwarebeleg
OK unerreichbarer Slave-Kanal blockiert andere 98 Kanäle nicht
OK verschlüsselte Konfiguration und Neustart
OK fehlende aktive Konfiguration bleibt durch Marker verriegelt
OK beschädigte persistierte Konfiguration verriegelt
Mesh coordinator: 21 Prüfgruppen bestanden.
