TAP version 13
# Subtest: valid profile is only a static match with open release gates
not ok 1 - valid profile is only a static match with open release gates
  ---
  duration_ms: 2.6673
  type: 'test'
  location: 'C:\\Users\\User\\Desktop\\Nexowatt-EOS\\tests\\security\\runtime-tls.test.cjs:46:1'
  failureType: 'hookFailed'
  error: 'spawnSync openssl ENOENT'
  code: 'ENOENT'
  stack: |-
    Object.spawnSync (node:internal/child_process:1160:20)
    spawnSync (node:child_process:928:24)
    execFileSync (node:child_process:971:15)
    TestContext.<anonymous> (C:\Users\User\Desktop\Nexowatt-EOS\tests\security\runtime-tls.test.cjs:19:5)
    TestHook.runInAsyncScope (node:async_hooks:227:14)
    TestHook.run (node:internal/test_runner/test:1402:25)
    TestHook.run (node:internal/test_runner/test:1757:18)
    TestHook.run (node:internal/util:581:20)
    Test.createHook (node:internal/test_runner/test:1117:33)
    node:internal/test_runner/harness:426:12
  ...
# Subtest: null, arrays and primitive roots are rejected without throwing
not ok 2 - null, arrays and primitive roots are rejected without throwing
  ---
  duration_ms: 0.2604
  type: 'test'
  location: 'C:\\Users\\User\\Desktop\\Nexowatt-EOS\\tests\\security\\runtime-tls.test.cjs:56:1'
  failureType: 'hookFailed'
  error: 'spawnSync openssl ENOENT'
  code: 'ENOENT'
  stack: |-
    Object.spawnSync (node:internal/child_process:1160:20)
    spawnSync (node:child_process:928:24)
    execFileSync (node:child_process:971:15)
    TestContext.<anonymous> (C:\Users\User\Desktop\Nexowatt-EOS\tests\security\runtime-tls.test.cjs:19:5)
    TestHook.runInAsyncScope (node:async_hooks:227:14)
    TestHook.run (node:internal/test_runner/test:1402:25)
    TestHook.run (node:internal/test_runner/test:1757:18)
    TestHook.run (node:internal/util:581:20)
    Test.createHook (node:internal/test_runner/test:1117:33)
    node:internal/test_runner/harness:426:12
  ...
# Subtest: both database sections and nested objects are required
not ok 3 - both database sections and nested objects are required
  ---
  duration_ms: 2.12
  type: 'test'
  location: 'C:\\Users\\User\\Desktop\\Nexowatt-EOS\\tests\\security\\runtime-tls.test.cjs:62:1'
  failureType: 'hookFailed'
  error: 'spawnSync openssl ENOENT'
  code: 'ENOENT'
  stack: |-
    Object.spawnSync (node:internal/child_process:1160:20)
    spawnSync (node:child_process:928:24)
    execFileSync (node:child_process:971:15)
    TestContext.<anonymous> (C:\Users\User\Desktop\Nexowatt-EOS\tests\security\runtime-tls.test.cjs:19:5)
    TestHook.runInAsyncScope (node:async_hooks:227:14)
    TestHook.run (node:internal/test_runner/test:1402:25)
    TestHook.run (node:internal/test_runner/test:1757:18)
    TestHook.run (node:internal/util:581:20)
    Test.createHook (node:internal/test_runner/test:1117:33)
    node:internal/test_runner/harness:426:12
  ...
# Subtest: JSONL, file and missing backends cannot pass as encrypted Redis
not ok 4 - JSONL, file and missing backends cannot pass as encrypted Redis
  ---
  duration_ms: 0.2633
  type: 'test'
  location: 'C:\\Users\\User\\Desktop\\Nexowatt-EOS\\tests\\security\\runtime-tls.test.cjs:72:1'
  failureType: 'hookFailed'
  error: 'spawnSync openssl ENOENT'
  code: 'ENOENT'
  stack: |-
    Object.spawnSync (node:internal/child_process:1160:20)
    spawnSync (node:child_process:928:24)
    execFileSync (node:child_process:971:15)
    TestContext.<anonymous> (C:\Users\User\Desktop\Nexowatt-EOS\tests\security\runtime-tls.test.cjs:19:5)
    TestHook.runInAsyncScope (node:async_hooks:227:14)
    TestHook.run (node:internal/test_runner/test:1402:25)
    TestHook.run (node:internal/test_runner/test:1757:18)
    TestHook.run (node:internal/util:581:20)
    Test.createHook (node:internal/test_runner/test:1117:33)
    node:internal/test_runner/harness:426:12
  ...
# Subtest: single TCP endpoint required; sentinel, URLs and unix sockets rejected
not ok 5 - single TCP endpoint required; sentinel, URLs and unix sockets rejected
  ---
  duration_ms: 0.244
  type: 'test'
  location: 'C:\\Users\\User\\Desktop\\Nexowatt-EOS\\tests\\security\\runtime-tls.test.cjs:79:1'
  failureType: 'hookFailed'
  error: 'spawnSync openssl ENOENT'
  code: 'ENOENT'
  stack: |-
    Object.spawnSync (node:internal/child_process:1160:20)
    spawnSync (node:child_process:928:24)
    execFileSync (node:child_process:971:15)
    TestContext.<anonymous> (C:\Users\User\Desktop\Nexowatt-EOS\tests\security\runtime-tls.test.cjs:19:5)
    TestHook.runInAsyncScope (node:async_hooks:227:14)
    TestHook.run (node:internal/test_runner/test:1402:25)
    TestHook.run (node:internal/test_runner/test:1757:18)
    TestHook.run (node:internal/util:581:20)
    Test.createHook (node:internal/test_runner/test:1117:33)
    node:internal/test_runner/harness:426:12
  ...
# Subtest: TLS 1.3 and explicit certificate verification cannot be weakened
not ok 6 - TLS 1.3 and explicit certificate verification cannot be weakened
  ---
  duration_ms: 0.2348
  type: 'test'
  location: 'C:\\Users\\User\\Desktop\\Nexowatt-EOS\\tests\\security\\runtime-tls.test.cjs:88:1'
  failureType: 'hookFailed'
  error: 'spawnSync openssl ENOENT'
  code: 'ENOENT'
  stack: |-
    Object.spawnSync (node:internal/child_process:1160:20)
    spawnSync (node:child_process:928:24)
    execFileSync (node:child_process:971:15)
    TestContext.<anonymous> (C:\Users\User\Desktop\Nexowatt-EOS\tests\security\runtime-tls.test.cjs:19:5)
    TestHook.runInAsyncScope (node:async_hooks:227:14)
    TestHook.run (node:internal/test_runner/test:1402:25)
    TestHook.run (node:internal/test_runner/test:1757:18)
    TestHook.run (node:internal/util:581:20)
    Test.createHook (node:internal/test_runner/test:1117:33)
    node:internal/test_runner/harness:426:12
  ...
# Subtest: explicit DNS server identity and valid current CA required
not ok 7 - explicit DNS server identity and valid current CA required
  ---
  duration_ms: 0.1957
  type: 'test'
  location: 'C:\\Users\\User\\Desktop\\Nexowatt-EOS\\tests\\security\\runtime-tls.test.cjs:96:1'
  failureType: 'hookFailed'
  error: 'spawnSync openssl ENOENT'
  code: 'ENOENT'
  stack: |-
    Object.spawnSync (node:internal/child_process:1160:20)
    spawnSync (node:child_process:928:24)
    execFileSync (node:child_process:971:15)
    TestContext.<anonymous> (C:\Users\User\Desktop\Nexowatt-EOS\tests\security\runtime-tls.test.cjs:19:5)
    TestHook.runInAsyncScope (node:async_hooks:227:14)
    TestHook.run (node:internal/test_runner/test:1402:25)
    TestHook.run (node:internal/test_runner/test:1757:18)
    TestHook.run (node:internal/util:581:20)
    Test.createHook (node:internal/test_runner/test:1117:33)
    node:internal/test_runner/harness:426:12
  ...
# Subtest: short or malformed auth_pass and legacy password fallback rejected
not ok 8 - short or malformed auth_pass and legacy password fallback rejected
  ---
  duration_ms: 0.2123
  type: 'test'
  location: 'C:\\Users\\User\\Desktop\\Nexowatt-EOS\\tests\\security\\runtime-tls.test.cjs:107:1'
  failureType: 'hookFailed'
  error: 'spawnSync openssl ENOENT'
  code: 'ENOENT'
  stack: |-
    Object.spawnSync (node:internal/child_process:1160:20)
    spawnSync (node:child_process:928:24)
    execFileSync (node:child_process:971:15)
    TestContext.<anonymous> (C:\Users\User\Desktop\Nexowatt-EOS\tests\security\runtime-tls.test.cjs:19:5)
    TestHook.runInAsyncScope (node:async_hooks:227:14)
    TestHook.run (node:internal/test_runner/test:1402:25)
    TestHook.run (node:internal/test_runner/test:1757:18)
    TestHook.run (node:internal/util:581:20)
    Test.createHook (node:internal/test_runner/test:1117:33)
    node:internal/test_runner/harness:426:12
  ...
# Subtest: TLS client private keys and transport overrides forbidden
not ok 9 - TLS client private keys and transport overrides forbidden
  ---
  duration_ms: 0.2942
  type: 'test'
  location: 'C:\\Users\\User\\Desktop\\Nexowatt-EOS\\tests\\security\\runtime-tls.test.cjs:115:1'
  failureType: 'hookFailed'
  error: 'spawnSync openssl ENOENT'
  code: 'ENOENT'
  stack: |-
    Object.spawnSync (node:internal/child_process:1160:20)
    spawnSync (node:child_process:928:24)
    execFileSync (node:child_process:971:15)
    TestContext.<anonymous> (C:\Users\User\Desktop\Nexowatt-EOS\tests\security\runtime-tls.test.cjs:19:5)
    TestHook.runInAsyncScope (node:async_hooks:227:14)
    TestHook.run (node:internal/test_runner/test:1402:25)
    TestHook.run (node:internal/test_runner/test:1757:18)
    TestHook.run (node:internal/util:581:20)
    Test.createHook (node:internal/test_runner/test:1117:33)
    node:internal/test_runner/harness:426:12
  ...
# Subtest: client options with invalid types cannot disguise their runtime semantics
not ok 10 - client options with invalid types cannot disguise their runtime semantics
  ---
  duration_ms: 0.2742
  type: 'test'
  location: 'C:\\Users\\User\\Desktop\\Nexowatt-EOS\\tests\\security\\runtime-tls.test.cjs:124:1'
  failureType: 'hookFailed'
  error: 'spawnSync openssl ENOENT'
  code: 'ENOENT'
  stack: |-
    Object.spawnSync (node:internal/child_process:1160:20)
    spawnSync (node:child_process:928:24)
    execFileSync (node:child_process:971:15)
    TestContext.<anonymous> (C:\Users\User\Desktop\Nexowatt-EOS\tests\security\runtime-tls.test.cjs:19:5)
    TestHook.runInAsyncScope (node:async_hooks:227:14)
    TestHook.run (node:internal/test_runner/test:1402:25)
    TestHook.run (node:internal/test_runner/test:1757:18)
    TestHook.run (node:internal/util:581:20)
    Test.createHook (node:internal/test_runner/test:1117:33)
    node:internal/test_runner/harness:426:12
  ...
# Subtest: Admin 8.0.14-style options reconstruction is caught after saving
not ok 11 - Admin 8.0.14-style options reconstruction is caught after saving
  ---
  duration_ms: 0.2118
  type: 'test'
  location: 'C:\\Users\\User\\Desktop\\Nexowatt-EOS\\tests\\security\\runtime-tls.test.cjs:133:1'
  failureType: 'hookFailed'
  error: 'spawnSync openssl ENOENT'
  code: 'ENOENT'
  stack: |-
    Object.spawnSync (node:internal/child_process:1160:20)
    spawnSync (node:child_process:928:24)
    execFileSync (node:child_process:971:15)
    TestContext.<anonymous> (C:\Users\User\Desktop\Nexowatt-EOS\tests\security\runtime-tls.test.cjs:19:5)
    TestHook.runInAsyncScope (node:async_hooks:227:14)
    TestHook.run (node:internal/test_runner/test:1402:25)
    TestHook.run (node:internal/test_runner/test:1757:18)
    TestHook.run (node:internal/util:581:20)
    Test.createHook (node:internal/test_runner/test:1117:33)
    node:internal/test_runner/harness:426:12
  ...
# Subtest: CLI reads explicit file without modifying it and emits no credential or CA
not ok 12 - CLI reads explicit file without modifying it and emits no credential or CA
  ---
  duration_ms: 0.2201
  type: 'test'
  location: 'C:\\Users\\User\\Desktop\\Nexowatt-EOS\\tests\\security\\runtime-tls.test.cjs:138:1'
  failureType: 'hookFailed'
  error: 'spawnSync openssl ENOENT'
  code: 'ENOENT'
  stack: |-
    Object.spawnSync (node:internal/child_process:1160:20)
    spawnSync (node:child_process:928:24)
    execFileSync (node:child_process:971:15)
    TestContext.<anonymous> (C:\Users\User\Desktop\Nexowatt-EOS\tests\security\runtime-tls.test.cjs:19:5)
    TestHook.runInAsyncScope (node:async_hooks:227:14)
    TestHook.run (node:internal/test_runner/test:1402:25)
    TestHook.run (node:internal/test_runner/test:1757:18)
    TestHook.run (node:internal/util:581:20)
    Test.createHook (node:internal/test_runner/test:1117:33)
    node:internal/test_runner/harness:426:12
  ...
# Subtest: CLI rejects invalid JSON, unreadable path and unsafe profile without leaking input
not ok 13 - CLI rejects invalid JSON, unreadable path and unsafe profile without leaking input
  ---
  duration_ms: 0.1305
  type: 'test'
  location: 'C:\\Users\\User\\Desktop\\Nexowatt-EOS\\tests\\security\\runtime-tls.test.cjs:150:1'
  failureType: 'hookFailed'
  error: 'spawnSync openssl ENOENT'
  code: 'ENOENT'
  stack: |-
    Object.spawnSync (node:internal/child_process:1160:20)
    spawnSync (node:child_process:928:24)
    execFileSync (node:child_process:971:15)
    TestContext.<anonymous> (C:\Users\User\Desktop\Nexowatt-EOS\tests\security\runtime-tls.test.cjs:19:5)
    TestHook.runInAsyncScope (node:async_hooks:227:14)
    TestHook.run (node:internal/test_runner/test:1402:25)
    TestHook.run (node:internal/test_runner/test:1757:18)
    TestHook.run (node:internal/util:581:20)
    Test.createHook (node:internal/test_runner/test:1117:33)
    node:internal/test_runner/harness:426:12
  ...
# Subtest: reader bounds file size and rejects final symlinks where supported
not ok 14 - reader bounds file size and rejects final symlinks where supported
  ---
  duration_ms: 0.1407
  type: 'test'
  location: 'C:\\Users\\User\\Desktop\\Nexowatt-EOS\\tests\\security\\runtime-tls.test.cjs:163:1'
  failureType: 'hookFailed'
  error: 'spawnSync openssl ENOENT'
  code: 'ENOENT'
  stack: |-
    Object.spawnSync (node:internal/child_process:1160:20)
    spawnSync (node:child_process:928:24)
    execFileSync (node:child_process:971:15)
    TestContext.<anonymous> (C:\Users\User\Desktop\Nexowatt-EOS\tests\security\runtime-tls.test.cjs:19:5)
    TestHook.runInAsyncScope (node:async_hooks:227:14)
    TestHook.run (node:internal/test_runner/test:1402:25)
    TestHook.run (node:internal/test_runner/test:1757:18)
    TestHook.run (node:internal/util:581:20)
    Test.createHook (node:internal/test_runner/test:1117:33)
    node:internal/test_runner/harness:426:12
  ...
# Subtest: matching host key permits all four simulated uploads and closes connections
ok 15 - matching host key permits all four simulated uploads and closes connections
  ---
  duration_ms: 31.9587
  type: 'test'
  ...
# Subtest: missing pin fails before ssh2 load or any connection
ok 16 - missing pin fails before ssh2 load or any connection
  ---
  duration_ms: 6.8521
  type: 'test'
  ...
# Subtest: malformed and noncanonical pins fail before network access
    # Subtest: invalid fingerprint case 0
    ok 1 - invalid fingerprint case 0
      ---
      duration_ms: 3.2666
      type: 'test'
      ...
    # Subtest: invalid fingerprint case 8
    ok 2 - invalid fingerprint case 8
      ---
      duration_ms: 3.6765
      type: 'test'
      ...
    # Subtest: invalid fingerprint case 12
    ok 3 - invalid fingerprint case 12
      ---
      duration_ms: 3.3215
      type: 'test'
      ...
    # Subtest: invalid fingerprint case 51
    ok 4 - invalid fingerprint case 51
      ---
      duration_ms: 4.4598
      type: 'test'
      ...
    # Subtest: invalid fingerprint case 51
    ok 5 - invalid fingerprint case 51
      ---
      duration_ms: 4.1216
      type: 'test'
      ...
    # Subtest: invalid fingerprint case 51
    ok 6 - invalid fingerprint case 51
      ---
      duration_ms: 3.4572
      type: 'test'
      ...
    # Subtest: invalid fingerprint case 50
    ok 7 - invalid fingerprint case 50
      ---
      duration_ms: 3.5017
      type: 'test'
      ...
    # Subtest: invalid fingerprint case 50
    ok 8 - invalid fingerprint case 50
      ---
      duration_ms: 4.0742
      type: 'test'
      ...
    1..8
ok 17 - malformed and noncanonical pins fail before network access
  ---
  duration_ms: 33.7832
  type: 'test'
  ...
# Subtest: different server key aborts before authentication or SFTP access
ok 18 - different server key aborts before authentication or SFTP access
  ---
  duration_ms: 3.0037
  type: 'test'
  ...
# Subtest: host key rotation requires an explicit verified pin update
ok 19 - host key rotation requires an explicit verified pin update
  ---
  duration_ms: 5.2538
  type: 'test'
  ...
# Subtest: host verifier rejects invalid callback input instead of throwing
ok 20 - host verifier rejects invalid callback input instead of throwing
  ---
  duration_ms: 5.7227
  type: 'test'
  ...
# Subtest: invalid port and missing credentials fail before any connection
    # Subtest: invalid port case "22extra"
    ok 1 - invalid port case "22extra"
      ---
      duration_ms: 2.905
      type: 'test'
      ...
    # Subtest: invalid port case "0"
    ok 2 - invalid port case "0"
      ---
      duration_ms: 2.9413
      type: 'test'
      ...
    # Subtest: invalid port case "65536"
    ok 3 - invalid port case "65536"
      ---
      duration_ms: 2.0892
      type: 'test'
      ...
    # Subtest: invalid port case "-22"
    ok 4 - invalid port case "-22"
      ---
      duration_ms: 3.3502
      type: 'test'
      ...
    # Subtest: invalid port case " 22"
    ok 5 - invalid port case " 22"
      ---
      duration_ms: 3.0747
      type: 'test'
      ...
    # Subtest: invalid port case "22\\n"
    ok 6 - invalid port case "22\\n"
      ---
      duration_ms: 2.286
      type: 'test'
      ...
    # Subtest: missing SFTP_HOST
    ok 7 - missing SFTP_HOST
      ---
      duration_ms: 2.9306
      type: 'test'
      ...
    # Subtest: missing SFTP_PORT
    ok 8 - missing SFTP_PORT
      ---
      duration_ms: 2.5779
      type: 'test'
      ...
    # Subtest: missing SFTP_USER
    ok 9 - missing SFTP_USER
      ---
      duration_ms: 3.6378
      type: 'test'
      ...
    # Subtest: missing SFTP_PASS
    ok 10 - missing SFTP_PASS
      ---
      duration_ms: 3.7237
      type: 'test'
      ...
    1..10
ok 21 - invalid port and missing credentials fail before any connection
  ---
  duration_ms: 32.7304
  type: 'test'
  ...
# Subtest: connection errors are sanitized for asynchronous and synchronous failures
ok 22 - connection errors are sanitized for asynchronous and synchronous failures
  ---
  duration_ms: 7.1048
  type: 'test'
  ...
# Subtest: --create works with no deployment settings and never loads ssh2
ok 23 - --create works with no deployment settings and never loads ssh2
  ---
  duration_ms: 2.6098
  type: 'test'
  ...
1..23
# tests 41
# suites 0
# pass 27
# fail 14
# cancelled 0
# skipped 0
# todo 0
# duration_ms 359.4743
