TAP version 13
# Subtest: valid profile is only a static match with open release gates
ok 1 - valid profile is only a static match with open release gates
  ---
  duration_ms: 9.3657
  type: 'test'
  ...
# Subtest: null, arrays and primitive roots are rejected without throwing
ok 2 - null, arrays and primitive roots are rejected without throwing
  ---
  duration_ms: 1.1178
  type: 'test'
  ...
# Subtest: both database sections and nested objects are required
ok 3 - both database sections and nested objects are required
  ---
  duration_ms: 2.3717
  type: 'test'
  ...
# Subtest: JSONL, file and missing backends cannot pass as encrypted Redis
ok 4 - JSONL, file and missing backends cannot pass as encrypted Redis
  ---
  duration_ms: 0.8766
  type: 'test'
  ...
# Subtest: single TCP endpoint required; sentinel, URLs and unix sockets rejected
ok 5 - single TCP endpoint required; sentinel, URLs and unix sockets rejected
  ---
  duration_ms: 1.9502
  type: 'test'
  ...
# Subtest: TLS 1.3 and explicit certificate verification cannot be weakened
ok 6 - TLS 1.3 and explicit certificate verification cannot be weakened
  ---
  duration_ms: 1.3034
  type: 'test'
  ...
# Subtest: explicit DNS server identity and valid current CA required
ok 7 - explicit DNS server identity and valid current CA required
  ---
  duration_ms: 2.108
  type: 'test'
  ...
# Subtest: short or malformed auth_pass and legacy password fallback rejected
ok 8 - short or malformed auth_pass and legacy password fallback rejected
  ---
  duration_ms: 1.5297
  type: 'test'
  ...
# Subtest: TLS client private keys and transport overrides forbidden
ok 9 - TLS client private keys and transport overrides forbidden
  ---
  duration_ms: 2.6655
  type: 'test'
  ...
# Subtest: client options with invalid types cannot disguise their runtime semantics
ok 10 - client options with invalid types cannot disguise their runtime semantics
  ---
  duration_ms: 1.3963
  type: 'test'
  ...
# Subtest: Admin 8.0.14-style options reconstruction is caught after saving
ok 11 - Admin 8.0.14-style options reconstruction is caught after saving
  ---
  duration_ms: 0.2813
  type: 'test'
  ...
# Subtest: CLI reads explicit file without modifying it and emits no credential or CA
ok 12 - CLI reads explicit file without modifying it and emits no credential or CA
  ---
  duration_ms: 78.0768
  type: 'test'
  ...
# Subtest: CLI rejects invalid JSON, unreadable path and unsafe profile without leaking input
ok 13 - CLI rejects invalid JSON, unreadable path and unsafe profile without leaking input
  ---
  duration_ms: 306.2517
  type: 'test'
  ...
# Subtest: reader bounds file size and rejects final symlinks where supported
ok 14 - reader bounds file size and rejects final symlinks where supported
  ---
  duration_ms: 3.7233
  type: 'test'
  ...
1..14
# tests 14
# suites 0
# pass 14
# fail 0
# cancelled 0
# skipped 0
# todo 0
# duration_ms 725.4706
