test_blocked_manifest_fails_before_staging_helper_or_host_install (__main__.GithubDownloader.test_blocked_manifest_fails_before_staging_helper_or_host_install) ... ok
test_changed_helper_between_download_and_import_is_rejected (__main__.GithubDownloader.test_changed_helper_between_download_and_import_is_rejected) ... ok
test_cli_accepts_only_public_pins_and_never_echoes_unknown_secret_argument (__main__.GithubDownloader.test_cli_accepts_only_public_pins_and_never_echoes_unknown_secret_argument) ... ok
test_download_deadline_closes_connection_without_reading_or_leaking_exception (__main__.GithubDownloader.test_download_deadline_closes_connection_without_reading_or_leaking_exception) ... ok
test_download_exclusive_fixed_filenames_prevent_overwrite_or_path_injection (__main__.GithubDownloader.test_download_exclusive_fixed_filenames_prevent_overwrite_or_path_injection) ... ok
test_early_host_refuses_nonlinux_nonroot_and_non_tty_without_install (__main__.GithubDownloader.test_early_host_refuses_nonlinux_nonroot_and_non_tty_without_install) ... ok
test_fd3_is_noninheritable_bounded_ascii_and_always_closed (__main__.GithubDownloader.test_fd3_is_noninheritable_bounded_ascii_and_always_closed) ... ok
test_fd3_timeout_closes_descriptor_without_read (__main__.GithubDownloader.test_fd3_timeout_closes_descriptor_without_read) ... ok
test_forged_asset_never_reaches_install_and_clears_token (__main__.GithubDownloader.test_forged_asset_never_reaches_install_and_clears_token) ... ok
test_forged_helper_never_imports_or_runs_and_clears_token (__main__.GithubDownloader.test_forged_helper_never_imports_or_runs_and_clears_token) ... ok
test_full_download_authenticates_helper_and_all_assets_before_import_and_install (__main__.GithubDownloader.test_full_download_authenticates_helper_and_all_assets_before_import_and_install) ... ok
test_manifest_rejects_wrong_repository_custom_paths_extras_types_and_large_assets (__main__.GithubDownloader.test_manifest_rejects_wrong_repository_custom_paths_extras_types_and_large_assets) ... ok
test_private_file_requires_root_regular_single_link_and_exact_mode (__main__.GithubDownloader.test_private_file_requires_root_regular_single_link_and_exact_mode) ... ok
test_public_errors_never_expose_response_exception_or_token (__main__.GithubDownloader.test_public_errors_never_expose_response_exception_or_token) ... ok
test_redirect_and_access_errors_never_read_error_body_or_follow_location (__main__.GithubDownloader.test_redirect_and_access_errors_never_read_error_body_or_follow_location) ... ok
test_response_limits_truncation_and_encoding_fail_before_any_execution (__main__.GithubDownloader.test_response_limits_truncation_and_encoding_fail_before_any_execution) ... ok
test_streaming_does_not_buffer_large_assets_and_enforces_expected_length (__main__.GithubDownloader.test_streaming_does_not_buffer_large_assets_and_enforces_expected_length) ... ok
test_system_ca_cannot_be_symlink_or_writable_by_nonroot (__main__.GithubDownloader.test_system_ca_cannot_be_symlink_or_writable_by_nonroot) ... ok
test_tls_connection_is_fixed_verified_and_ignores_proxy_environment (__main__.GithubDownloader.test_tls_connection_is_fixed_verified_and_ignores_proxy_environment) ... ok
test_valid_blob_checks_git_object_sha_and_sha256_and_fixed_request (__main__.GithubDownloader.test_valid_blob_checks_git_object_sha_and_sha256_and_fixed_request) ... ok
test_wrong_sha256_or_git_sha_is_rejected_even_when_other_digest_matches (__main__.GithubDownloader.test_wrong_sha256_or_git_sha_is_rejected_even_when_other_digest_matches) ... ok

----------------------------------------------------------------------
Ran 21 tests in 0.330s

OK
