(node:12) ExperimentalWarning: stripTypeScriptTypes is an experimental feature and might change at any time
(Use `node --trace-warnings ...` to show where the warning was created)
✔ pinned upstream password login, token pair and refresh work with security binding (6.119085ms)
✔ actual controller group view display keys do not replace canonical object identities (0.32575ms)
✔ malformed or duplicate canonical group objects fail closed before credential verification (1.05827ms)
✔ all devices access and refresh tokens reject changed password without waiting for object event (2.200847ms)
✔ disable, deletion and changed group ACL independently invalidate both token classes (2.160426ms)
✔ observed disable then re-enable cannot resurrect old token after snapshot returns to original (0.949667ms)
✔ legacy and unbound external tokens are rejected and direct internal minting is denied (0.596366ms)
✔ proof cannot be forged by passing a user-shaped object or copied authenticated identity (0.405429ms)
✔ password mutation during credential verification and before token save fails closed (0.527152ms)
✔ refresh credential cannot cross revocation between lookup and save (0.839982ms)
✔ restart generation does not accept previously saved capabilities (0.415063ms)
✔ session database failures and bounded stalled reads fail closed without unbounded backlog (76.485222ms)
✔ socket revocation synchronously blocks commands, clears subscriptions and closes every connection (0.588144ms)
✔ metadata-only account updates do not revoke established capabilities (1.555046ms)
✔ expired access and refresh capabilities fail closed in the common session reader (1.509017ms)
✔ late socket authentication cannot reopen a connection after revocation (0.48562ms)
✔ real five-second watchdog closes a socket after a missed credential object event (5251.226474ms)
✔ password verification has a separate budget without relaxing database reads (101.394227ms)
✔ timed-out authentication retains two work slots, refuses backlog and never grants late proof (29.312149ms)
✔ bad passwords and revocation during slow verification still cannot receive proofs (102.07449ms)
ℹ tests 20
ℹ suites 0
ℹ pass 20
ℹ fail 0
ℹ cancelled 0
ℹ skipped 0
ℹ todo 0
ℹ duration_ms 5706.639095
