npm warn Unknown env config "http-proxy". This will stop working in the next major version of npm.

> iobroker.nexowatt-ui@1.0.21 test:mesh-coordinator
> node scripts/verify-mesh-coordinator.cjs && node scripts/verify-mesh-coordinator-access.cjs && node scripts/verify-mesh-transformer-accounting.cjs && node scripts/verify-mesh-app-lifecycle.cjs

OK 99 Slaves; 100., doppelte ID und unsichere Rückfallsumme abgewiesen
OK HTTP nur im Tailnet/Loopback; HMAC erkennt Manipulation
OK Wiederanlauf erst nach bestätigtem Rückfall; 99 Teilnehmer innerhalb Budget
OK Ein fehlender Slave: übrige Teilnehmer erhalten Rückfall, Altbudget bleibt reserviert
OK Wiederverbindung mit begrenztem Wiederanlauf
OK Hauptzähler-Ausfall setzt Wiederanlauf zurück; keine sofortige Freigabe
OK Replay, fremder Boot, alte Revision und verspätete Antwort verlängern keine Lease
OK Master-Neustart reserviert Maxima und verlangt neue Synchronisation
OK Strangreserve und Phasen begrenzen zusätzlich; Null bleibt Null
OK Finale Sicherheitsprüfung begrenzt Boost und addierte Ladepunkte; Ablauf erzwingt Null
OK Finaler PV-/Speicher-Writer prüft aktuelle Nullgrenzen und Exportbudget
OK Speicher-Freigabe nutzt kanonisches storage.controlMode und sperrt Farm/Sondermodi
OK Schnelle Publish-Syntaxprüfung führt Code nicht aus und erkennt Fehler
OK Microgrid-Meldung: Diagnose still, Anlauf normal, Betriebsausfall kritisch, ein Ereignis
OK echte parallele HTTP-Kommunikation: 99 Slaves, Handshake + Freigabe in 269 ms (Loopback, kein Feldnachweis)
OK 99 warme HTTP-Kanäle im 250-ms-Takt mit Archiv-fsync: 792 Antworten, P95 92 ms, Maximum 121 ms (Loopback)
OK unerreichbarer Slave-Kanal blockiert andere 98 Kanäle nicht
OK verschlüsselte Konfiguration und Neustart
OK fehlende aktive Konfiguration bleibt durch Marker verriegelt
OK beschädigte persistierte Konfiguration verriegelt
Mesh coordinator: 20 Prüfgruppen bestanden.
OK Express: Mesh-Rechte, alte Kunden-Wildcards, individuelle Paarung, Schlüssel-Redaktion, HMAC, 64-KiB-Limit; Auth=true
OK Express: Mesh-Rechte, alte Kunden-Wildcards, individuelle Paarung, Schlüssel-Redaktion, HMAC, 64-KiB-Limit; Auth=false
OK 250-ms-Profil strikt validiert; Freigabe und Messwertalter passen zusammen
OK Schnelle EMS-Ticks verschieben nicht die Messwertbestätigung desselben Befehls
OK Bedarfsverteilung: freie Häuser lokal, belastete Häuser nutzen freie Anteile
OK Wartende AC/DC-Lader melden Bedarf vor Verbrauch; knappe Leistung wird nicht unter Mindestwerte zerteilt
OK Trafo-Hysterese, Export, Phase und Strang begrenzen unabhängig
OK 99 Slaves: kurze Takte, 750-ms-Anwendung, keine Befehlsjagd; Ausfall bleibt reserviert
OK Offline-Zähleroriginal persistiert; getrennte kumulative Register und Quellenzeiten
OK Nachlieferung: ACK nach dauerhafter Speicherung; Kopie bleibt lokal; Neustartabgleich
OK Dubletten idempotent; geänderte Dublette, Lücke, falsches Haus und fremdes ACK abgewiesen
OK Zählerrücksprung über Lücke und Neustart gesperrt; neue Epoche startet getrennt
OK Archivfehler stoppt ACK, nicht die unabhängige Regelfunktion
OK Abrechnung: genaue Randstände, Centrechnung, Teilzeitraum, keine überbrückten Zählerwechsel
OK Gerissene Datei wird erkannt und nicht automatisch repariert oder bestätigt
OK Betriebsvorgaben persistieren ohne Protokollneustart; technisch unzulässige Werte gesperrt
Mesh transformer/accounting: 14 Prüfgruppen bestanden.
OK Nicht installiert: keine Timer, Kommunikation, Aufzeichnung oder Konfiguration
OK Installiert/inaktiv: Einrichtung möglich; Aktivieren/Aus/Reaktivieren folgen dem AppCenter
OK Versionsumstieg: bestehende aktive Anlage sichtbar, Paarung/Grenzen/Protokoll erhalten, einmalige Migration
OK Manipuliertes Aus-Flag: Rückfall bleibt wirksam; keine weitere Netz-/Archivkommunikation
