Remaining gates; publish-overlay fixture-closure gate recorded separately.

STEP 65: npm run test:stable-release

> iobroker.nexowatt-ui@1.0.21 test:stable-release
> node scripts/verify-stable-release.cjs

[stable-release] OK: iobroker.nexowatt-ui@1.0.21 ist konsistent als Official Stable versiegelt.
[stable-release] OK: 1.0.20-Speicherquellen/Writer, Heizstab-Tarif, 1.0.5-Speicherschutz, Auto/PV/Phasen und bisherige Home-/Liveness-/Memory-/Regelungsregressionen sind eingebunden.
npm warn Unknown env config "http-proxy". This will stop working in the next major version of npm.

STEP 66: npm run test:mesh-coordinator

> iobroker.nexowatt-ui@1.0.21 test:mesh-coordinator
> node scripts/verify-mesh-coordinator.cjs && node scripts/verify-mesh-coordinator-access.cjs && node scripts/verify-mesh-transformer-accounting.cjs && node scripts/verify-mesh-app-lifecycle.cjs

OK 99 Slaves; 100., doppelte ID und unsichere Rückfallsumme abgewiesen
OK HTTP nur im Tailnet/Loopback; HMAC erkennt Manipulation
OK Wiederanlauf erst nach bestätigtem Rückfall; 99 Teilnehmer innerhalb Budget
OK Ein fehlender Slave: übrige Teilnehmer erhalten Rückfall, Altbudget bleibt reserviert
OK Wiederverbindung mit begrenztem Wiederanlauf
OK Hauptzähler-Ausfall setzt Wiederanlauf zurück; keine sofortige Freigabe
OK Replay, fremder Boot, alte Revision und verspätete Antwort verlängern keine Lease
OK Master-Neustart reserviert Maxima und verlangt neue Synchronisation
OK Strangreserve und Phasen begrenzen zusätzlich; Null bleibt Null
OK Finale Sicherheitsprüfung begrenzt Boost und addierte Ladepunkte; Ablauf erzwingt Null
OK Finaler PV-/Speicher-Writer prüft aktuelle Nullgrenzen und Exportbudget
OK Speicher-Freigabe nutzt kanonisches storage.controlMode und sperrt Farm/Sondermodi
OK Schnelle Publish-Syntaxprüfung führt Code nicht aus und erkennt Fehler
OK Microgrid-Meldung: Diagnose still, Anlauf normal, Betriebsausfall kritisch, ein Ereignis
OK echte parallele HTTP-Kommunikation: 99 Slaves, Handshake + Freigabe in 567 ms (Loopback, kein Feldnachweis)
npm warn Unknown env config "http-proxy". This will stop working in the next major version of npm.
AssertionError [ERR_ASSERTION]: 250-ms-Takt Runde 0: [{"i":0,"error":"master_timeout","remaining":0,"rtt":147.11307499999975},{"i":1,"error":"master_timeout","remaining":0,"rtt":146.95013800000015},{"i":2,"error":"master_timeout","remaining":0,"rtt":146.67564300000004},{"i":3,"error":"master_timeout","remaining":0,"rtt":145.5774220000003},{"i":4,"error":"master_timeout","remaining":0,"rtt":145.55052999999998},{"i":5,"error":"master_timeout","remaining":0,"rtt":152.0908669999999},{"i":6,"error":"master_timeout","remaining":0,"rtt":158.10005899999987},{"i":7,"error":"master_timeout","remaining":0,"rtt":159.87104899999986},{"i":8,"error":"master_timeout","remaining":0,"rtt":161.07385900000008},{"i":9,"error":"master_timeout","remaining":0,"rtt":161.22400599999992},{"i":10,"error":"master_timeout","remaining":0,"rtt":161.36684200000036},{"i":11,"error":"master_timeout","remaining":0,"rtt":161.47262299999966},{"i":12,"error":"master_timeout","remaining":0,"rtt":161.41884100000016},{"i":13,"error":"master_timeout","remaining":0,"rtt":161.48172599999998},{"i":14,"error":"master_timeout","remaining":0,"rtt":161.7185840000002},{"i":15,"error":"master_timeout","remaining":0,"rtt":161.2196899999999},{"i":16,"error":"master_timeout","remaining":0,"rtt":158.74891100000013},{"i":17,"error":"master_timeout","remaining":0,"rtt":157.30022899999994},{"i":18,"error":"master_timeout","remaining":0,"rtt":156.18388000000004},{"i":19,"error":"master_timeout","remaining":0,"rtt":156.191781},{"i":20,"error":"master_timeout","remaining":0,"rtt":155.269906},{"i":21,"error":"master_timeout","remaining":0,"rtt":155.04927300000008},{"i":22,"error":"master_timeout","remaining":0,"rtt":155.10606899999993},{"i":23,"error":"master_timeout","remaining":0,"rtt":155.21322099999998},{"i":24,"error":"master_timeout","remaining":0,"rtt":155.24587100000008},{"i":25,"error":"master_timeout","remaining":0,"rtt":155.30569100000002},{"i":26,"error":"master_timeout","remaining":0,"rtt":155.7956519999998},{"i":27,"error":"master_timeout","remaining":0,"rtt":155.9341519999998},{"i":28,"error":"master_timeout","remaining":0,"rtt":155.81743499999993},{"i":29,"error":"master_timeout","remaining":0,"rtt":156.65223800000012},{"i":30,"error":"master_timeout","remaining":0,"rtt":156.41140399999995},{"i":31,"error":"master_timeout","remaining":0,"rtt":155.83634299999994},{"i":32,"error":"master_timeout","remaining":0,"rtt":155.57706199999984},{"i":33,"error":"master_timeout","remaining":0,"rtt":155.5684699999997},{"i":34,"error":"master_timeout","remaining":0,"rtt":155.6622809999999},{"i":35,"error":"master_timeout","remaining":0,"rtt":152.3982619999997},{"i":36,"error":"master_timeout","remaining":0,"rtt":148.80499499999996},{"i":37,"error":"master_timeout","remaining":0,"rtt":148.52857600000016},{"i":38,"error":"master_timeout","remaining":0,"rtt":147.83712000000014},{"i":39,"error":"master_timeout","remaining":0,"rtt":147.74431000000004},{"i":40,"error":"master_timeout","remaining":0,"rtt":147.32766000000038},{"i":41,"error":"master_timeout","remaining":0,"rtt":147.0752080000002},{"i":42,"error":"master_timeout","remaining":0,"rtt":147.60395800000015},{"i":43,"error":"master_timeout","remaining":0,"rtt":147.6679039999999},{"i":44,"error":"master_timeout","remaining":0,"rtt":147.85585900000024},{"i":45,"error":"master_timeout","remaining":0,"rtt":151.16383399999995},{"i":46,"error":"master_timeout","remaining":0,"rtt":151.29080699999986},{"i":47,"error":"master_timeout","remaining":0,"rtt":150.87723099999994},{"i":48,"error":"master_timeout","remaining":0,"rtt":150.8460829999999},{"i":49,"error":"master_timeout","remaining":0,"rtt":150.41067500000008},{"i":50,"error":"master_timeout","remaining":0,"rtt":150.44053900000017},{"i":51,"error":"master_timeout","remaining":0,"rtt":150.28602600000022},{"i":52,"error":"master_timeout","remaining":0,"rtt":150.25271500000008},{"i":53,"error":"master_timeout","remaining":0,"rtt":150.1589829999998},{"i":54,"error":"master_timeout","remaining":0,"rtt":150.13337599999977},{"i":55,"error":"master_timeout","remaining":0,"rtt":150.2324050000002},{"i":56,"error":"master_timeout","remaining":0,"rtt":150.30723799999987},{"i":57,"error":"master_timeout","remaining":0,"rtt":150.43716500000028},{"i":58,"error":"master_timeout","remaining":0,"rtt":151.09549100000004},{"i":59,"error":"master_timeout","remaining":0,"rtt":151.09791499999983},{"i":60,"error":"master_timeout","remaining":0,"rtt":150.99940600000036},{"i":61,"error":"master_timeout","remaining":0,"rtt":151.06344200000012},{"i":62,"error":"master_timeout","remaining":0,"rtt":151.14102999999977},{"i":63,"error":"master_timeout","remaining":0,"rtt":151.27450199999976},{"i":64,"error":"master_timeout","remaining":0,"rtt":151.3487540000001},{"i":65,"error":"master_timeout","remaining":0,"rtt":151.46697300000005},{"i":66,"error":"master_timeout","remaining":0,"rtt":151.53946199999973},{"i":67,"error":"master_timeout","remaining":0,"rtt":151.30907400000024},{"i":68,"error":"master_timeout","remaining":0,"rtt":151.02197999999999},{"i":69,"error":"master_timeout","remaining":0,"rtt":150.95356600000014},{"i":70,"error":"master_timeout","remaining":0,"rtt":150.86849800000027},{"i":71,"error":"master_timeout","remaining":0,"rtt":150.95693100000017},{"i":72,"error":"master_timeout","remaining":0,"rtt":151.02244999999994},{"i":73,"error":"master_timeout","remaining":0,"rtt":151.08363299999974},{"i":74,"error":"master_timeout","remaining":0,"rtt":152.20454900000004},{"i":75,"error":"master_timeout","remaining":0,"rtt":152.2985709999998},{"i":76,"error":"master_timeout","remaining":0,"rtt":152.3722630000002},{"i":77,"error":"master_timeout","remaining":0,"rtt":152.45066099999985},{"i":78,"error":"master_timeout","remaining":0,"rtt":150.69850999999971},{"i":79,"error":"master_timeout","remaining":0,"rtt":149.84056199999986},{"i":80,"error":"master_timeout","remaining":0,"rtt":149.72375499999998},{"i":81,"error":"master_timeout","remaining":0,"rtt":149.37195299999985},{"i":82,"error":"master_timeout","remaining":0,"rtt":149.6597780000002},{"i":83,"error":"master_timeout","remaining":0,"rtt":148.69946999999956},{"i":84,"error":"master_timeout","remaining":0,"rtt":148.02875500000027},{"i":85,"error":"master_timeout","remaining":0,"rtt":148.26632500000005},{"i":86,"error":"master_timeout","remaining":0,"rtt":148.37954599999966},{"i":87,"error":"master_timeout","remaining":0,"rtt":147.60813400000006},{"i":88,"error":"master_timeout","remaining":0,"rtt":146.08504900000025},{"i":89,"error":"master_timeout","remaining":0,"rtt":145.49428499999976},{"i":90,"error":"master_timeout","remaining":0,"rtt":145.51104000000032},{"i":91,"error":"master_timeout","remaining":0,"rtt":145.54998000000023},{"i":92,"error":"master_timeout","remaining":0,"rtt":145.61587899999995},{"i":93,"error":"master_timeout","remaining":0,"rtt":145.64815799999997},{"i":94,"error":"master_timeout","remaining":0,"rtt":145.66692599999988},{"i":95,"error":"master_timeout","remaining":0,"rtt":144.80669500000022},{"i":96,"error":"master_timeout","remaining":0,"rtt":144.57234999999991},{"i":97,"error":"master_timeout","remaining":0,"rtt":144.30689799999982},{"i":98,"error":"master_timeout","remaining":0,"rtt":144.24519499999997}]
    at main (/workspace/scratch/6383b3161c96/EOS-integrated-test/components/ui/scripts/verify-mesh-coordinator.cjs:134:7) {
  generatedMessage: false,
  code: 'ERR_ASSERTION',
  actual: false,
  expected: true,
  operator: '==',
  diff: 'simple'
}
