TAP version 13
# Subtest: UI-AUTH: undefined / alte Auth-Flags=true: anonym gesperrt, Kunde bedient
ok 1 - UI-AUTH: undefined / alte Auth-Flags=true: anonym gesperrt, Kunde bedient
  ---
  duration_ms: 209.013699
  type: 'test'
  ...
# Subtest: UI-AUTH: undefined / alte Auth-Flags=false: anonym gesperrt, Kunde bedient
ok 2 - UI-AUTH: undefined / alte Auth-Flags=false: anonym gesperrt, Kunde bedient
  ---
  duration_ms: 35.102861
  type: 'test'
  ...
# Subtest: UI-AUTH: all / alte Auth-Flags=true: anonym gesperrt, Kunde bedient
ok 3 - UI-AUTH: all / alte Auth-Flags=true: anonym gesperrt, Kunde bedient
  ---
  duration_ms: 50.367651
  type: 'test'
  ...
# Subtest: UI-AUTH: all / alte Auth-Flags=false: anonym gesperrt, Kunde bedient
ok 4 - UI-AUTH: all / alte Auth-Flags=false: anonym gesperrt, Kunde bedient
  ---
  duration_ms: 31.238362
  type: 'test'
  ...
# Subtest: UI-AUTH: lan / alte Auth-Flags=true: anonym gesperrt, Kunde bedient
ok 5 - UI-AUTH: lan / alte Auth-Flags=true: anonym gesperrt, Kunde bedient
  ---
  duration_ms: 34.222334
  type: 'test'
  ...
# Subtest: UI-AUTH: lan / alte Auth-Flags=false: anonym gesperrt, Kunde bedient
ok 6 - UI-AUTH: lan / alte Auth-Flags=false: anonym gesperrt, Kunde bedient
  ---
  duration_ms: 264.818725
  type: 'test'
  ...
# Subtest: UI-AUTH: session / alte Auth-Flags=true: anonym gesperrt, Kunde bedient
ok 7 - UI-AUTH: session / alte Auth-Flags=true: anonym gesperrt, Kunde bedient
  ---
  duration_ms: 25.665708
  type: 'test'
  ...
# Subtest: UI-AUTH: session / alte Auth-Flags=false: anonym gesperrt, Kunde bedient
ok 8 - UI-AUTH: session / alte Auth-Flags=false: anonym gesperrt, Kunde bedient
  ---
  duration_ms: 15.405318
  type: 'test'
  ...
# Subtest: UI-AUTH: invalid / alte Auth-Flags=true: anonym gesperrt, Kunde bedient
ok 9 - UI-AUTH: invalid / alte Auth-Flags=true: anonym gesperrt, Kunde bedient
  ---
  duration_ms: 22.417545
  type: 'test'
  ...
# Subtest: UI-AUTH: invalid / alte Auth-Flags=false: anonym gesperrt, Kunde bedient
ok 10 - UI-AUTH: invalid / alte Auth-Flags=false: anonym gesperrt, Kunde bedient
  ---
  duration_ms: 29.773364
  type: 'test'
  ...
# Subtest: UI-AUTH: Kunden-Schreibfamilien verweigern vor jeder Handler-Wirkung
ok 11 - UI-AUTH: Kunden-Schreibfamilien verweigern vor jeder Handler-Wirkung
  ---
  duration_ms: 18.61788
  type: 'test'
  ...
# Subtest: UI-SESSION: group-removal widerruft eine echte angemeldete Admin-Sitzung
ok 12 - UI-SESSION: group-removal widerruft eine echte angemeldete Admin-Sitzung
  ---
  duration_ms: 28.883828
  type: 'test'
  ...
# Subtest: UI-SESSION: group-disabled widerruft eine echte angemeldete Admin-Sitzung
ok 13 - UI-SESSION: group-disabled widerruft eine echte angemeldete Admin-Sitzung
  ---
  duration_ms: 15.2557
  type: 'test'
  ...
# Subtest: UI-SESSION: account-disabled widerruft eine echte angemeldete Admin-Sitzung
ok 14 - UI-SESSION: account-disabled widerruft eine echte angemeldete Admin-Sitzung
  ---
  duration_ms: 14.704948
  type: 'test'
  ...
# Subtest: UI-SESSION: account-deleted widerruft eine echte angemeldete Admin-Sitzung
ok 15 - UI-SESSION: account-deleted widerruft eine echte angemeldete Admin-Sitzung
  ---
  duration_ms: 13.784674
  type: 'test'
  ...
# Subtest: UI-SESSION: password-changed widerruft eine echte angemeldete Admin-Sitzung
ok 16 - UI-SESSION: password-changed widerruft eine echte angemeldete Admin-Sitzung
  ---
  duration_ms: 13.718404
  type: 'test'
  ...
# Subtest: UI-SESSION: group-read-error widerruft eine echte angemeldete Admin-Sitzung
ok 17 - UI-SESSION: group-read-error widerruft eine echte angemeldete Admin-Sitzung
  ---
  duration_ms: 25.829765
  type: 'test'
  ...
# Subtest: UI-SESSION: account-read-error widerruft eine echte angemeldete Admin-Sitzung
ok 18 - UI-SESSION: account-read-error widerruft eine echte angemeldete Admin-Sitzung
  ---
  duration_ms: 15.808027
  type: 'test'
  ...
# Subtest: UI-SESSION: neue Gruppenrechte verlangen ebenfalls eine neue Anmeldung
ok 19 - UI-SESSION: neue Gruppenrechte verlangen ebenfalls eine neue Anmeldung
  ---
  duration_ms: 11.962587
  type: 'test'
  ...
# Subtest: UI-SESSION: logout während laufender Kontoprüfung wird nicht rückgängig gemacht
ok 20 - UI-SESSION: logout während laufender Kontoprüfung wird nicht rückgängig gemacht
  ---
  duration_ms: 15.433871
  type: 'test'
  ...
# Subtest: UI-SESSION: expiry während laufender Kontoprüfung wird nicht rückgängig gemacht
ok 21 - UI-SESSION: expiry während laufender Kontoprüfung wird nicht rückgängig gemacht
  ---
  duration_ms: 10.391589
  type: 'test'
  ...
# Subtest: UI-LOGIN: Typ-/Längenprüfung, falsche Passwörter, Rate-Limit und alte Bypass-Flags
ok 22 - UI-LOGIN: Typ-/Längenprüfung, falsche Passwörter, Rate-Limit und alte Bypass-Flags
  ---
  duration_ms: 26.509965
  type: 'test'
  ...
# Subtest: UI-LOGIN: Passwortänderung während Passwortprüfung erzeugt keine Sitzung
ok 23 - UI-LOGIN: Passwortänderung während Passwortprüfung erzeugt keine Sitzung
  ---
  duration_ms: 7.169842
  type: 'test'
  ...
# Subtest: UI-SESSION: Passwortänderung während Gruppenprüfung sperrt den laufenden Zugriff
ok 24 - UI-SESSION: Passwortänderung während Gruppenprüfung sperrt den laufenden Zugriff
  ---
  duration_ms: 8.581719
  type: 'test'
  ...
# Subtest: UI-COOKIE: fehlerhafte/mehrdeutige Cookies verweigern; Server und gültige Sitzung bleiben nutzbar
ok 25 - UI-COOKIE: fehlerhafte/mehrdeutige Cookies verweigern; Server und gültige Sitzung bleiben nutzbar
  ---
  duration_ms: 29.685872
  type: 'test'
  ...
# Subtest: UI-COOKIE: Parser hat keinen Objekt-Prototyp und wirft bei beliebigen Header-Typen nicht
ok 26 - UI-COOKIE: Parser hat keinen Objekt-Prototyp und wirft bei beliebigen Header-Typen nicht
  ---
  duration_ms: 10.490708
  type: 'test'
  ...
# Subtest: UI-NETZ: Anmeldung besitzt keine LAN-/Tailscale-IP-Beschränkung
ok 27 - UI-NETZ: Anmeldung besitzt keine LAN-/Tailscale-IP-Beschränkung
  ---
  duration_ms: 11.538435
  type: 'test'
  ...
# Subtest: UI-DEPENDENCY: Express-Parser verarbeiten den gemeldeten Sonderfall und weisen ungültige Limits ab
ok 28 - UI-DEPENDENCY: Express-Parser verarbeiten den gemeldeten Sonderfall und weisen ungültige Limits ab
  ---
  duration_ms: 3.123928
  type: 'test'
  ...
# Subtest: UI-TLS: real shipped server TLS1.3, CA identity verification and Secure cookie
ok 29 - UI-TLS: real shipped server TLS1.3, CA identity verification and Secure cookie
  ---
  duration_ms: 184.214814
  type: 'test'
  ...
# Subtest: UI-TLS: fixed product paths and key-file protection
ok 30 - UI-TLS: fixed product paths and key-file protection
  ---
  duration_ms: 11.473646
  type: 'test'
  ...
# Subtest: UI-LICENSE: central numeric limits, no secrets/UUID returned and no local license storage
ok 31 - UI-LICENSE: central numeric limits, no secrets/UUID returned and no local license storage
  ---
  duration_ms: 85.140486
  type: 'test'
  ...
# Subtest: UI-LICENSE denies nonce
ok 32 - UI-LICENSE denies nonce
  ---
  duration_ms: 22.144348
  type: 'test'
  ...
# Subtest: UI-LICENSE denies secret-in-response
ok 33 - UI-LICENSE denies secret-in-response
  ---
  duration_ms: 22.987178
  type: 'test'
  ...
# Subtest: UI-LICENSE denies home-pro-feature
ok 34 - UI-LICENSE denies home-pro-feature
  ---
  duration_ms: 31.390322
  type: 'test'
  ...
# Subtest: UI-LICENSE denies oversized-lease
ok 35 - UI-LICENSE denies oversized-lease
  ---
  duration_ms: 25.099685
  type: 'test'
  ...
# Subtest: UI-LICENSE denies count-type
ok 36 - UI-LICENSE denies count-type
  ---
  duration_ms: 190.454939
  type: 'test'
  ...
# Subtest: UI-LICENSE denies stale
ok 37 - UI-LICENSE denies stale
  ---
  duration_ms: 85.127117
  type: 'test'
  ...
# Subtest: UI-LICENSE: lease expiry invalidates UI/cache and closes SSE without device writes
ok 38 - UI-LICENSE: lease expiry invalidates UI/cache and closes SSE without device writes
  ---
  duration_ms: 127.588866
  type: 'test'
  ...
# Subtest: UI-PREVIEW: foreign writes, object changes, other adapter commands and EMS init blocked
ok 39 - UI-PREVIEW: foreign writes, object changes, other adapter commands and EMS init blocked
  ---
  duration_ms: 39.363039
  type: 'test'
  ...
# Subtest: UI-PREVIEW: controller own default-state acknowledgement allowed, foreign IDs and commands denied
ok 40 - UI-PREVIEW: controller own default-state acknowledgement allowed, foreign IDs and commands denied
  ---
  duration_ms: 6.09837
  type: 'test'
  ...
# Subtest: UI-AUTH: configured trusted headers cannot bypass real sessions
ok 41 - UI-AUTH: configured trusted headers cannot bypass real sessions
  ---
  duration_ms: 9.904892
  type: 'test'
  ...
# Subtest: UI-SUPPLY: vendored client is byte-identical to Admin reviewed source
ok 42 - UI-SUPPLY: vendored client is byte-identical to Admin reviewed source
  ---
  duration_ms: 1.816319
  type: 'test'
  ...
# Subtest: UI-START: cold lifecycle starts HTTPS/onboarding with no license and never starts control
ok 43 - UI-START: cold lifecycle starts HTTPS/onboarding with no license and never starts control
  ---
  duration_ms: 18.116731
  type: 'test'
  ...
# Subtest: EOS-ROLES: product reads require login and canonical group identity; aliases never elevate
ok 44 - EOS-ROLES: product reads require login and canonical group identity; aliases never elevate
  ---
  duration_ms: 512.946366
  type: 'test'
  ...
# Subtest: EOS-ACCOUNT: initial own-password setup gates data, preserves identity, revokes all sessions
ok 45 - EOS-ACCOUNT: initial own-password setup gates data, preserves identity, revokes all sessions
  ---
  duration_ms: 3021.711597
  type: 'test'
  ...
# Subtest: EOS-ACCOUNT: reset metadata, disabled accounts and group changes revoke active sessions
ok 46 - EOS-ACCOUNT: reset metadata, disabled accounts and group changes revoke active sessions
  ---
  duration_ms: 73.711253
  type: 'test'
  ...
# Subtest: EOS-ACCOUNT: password input bounds and fail-closed initialization metadata
ok 47 - EOS-ACCOUNT: password input bounds and fail-closed initialization metadata
  ---
  duration_ms: 0.838009
  type: 'test'
  ...
# Subtest: EOS-ACCOUNT: shared verification/derivation budget admits two and rejects excess without queue
ok 48 - EOS-ACCOUNT: shared verification/derivation budget admits two and rejects excess without queue
  ---
  duration_ms: 1.520011
  type: 'test'
  ...
# Subtest: EOS-SSE: forged logout leaves streams alive; valid logout closes only its own stream
ok 49 - EOS-SSE: forged logout leaves streams alive; valid logout closes only its own stream
  ---
  duration_ms: 72.871056
  type: 'test'
  ...
# Subtest: worker installs without prefetching login-protected content
ok 50 - worker installs without prefetching login-protected content
  ---
  duration_ms: 24.404538
  type: 'test'
  ...
# Subtest: activation deletes legacy EOS caches before controlling clients
ok 51 - activation deletes legacy EOS caches before controlling clients
  ---
  duration_ms: 6.554521
  type: 'test'
  ...
# Subtest: offline protected route cannot use a previous session cache: /
ok 52 - offline protected route cannot use a previous session cache: /
  ---
  duration_ms: 19.494166
  type: 'test'
  ...
# Subtest: offline protected route cannot use a previous session cache: /index.html
ok 53 - offline protected route cannot use a previous session cache: /index.html
  ---
  duration_ms: 1.993938
  type: 'test'
  ...
# Subtest: offline protected route cannot use a previous session cache: /static/index.html
ok 54 - offline protected route cannot use a previous session cache: /static/index.html
  ---
  duration_ms: 4.342843
  type: 'test'
  ...
# Subtest: offline protected route cannot use a previous session cache: /api/state
ok 55 - offline protected route cannot use a previous session cache: /api/state
  ---
  duration_ms: 1.22888
  type: 'test'
  ...
# Subtest: offline protected route cannot use a previous session cache: /api/export.json
ok 56 - offline protected route cannot use a previous session cache: /api/export.json
  ---
  duration_ms: 1.128889
  type: 'test'
  ...
# Subtest: offline protected route cannot use a previous session cache: /config
ok 57 - offline protected route cannot use a previous session cache: /config
  ---
  duration_ms: 1.400129
  type: 'test'
  ...
# Subtest: offline protected route cannot use a previous session cache: /state/live
ok 58 - offline protected route cannot use a previous session cache: /state/live
  ---
  duration_ms: 4.800976
  type: 'test'
  ...
# Subtest: offline protected route cannot use a previous session cache: /static/auth.js?token=fixture
ok 59 - offline protected route cannot use a previous session cache: /static/auth.js?token=fixture
  ---
  duration_ms: 6.346566
  type: 'test'
  ...
# Subtest: authentication denial is returned directly without cache fallback
ok 60 - authentication denial is returned directly without cache fallback
  ---
  duration_ms: 7.652768
  type: 'test'
  ...
# Subtest: only successful public same-origin assets are cached
ok 61 - only successful public same-origin assets are cached
  ---
  duration_ms: 2.859558
  type: 'test'
  ...
# Subtest: public asset denied response never enters cache
ok 62 - public asset denied response never enters cache
  ---
  duration_ms: 1.962711
  type: 'test'
  ...
# Subtest: public asset redirect response never enters cache
ok 63 - public asset redirect response never enters cache
  ---
  duration_ms: 2.731985
  type: 'test'
  ...
# Subtest: public asset offline fallback is confined to current cache
ok 64 - public asset offline fallback is confined to current cache
  ---
  duration_ms: 2.401355
  type: 'test'
  ...
# Subtest: worker does not intercept native transport: GET https://other.test/asset.js
ok 65 - worker does not intercept native transport: GET https://other.test/asset.js
  ---
  duration_ms: 2.556029
  type: 'test'
  ...
# Subtest: worker does not intercept native transport: GET /events
ok 66 - worker does not intercept native transport: GET /events
  ---
  duration_ms: 0.80607
  type: 'test'
  ...
# Subtest: worker does not intercept native transport: POST /api/account/password
ok 67 - worker does not intercept native transport: POST /api/account/password
  ---
  duration_ms: 0.679118
  type: 'test'
  ...
# Subtest: EOS-SSE each frame rechecks authorization and revocation prevents queued payload
ok 68 - EOS-SSE each frame rechecks authorization and revocation prevents queued payload
  ---
  duration_ms: 7.219968
  type: 'test'
  ...
# Subtest: EOS-SSE global pending cap survives closed clients until actual authorization settles
ok 69 - EOS-SSE global pending cap survives closed clients until actual authorization settles
  ---
  duration_ms: 6.726692
  type: 'test'
  ...
1..69
# tests 69
# suites 0
# pass 69
# fail 0
# cancelled 0
# skipped 0
# todo 0
# duration_ms 4517.626371
