TAP version 13
# Subtest: exact root normalization preserves archive integrity and local provenance
ok 1 - exact root normalization preserves archive integrity and local provenance
  ---
  duration_ms: 3.889253
  type: 'test'
  ...
# Subtest: normalization rejects mismatched actual installed identity
ok 2 - normalization rejects mismatched actual installed identity
  ---
  duration_ms: 1.88401
  type: 'test'
  ...
# Subtest: normalization rejects missing artifact integrity
ok 3 - normalization rejects missing artifact integrity
  ---
  duration_ms: 1.569734
  type: 'test'
  ...
# Subtest: normalization rejects traversal archive references
ok 4 - normalization rejects traversal archive references
  ---
  duration_ms: 1.647402
  type: 'test'
  ...
# Subtest: source snapshot skips execution dependencies and rejects links
ok 5 - source snapshot skips execution dependencies and rejects links
  ---
  duration_ms: 2.152416
  type: 'test'
  ...
# Subtest: existing output directories and duplicate components rejected before npm
ok 6 - existing output directories and duplicate components rejected before npm
  ---
  duration_ms: 1.167986
  type: 'test'
  ...
# Subtest: aggregate root preserves compatible component overrides
ok 7 - aggregate root preserves compatible component overrides
  ---
  duration_ms: 0.397501
  type: 'test'
  ...
# Subtest: conflicting or prototype-mutating component overrides fail before installation
ok 8 - conflicting or prototype-mutating component overrides fail before installation
  ---
  duration_ms: 0.374967
  type: 'test'
  ...
1..8
# tests 8
# suites 0
# pass 8
# fail 0
# cancelled 0
# skipped 0
# todo 0
# duration_ms 182.129941
