TAP version 13
# Subtest: ADM7-R01: distributed defaults enable authentication but HTTP on all IPv4 interfaces
ok 1 - ADM7-R01: distributed defaults enable authentication but HTTP on all IPv4 interfaces
  ---
  duration_ms: 0.787386
  type: 'test'
  ...
# Subtest: ADM7-R02: clean bootstrap assigns a shared initial credential to three enabled accounts
ok 2 - ADM7-R02: clean bootstrap assigns a shared initial credential to three enabled accounts
  ---
  duration_ms: 1.748764
  type: 'test'
  ...
# Subtest: ADM7-R03: restart preserves a personal password but clears the forced-change state
ok 3 - ADM7-R03: restart preserves a personal password but clears the forced-change state
  ---
  duration_ms: 2.592804
  type: 'test'
  ...
# Subtest: ADM7-R04: installer command guard accepts a source URL without delegating original denial
ok 4 - ADM7-R04: installer command guard accepts a source URL without delegating original denial
  ---
  duration_ms: 1.062044
  type: 'test'
  ...
# Subtest: ADM7-R05: installer command guard still rejects protected module upgrade
ok 5 - ADM7-R05: installer command guard still rejects protected module upgrade
  ---
  duration_ms: 0.401516
  type: 'test'
  ...
1..5
# tests 5
# suites 0
# pass 5
# fail 0
# cancelled 0
# skipped 0
# todo 0
# duration_ms 207.640806
