TAP version 13
# Subtest: immutable appliance profile rejects configuration opt-outs and keeps all-interface TLS binding
ok 1 - immutable appliance profile rejects configuration opt-outs and keeps all-interface TLS binding
  ---
  duration_ms: 1.468902
  type: 'test'
  ...
# Subtest: all browser package/file/shell routes are denied, including alias routes
ok 2 - all browser package/file/shell routes are denied, including alias routes
  ---
  duration_ms: 0.361757
  type: 'test'
  ...
# Subtest: existing instance configuration remains editable without permitting new executable identity or package creation
ok 3 - existing instance configuration remains editable without permitting new executable identity or package creation
  ---
  duration_ms: 1.279415
  type: 'test'
  ...
# Subtest: native execution/npm flags are denied recursively while ordinary bounded device data remains possible
ok 4 - native execution/npm flags are denied recursively while ordinary bounded device data remains possible
  ---
  duration_ms: 0.371161
  type: 'test'
  ...
# Subtest: repository, certificate, host, identity and recursive deletion changes require privileged maintenance
ok 5 - repository, certificate, host, identity and recursive deletion changes require privileged maintenance
  ---
  duration_ms: 0.338702
  type: 'test'
  ...
# Subtest: direct weak password hash injection is denied; unchanged account hash may be preserved
ok 6 - direct weak password hash injection is denied; unchanged account hash may be preserved
  ---
  duration_ms: 0.216537
  type: 'test'
  ...
# Subtest: dispatch boundary validates full payload before lossy upstream guard and blocks revoked own-password calls
ok 7 - dispatch boundary validates full payload before lossy upstream guard and blocks revoked own-password calls
  ---
  duration_ms: 0.448398
  type: 'test'
  ...
# Subtest: upload rejection ends before any parser or filesystem write
ok 8 - upload rejection ends before any parser or filesystem write
  ---
  duration_ms: 0.287995
  type: 'test'
  ...
# Subtest: protected certificate reader rejects writable parent chains and relative paths
ok 9 - protected certificate reader rejects writable parent chains and relative paths
  ---
  duration_ms: 1.724878
  type: 'test'
  ...
# Subtest: password policy rejects weak/oversized input before database access
ok 10 - password policy rejects weak/oversized input before database access
  ---
  duration_ms: 1.133865
  type: 'test'
  ...
# Subtest: password changes use supported stronger hash, preserve caller ACL options and revoke prior sessions
ok 11 - password changes use supported stronger hash, preserve caller ACL options and revoke prior sessions
  ---
  duration_ms: 1752.778589
  type: 'test'
  ...
# Subtest: source and built integration both enforce fixed profile, fixed trust and real dispatch guard
ok 12 - source and built integration both enforce fixed profile, fixed trust and real dispatch guard
  ---
  duration_ms: 9.133583
  type: 'test'
  ...
# Subtest: real HTTPS accepts verified TLS1.3 and rejects TLS1.2 and untrusted certificate
ok 13 - real HTTPS accepts verified TLS1.3 and rejects TLS1.2 and untrusted certificate
  ---
  duration_ms: 72.192304
  type: 'test'
  ...
1..13
# tests 13
# suites 0
# pass 13
# fail 0
# cancelled 0
# skipped 0
# todo 0
# duration_ms 1966.011766
