src/lib/eosAutoUpdate.ts(191,13): error TS2322: Type 'NexoWattAutoUpdatePolicy' is not assignable to type '"none"'.
  Type '"patch"' is not assignable to type '"none"'.
src/lib/eosAutoUpdate.ts(242,25): error TS2550: Property 'hasOwn' does not exist on type 'ObjectConstructor'. Do you need to change your target library? Try changing the 'lib' compiler option to 'es2022' or later.
src/lib/eosAutoUpdate.ts(307,89): error TS7011: Function expression, which lacks return-type annotation, implicitly has an 'any' return type.
src/lib/eosAutoUpdate.ts(313,86): error TS7011: Function expression, which lacks return-type annotation, implicitly has an 'any' return type.
src/lib/web.ts(175,11): error TS2430: Interface 'AdminAdapter' incorrectly extends interface 'AdapterClass'.
  The types returned by 'checkPasswordAsync(...)' are incompatible between these types.
    Type 'Promise<boolean | [boolean, `system.user.${string}`]>' is not assignable to type 'Promise<[isPasswordCorrect: boolean, user: `system.user.${string}`]>'.
      Type 'boolean | [boolean, `system.user.${string}`]' is not assignable to type '[isPasswordCorrect: boolean, user: `system.user.${string}`]'.
        Type 'boolean' is not assignable to type '[isPasswordCorrect: boolean, user: `system.user.${string}`]'.
src/lib/web.ts(192,116): error TS2694: Namespace 'global.ioBroker' has no exported member 'GetObjectViewResult'.
src/lib/web.ts(528,27): error TS2551: Property 'eosNexoWattServiceGroups' does not exist on type 'AdminAdapterConfig'. Did you mean 'eosServiceGroups'?
src/lib/web.ts(612,81): error TS7011: Function expression, which lacks return-type annotation, implicitly has an 'any' return type.
src/lib/web.ts(624,58): error TS7011: Function expression, which lacks return-type annotation, implicitly has an 'any' return type.
src/lib/web.ts(654,26): error TS2352: Conversion of type 'AdminAdapterConfig' to type 'Record<string, unknown>' may be a mistake because neither type sufficiently overlaps with the other. If this was intentional, convert the expression to 'unknown' first.
  Index signature for type 'string' is missing in type 'AdminAdapterConfig'.
src/lib/web.ts(816,36): error TS2352: Conversion of type 'AdminAdapterConfig' to type 'Record<string, unknown>' may be a mistake because neither type sufficiently overlaps with the other. If this was intentional, convert the expression to 'unknown' first.
  Index signature for type 'string' is missing in type 'AdminAdapterConfig'.
src/lib/web.ts(1012,35): error TS2339: Property 'error' does not exist on type '{ valid: true; password: string; } | { valid: false; error: string; }'.
  Property 'error' does not exist on type '{ valid: true; password: string; }'.
src/lib/web.ts(1047,17): error TS2352: Conversion of type 'AdminAdapterConfig' to type 'Record<string, unknown>' may be a mistake because neither type sufficiently overlaps with the other. If this was intentional, convert the expression to 'unknown' first.
  Index signature for type 'string' is missing in type 'AdminAdapterConfig'.
src/lib/web.ts(1051,36): error TS2352: Conversion of type 'AdminAdapterConfig' to type 'Record<string, unknown>' may be a mistake because neither type sufficiently overlaps with the other. If this was intentional, convert the expression to 'unknown' first.
  Index signature for type 'string' is missing in type 'AdminAdapterConfig'.
src/lib/web.ts(1082,30): error TS2352: Conversion of type 'AdminAdapterConfig' to type 'Record<string, unknown>' may be a mistake because neither type sufficiently overlaps with the other. If this was intentional, convert the expression to 'unknown' first.
  Index signature for type 'string' is missing in type 'AdminAdapterConfig'.
src/lib/web.ts(1281,54): error TS2339: Property 'error' does not exist on type '{ valid: true; password: string; } | { valid: false; error: string; }'.
  Property 'error' does not exist on type '{ valid: true; password: string; }'.
src/lib/web.ts(1460,22): error TS7006: Parameter 'row' implicitly has an 'any' type.
src/lib/web.ts(1461,25): error TS7006: Parameter 'instance' implicitly has an 'any' type.
src/lib/web.ts(1462,22): error TS7006: Parameter 'instance' implicitly has an 'any' type.
src/lib/web.ts(1563,24): error TS2352: Conversion of type 'SystemConfigCommon' to type 'Record<string, unknown>' may be a mistake because neither type sufficiently overlaps with the other. If this was intentional, convert the expression to 'unknown' first.
  Index signature for type 'string' is missing in type 'SystemConfigCommon'.
src/lib/web.ts(1659,45): error TS2352: Conversion of type 'AdminAdapterConfig' to type 'Record<string, unknown>' may be a mistake because neither type sufficiently overlaps with the other. If this was intentional, convert the expression to 'unknown' first.
  Index signature for type 'string' is missing in type 'AdminAdapterConfig'.
src/lib/web.ts(1698,37): error TS2677: A type predicate's type must be assignable to its parameter's type.
  Type 'string' is not assignable to type '`system.group.${string}`'.
src/lib/web.ts(1723,32): error TS2352: Conversion of type 'AdminAdapterConfig' to type 'Record<string, unknown>' may be a mistake because neither type sufficiently overlaps with the other. If this was intentional, convert the expression to 'unknown' first.
  Index signature for type 'string' is missing in type 'AdminAdapterConfig'.
src/lib/web.ts(1917,55): error TS2345: Argument of type 'AdminAdapter' is not assignable to parameter of type 'AdapterClass'.
  The types returned by 'checkPasswordAsync(...)' are incompatible between these types.
    Type 'Promise<boolean | [boolean, `system.user.${string}`]>' is not assignable to type 'Promise<[isPasswordCorrect: boolean, user: `system.user.${string}`]>'.
      Type 'boolean | [boolean, `system.user.${string}`]' is not assignable to type '[isPasswordCorrect: boolean, user: `system.user.${string}`]'.
        Type 'boolean' is not assignable to type '[isPasswordCorrect: boolean, user: `system.user.${string}`]'.
src/lib/web.ts(2721,17): error TS2322: Type 'Server<typeof IncomingMessage, typeof ServerResponse>' is not assignable to type 'Server<typeof IncomingMessage, typeof ServerResponse> & { __server: { app: Express; server: Server<typeof IncomingMessage, typeof ServerResponse>; }; }'.
  Property '__server' is missing in type 'Server<typeof IncomingMessage, typeof ServerResponse>' but required in type '{ __server: { app: Express; server: Server<typeof IncomingMessage, typeof ServerResponse>; }; }'.
src/main.ts(145,24): error TS2339: Property 'enabled' does not exist on type 'EosProtectedAdapterConfig'.
  Property 'enabled' does not exist on type 'string'.
src/main.ts(148,60): error TS2339: Property 'adapter' does not exist on type 'EosProtectedAdapterConfig'.
  Property 'adapter' does not exist on type 'string'.
src/main.ts(148,78): error TS2339: Property 'name' does not exist on type 'EosProtectedAdapterConfig'.
  Property 'name' does not exist on type 'string'.
src/main.ts(188,21): error TS2339: Property 'enabled' does not exist on type 'EosAdminGroupConfig'.
  Property 'enabled' does not exist on type 'string'.
src/main.ts(191,53): error TS2339: Property 'group' does not exist on type 'EosAdminGroupConfig'.
  Property 'group' does not exist on type 'string'.
src/main.ts(191,66): error TS2339: Property 'id' does not exist on type 'EosAdminGroupConfig'.
  Property 'id' does not exist on type 'string'.
src/main.ts(191,76): error TS2339: Property 'name' does not exist on type 'EosAdminGroupConfig'.
  Property 'name' does not exist on type 'string'.
src/main.ts(264,56): error TS2749: 'Adapter' refers to a value, but is being used as a type here. Did you mean 'typeof Adapter'?
src/main.ts(276,31): error TS2345: Argument of type 'string' is not assignable to parameter of type '`system.user.${string}`'.
src/main.ts(277,26): error TS2345: Argument of type 'string' is not assignable to parameter of type '`system.user.${string}`'.
src/main.ts(287,56): error TS2749: 'Adapter' refers to a value, but is being used as a type here. Did you mean 'typeof Adapter'?
src/main.ts(1102,24): error TS2352: Conversion of type 'AdminAdapterConfig' to type 'Record<string, unknown>' may be a mistake because neither type sufficiently overlaps with the other. If this was intentional, convert the expression to 'unknown' first.
  Index signature for type 'string' is missing in type 'AdminAdapterConfig'.
src/main.ts(1109,24): error TS2352: Conversion of type 'AdminAdapterConfig' to type 'Record<string, unknown>' may be a mistake because neither type sufficiently overlaps with the other. If this was intentional, convert the expression to 'unknown' first.
  Index signature for type 'string' is missing in type 'AdminAdapterConfig'.
src/main.ts(1120,24): error TS2352: Conversion of type 'AdminAdapterConfig' to type 'Record<string, unknown>' may be a mistake because neither type sufficiently overlaps with the other. If this was intentional, convert the expression to 'unknown' first.
  Index signature for type 'string' is missing in type 'AdminAdapterConfig'.
src/main.ts(1604,22): error TS2322: Type '{}' is not assignable to type 'StateACL | ObjectACL'.
src/main.ts(1663,30): error TS2739: Type '{}' is missing the following properties from type 'ObjectACL': owner, ownerGroup, object
src/main.ts(1704,22): error TS2322: Type '{}' is not assignable to type 'StateACL | ObjectACL'.
src/main.ts(1736,28): error TS2352: Conversion of type 'StateACL | ObjectACL' to type 'Record<string, unknown>' may be a mistake because neither type sufficiently overlaps with the other. If this was intentional, convert the expression to 'unknown' first.
  Type 'ObjectACL' is not comparable to type 'Record<string, unknown>'.
    Index signature for type 'string' is missing in type 'ObjectACL'.
src/main.ts(1891,9): error TS2322: Type 'ChannelCommon | StateCommon | {}' is not assignable to type 'AdapterCommon | GroupCommon | InstanceCommon | ChannelCommon | MetaCommon | OtherCommon | ... 8 more ... | ScheduleCommon'.
  Type '{}' is not assignable to type 'AdapterCommon | GroupCommon | InstanceCommon | ChannelCommon | MetaCommon | OtherCommon | ... 8 more ... | ScheduleCommon'.
src/main.ts(1910,26): error TS2322: Type '{}' is not assignable to type 'StateACL | ObjectACL'.
src/main.ts(1927,17): error TS2352: Conversion of type 'StateACL | ObjectACL' to type 'Record<string, unknown>' may be a mistake because neither type sufficiently overlaps with the other. If this was intentional, convert the expression to 'unknown' first.
  Type 'ObjectACL' is not comparable to type 'Record<string, unknown>'.
    Index signature for type 'string' is missing in type 'ObjectACL'.
src/main.ts(1928,17): error TS2352: Conversion of type 'StateACL | ObjectACL' to type 'Record<string, unknown>' may be a mistake because neither type sufficiently overlaps with the other. If this was intentional, convert the expression to 'unknown' first.
  Type 'ObjectACL' is not comparable to type 'Record<string, unknown>'.
    Index signature for type 'string' is missing in type 'ObjectACL'.
src/main.ts(1929,17): error TS2352: Conversion of type 'StateACL | ObjectACL' to type 'Record<string, unknown>' may be a mistake because neither type sufficiently overlaps with the other. If this was intentional, convert the expression to 'unknown' first.
  Type 'ObjectACL' is not comparable to type 'Record<string, unknown>'.
    Index signature for type 'string' is missing in type 'ObjectACL'.
src/main.ts(1961,9): error TS2322: Type 'ChannelCommon | StateCommon | {}' is not assignable to type 'AdapterCommon | GroupCommon | InstanceCommon | ChannelCommon | MetaCommon | OtherCommon | ... 8 more ... | ScheduleCommon'.
  Type '{}' is not assignable to type 'AdapterCommon | GroupCommon | InstanceCommon | ChannelCommon | MetaCommon | OtherCommon | ... 8 more ... | ScheduleCommon'.
src/main.ts(1979,25): error TS2352: Conversion of type 'StateACL | ObjectACL' to type 'Record<string, unknown>' may be a mistake because neither type sufficiently overlaps with the other. If this was intentional, convert the expression to 'unknown' first.
  Type 'ObjectACL' is not comparable to type 'Record<string, unknown>'.
    Index signature for type 'string' is missing in type 'ObjectACL'.
src/main.ts(2114,14): error TS2352: Conversion of type 'InstanceCommon' to type 'Record<string, unknown>' may be a mistake because neither type sufficiently overlaps with the other. If this was intentional, convert the expression to 'unknown' first.
  Index signature for type 'string' is missing in type 'InstanceCommon'.
src/main.ts(2115,14): error TS2352: Conversion of type 'InstanceCommon' to type 'Record<string, unknown>' may be a mistake because neither type sufficiently overlaps with the other. If this was intentional, convert the expression to 'unknown' first.
  Index signature for type 'string' is missing in type 'InstanceCommon'.
