
> iobroker.eos-admin@7.10.11 test:eos-licensing
> node --test test/eos-license-*.test.cjs

✔ shipped licensing JavaScript includes the exact reviewed source and policy (4.15816ms)
✔ actual shipped verifier accepts NWL3 under the same issuer and rejects injected limits (8.547648ms)
✔ starts denied, permits signed-service decision and sends no license key (3.315277ms)
✔ a new request uses a new nonce and rejects replay from an older request (0.617575ms)
✔ Home and Pro quantity limits and features are checked independently (4.147294ms)
✔ malformed, stale, future, oversized and missing entitlements fail closed (4.446308ms)
✔ timeout invalidates an existing lease; late and duplicate callbacks cannot reopen it (20.48914ms)
✔ throws and rejected transport promises settle denied without an unhandled rejection (0.821831ms)
✔ lease expires autonomously, onLost is once per denial episode, then recovery is possible (36.169567ms)
✔ wall clock rollback does not extend monotonic lease and a forward jump immediately denies (35.270681ms)
✔ stop cancels in-flight request and prevents late callback activation (0.869022ms)
✔ concurrent callers coalesce safely and status mutation cannot change entitlement (0.463965ms)
✔ failed safe-state callback latches denial and sanitizes logs (2.68325ms)
✔ asynchronous safe-state transition must finish before a fresh grant is accepted (1.958955ms)
✔ invalid configuration cannot create a permissive guard (0.622603ms)
✔ one shared lease gates each Home/Pro feature without extra messages or rights after loss (0.901021ms)
✔ NWL3 derives immutable Home and Pro system rights without adapter or quota claims (6.704466ms)
✔ NWL3 rejects even correctly signed custom grants, unknown scopes and nonperpetual variants (6.991114ms)
✔ NWL3 signatures bind version, edition and device while retaining the existing trust key (3.966303ms)
✔ NWL2 keeps narrower adapter and quantity restrictions after NWL3 support is added (1.264735ms)
✔ NWL3 persists encrypted across store reload without changing the device storage key (21.186137ms)
✔ UUID normalizes case/space while preserving canonical and direct vendor-prefix identity (0.824956ms)
✔ Home license authenticates UUID, explicit adapters, limits and immutable derived features (0.59384ms)
✔ Pro license enables Pro features only from signed edition and caps 10 batteries (1.178656ms)
✔ expiry and notBefore use exact millisecond boundaries without coercion or grace (1.553397ms)
✔ forged or edited signature, foreign signing key, unknown kid and legacy format fail closed (1.150014ms)
✔ trust accepts only bounded explicit Ed25519 public SPKI keys (23.29723ms)
✔ schema rejects wildcard adapters, duplicate adapters, unsafe limits and unknown signed fields (8.188139ms)
✔ malformed/oversized tokens and noncanonical base64 cannot reach successful verification (0.432208ms)
✔ encrypted storage roundtrips across restart with fresh nonce and no plaintext on disk (9.349109ms)
✔ GCM binds UUID and fails after ciphertext/tag/nonce corruption (10.377861ms)
✔ missing/wrong/short storage key never silently regenerates existing encrypted license (6.247161ms)
✔ storage high water mark cannot decrease; serialized operations preserve monotonic value (10.4841ms)
✔ clear removes only license, keeps device encryption key and permits fresh install (9.913375ms)
✔ storage rejects symlink files, symlink directory/ancestor and hard linked secrets (5.355224ms)
✔ storage rejects permissive POSIX modes and unsafe directory roots (4.527393ms)
✔ storage bounds files and rejects malformed data/envelopes without destructive overwrite (8.678043ms)
✔ license endpoints authorize before body parser, service calls and static files (3.071793ms)
✔ secure admin activation invokes parser after authorization and returns no submitted token (0.622763ms)
✔ cross-origin, missing origin/header and cross-site writes fail before parser (1.190023ms)
✔ forwarded host/proto headers do not establish origin or TLS trust (0.379338ms)
✔ plaintext LAN is denied for every route; explicit socket loopback can perform setup (0.485988ms)
✔ malformed activation/removal bodies are rejected without reaching service (3.420215ms)
✔ parser size/syntax errors are sanitized and cannot reach activation (0.438517ms)
✔ authorization and asynchronous service failures return sanitized bounded errors (0.481983ms)
✔ per-address write and read rate budgets deny excess operations (2.656951ms)
✔ license page has restrictive CSP and safe no-cache headers (0.569984ms)
✔ origin matching uses scheme, hostname and port exactly (0.254972ms)
✔ root-managed active EOS release admits only the declared process/package and closes descriptors (5.319421ms)
✔ absent platform, unsupported OS and malformed protected metadata deny with safe codes (6.879067ms)
✔ writable, non-root, symlinked and hard-linked paths or replaced descriptors fail closed (13.587799ms)
✔ client denies before contacting authority outside EOS and invalidates lease on platform loss (2.856125ms)
✔ all exported package files in UI mirror match canonical client (0.810024ms)
✔ NWL3 system grant uses edition policy and enabled sender checks without an adapter claim list (63.59781ms)
✔ replacement by old NWL2 restores its narrower list and quotas after a system license (14.491034ms)
✔ NWL3 activation survives service restart and rejects forged upgrades without replacing stored rights (9.758853ms)
✔ startup without provisioned trust denies and creates no license (1.680137ms)
✔ startup with empty trust configuration denies (1.323913ms)
✔ trusted service without stored license denies (1.764775ms)
✔ Home allows licensed adapter and published Home limits with bounded lease (6.057396ms)
✔ Home rejects Pro feature and over-limit resource counts (15.7703ms)
✔ Pro grants its feature set only to listed adapter and within signed limits (13.100084ms)
✔ licensed second adapter receives grants only when enabled (6.449124ms)
✔ missing, disabled, renamed or non-instance senders cannot obtain grants (12.639519ms)
✔ sender mismatch, unknown feature, extra keys and invalid quota types reject (7.355952ms)
✔ malformed or untrusted import preserves existing encrypted license (6.96758ms)
✔ explicit license removal denies checks and remains removed after restart (8.665134ms)
✔ external license deletion invalidates previously cached grant eligibility (5.847923ms)
✔ tampered authenticated ciphertext invalidates cached license (5.108095ms)
✔ encrypted license and edition persist over clean service restart (8.914172ms)
✔ changed system UUID denies while running (8.310217ms)
✔ lease is capped at expiry and license expires at exact boundary (6.833259ms)
✔ expiry is rechecked after delayed adapter object lookup (5.500352ms)
✔ wall clock rollback relative to monotonic time fails closed until restart (4.323218ms)
✔ frequent sub-tolerance checks cannot keep a frozen wall clock licensed (7.2643ms)
✔ small cumulative backward steps cannot reset the monotonic clock anchor (13.925341ms)
✔ persisted high-water mark detects ordinary rollback across restart (10.608817ms)
✔ sender rate cap denies excess requests and renews after window (43.526682ms)
✔ queue cap rejects excess work without preventing earlier jobs completing (1.829411ms)
✔ new checks and mutations after stop are denied (3.66416ms)
✔ check queued before stop cannot grant or restore cached validity after stop (4.825931ms)
✔ check already in adapter lookup cannot grant after stop (5.182906ms)
✔ database timeout clears validity, bounds outstanding reads and ignores late results (25.094291ms)
✔ timeout during adapter identity lookup clears a previously valid license view (28.177852ms)
✔ serialized deletion ahead of a check prevents an intervening grant (5.530658ms)
✔ status rechecks expiry after delayed UUID lookup (4.859081ms)
✔ import expiring during UUID lookup preserves the previous valid license (5.658188ms)
✔ production directory resolver works without an assumed adapter instance method (3.534467ms)
✔ directory resolver failure is contained and keeps authority denied (0.871135ms)
✔ authority never starts or accepts activation outside an admitted EOS installation (1.493097ms)
✔ authority rechecks EOS admission and revokes an existing central license decision on platform loss (5.835354ms)
✔ trusted root-owned complete directory chain accepts bounded public keys (10.489498ms)
✔ writable, foreign-owned or symbolic-link ancestor is denied before file open (5.016255ms)
✔ unsafe trust file and inode swap fail closed (11.684397ms)
✔ read remains bounded after growth and rejects malformed contents with close (6.109394ms)
✔ Windows and noncanonical paths require explicit supported provisioning (8.565405ms)
ℹ tests 96
ℹ suites 0
ℹ pass 96
ℹ fail 0
ℹ cancelled 0
ℹ skipped 0
ℹ todo 0
ℹ duration_ms 486.535642
npm warn Unknown env config "http-proxy". This will stop working in the next major version of npm.
