✔ small bundled icon decodes to the existing approved source SVG and PNG (1.654001ms)
✔ unknown or duplicate prebuilt graphics fail closed (1.494021ms)
✔ transform changes only the product graphic and its two accessible labels (1.867582ms)
✔ served wizard and credentials share the exact source graphic (24.447536ms)
✔ shipped licensing JavaScript includes the exact reviewed source and policy (2.929024ms)
✔ actual shipped verifier accepts NWL3 under the same issuer and rejects injected limits (6.817047ms)
✔ starts denied, permits signed-service decision and sends no license key (3.97965ms)
✔ a new request uses a new nonce and rejects replay from an older request (0.822604ms)
✔ Home and Pro quantity limits and features are checked independently (2.954913ms)
✔ malformed, stale, future, oversized and missing entitlements fail closed (6.179241ms)
✔ timeout invalidates an existing lease; late and duplicate callbacks cannot reopen it (21.316213ms)
✔ throws and rejected transport promises settle denied without an unhandled rejection (0.968433ms)
✔ lease expires autonomously, onLost is once per denial episode, then recovery is possible (35.500037ms)
✔ wall clock rollback does not extend monotonic lease and a forward jump immediately denies (36.431088ms)
✔ stop cancels in-flight request and prevents late callback activation (0.411637ms)
✔ concurrent callers coalesce safely and status mutation cannot change entitlement (0.387831ms)
✔ failed safe-state callback latches denial and sanitizes logs (3.684458ms)
✔ asynchronous safe-state transition must finish before a fresh grant is accepted (1.761247ms)
✔ invalid configuration cannot create a permissive guard (0.492108ms)
✔ one shared lease gates each Home/Pro feature without extra messages or rights after loss (0.662463ms)
✔ NWL3 derives immutable Home and Pro system rights without adapter or quota claims (5.614412ms)
✔ NWL3 rejects even correctly signed custom grants, unknown scopes and nonperpetual variants (5.888114ms)
✔ NWL3 signatures bind version, edition and device while retaining the existing trust key (3.438719ms)
✔ NWL2 keeps narrower adapter and quantity restrictions after NWL3 support is added (1.159209ms)
✔ NWL3 persists encrypted across store reload without changing the device storage key (31.170812ms)
✔ UUID normalizes case/space while preserving canonical and direct vendor-prefix identity (1.105398ms)
✔ Home license authenticates UUID, explicit adapters, limits and immutable derived features (0.72671ms)
✔ Pro license enables Pro features only from signed edition and caps 10 batteries (1.540641ms)
✔ expiry and notBefore use exact millisecond boundaries without coercion or grace (2.129745ms)
✔ forged or edited signature, foreign signing key, unknown kid and legacy format fail closed (1.496615ms)
✔ trust accepts only bounded explicit Ed25519 public SPKI keys (46.624254ms)
✔ schema rejects wildcard adapters, duplicate adapters, unsafe limits and unknown signed fields (12.099241ms)
✔ malformed/oversized tokens and noncanonical base64 cannot reach successful verification (0.595193ms)
✔ encrypted storage roundtrips across restart with fresh nonce and no plaintext on disk (22.288857ms)
✔ GCM binds UUID and fails after ciphertext/tag/nonce corruption (21.09056ms)
✔ missing/wrong/short storage key never silently regenerates existing encrypted license (35.922651ms)
✔ storage high water mark cannot decrease; serialized operations preserve monotonic value (30.355314ms)
✔ clear removes only license, keeps device encryption key and permits fresh install (14.490458ms)
✔ storage rejects symlink files, symlink directory/ancestor and hard linked secrets (11.382135ms)
✔ storage rejects permissive POSIX modes and unsafe directory roots (5.869616ms)
✔ storage bounds files and rejects malformed data/envelopes without destructive overwrite (9.530693ms)
✔ license endpoints authorize before body parser, service calls and static files (3.567962ms)
✔ secure admin activation invokes parser after authorization and returns no submitted token (0.625538ms)
✔ cross-origin, missing origin/header and cross-site writes fail before parser (2.617317ms)
✔ forwarded host/proto headers do not establish origin or TLS trust (0.455844ms)
✔ plaintext LAN is denied for every route; explicit socket loopback can perform setup (1.213761ms)
✔ malformed activation/removal bodies are rejected without reaching service (7.708554ms)
✔ parser size/syntax errors are sanitized and cannot reach activation (0.461202ms)
✔ authorization and asynchronous service failures return sanitized bounded errors (0.400391ms)
✔ per-address write and read rate budgets deny excess operations (6.588824ms)
✔ license page has restrictive CSP and safe no-cache headers (0.636605ms)
✔ origin matching uses scheme, hostname and port exactly (0.268233ms)
✔ root-managed active EOS release admits only the declared process/package and closes descriptors (6.295024ms)
✔ absent platform, unsupported OS and malformed protected metadata deny with safe codes (8.850367ms)
✔ writable, non-root, symlinked and hard-linked paths or replaced descriptors fail closed (11.767323ms)
✔ client denies before contacting authority outside EOS and invalidates lease on platform loss (3.010446ms)
✔ all exported package files in UI mirror match canonical client (0.93298ms)
✔ NWL3 system grant uses edition policy and enabled sender checks without an adapter claim list (56.022894ms)
✔ replacement by old NWL2 restores its narrower list and quotas after a system license (31.098624ms)
✔ NWL3 activation survives service restart and rejects forged upgrades without replacing stored rights (20.332272ms)
✔ startup without provisioned trust denies and creates no license (2.109635ms)
✔ startup with empty trust configuration denies (1.818188ms)
✔ trusted service without stored license denies (2.180912ms)
✔ Home allows licensed adapter and published Home limits with bounded lease (15.890689ms)
✔ Home rejects Pro feature and over-limit resource counts (24.759033ms)
✔ Pro grants its feature set only to listed adapter and within signed limits (15.347344ms)
✔ licensed second adapter receives grants only when enabled (7.590718ms)
✔ missing, disabled, renamed or non-instance senders cannot obtain grants (9.799752ms)
✔ sender mismatch, unknown feature, extra keys and invalid quota types reject (5.101353ms)
✔ malformed or untrusted import preserves existing encrypted license (7.067973ms)
✔ explicit license removal denies checks and remains removed after restart (5.189304ms)
✔ external license deletion invalidates previously cached grant eligibility (4.232921ms)
✔ tampered authenticated ciphertext invalidates cached license (9.445389ms)
✔ encrypted license and edition persist over clean service restart (9.474323ms)
✔ changed system UUID denies while running (5.656907ms)
✔ lease is capped at expiry and license expires at exact boundary (9.151739ms)
✔ expiry is rechecked after delayed adapter object lookup (9.450979ms)
✔ wall clock rollback relative to monotonic time fails closed until restart (6.687728ms)
✔ frequent sub-tolerance checks cannot keep a frozen wall clock licensed (9.699161ms)
✔ small cumulative backward steps cannot reset the monotonic clock anchor (12.613608ms)
✔ persisted high-water mark detects ordinary rollback across restart (6.102584ms)
✔ sender rate cap denies excess requests and renews after window (51.86669ms)
✔ queue cap rejects excess work without preventing earlier jobs completing (1.584948ms)
✔ new checks and mutations after stop are denied (3.523776ms)
✔ check queued before stop cannot grant or restore cached validity after stop (3.574463ms)
✔ check already in adapter lookup cannot grant after stop (18.296207ms)
✔ database timeout clears validity, bounds outstanding reads and ignores late results (27.200741ms)
✔ timeout during adapter identity lookup clears a previously valid license view (26.407231ms)
✔ serialized deletion ahead of a check prevents an intervening grant (5.329445ms)
✔ status rechecks expiry after delayed UUID lookup (5.048133ms)
✔ import expiring during UUID lookup preserves the previous valid license (6.323727ms)
✔ production directory resolver works without an assumed adapter instance method (3.907852ms)
✔ directory resolver failure is contained and keeps authority denied (0.896044ms)
✔ authority never starts or accepts activation outside an admitted EOS installation (1.675834ms)
✔ authority rechecks EOS admission and revokes an existing central license decision on platform loss (7.421334ms)
✔ trusted root-owned complete directory chain accepts bounded public keys (7.367482ms)
✔ writable, foreign-owned or symbolic-link ancestor is denied before file open (6.223717ms)
✔ unsafe trust file and inode swap fail closed (10.709536ms)
✔ read remains bounded after growth and rejects malformed contents with close (6.531418ms)
✔ Windows and noncanonical paths require explicit supported provisioning (5.390837ms)
(node:83) ExperimentalWarning: stripTypeScriptTypes is an experimental feature and might change at any time
(Use `node --trace-warnings ...` to show where the warning was created)
✔ slow valid proof has its own deadline while ordinary session reads remain short (93.929741ms)
✔ password-work cap remains occupied after timeout until actual proof settles (33.325185ms)
✔ revocation or account disable during slow proof rejects credentials (102.690335ms)
✔ malformed and oversized credentials are denied before CPU work (0.720561ms)
✔ existing EOS password length boundaries remain accepted without imposing new composition rules (1.465839ms)
✔ source login unlocks and explains network failure without throwing (2.148513ms)
✔ source login catches a malformed successful token reply (0.775563ms)
✔ source login distinguishes wrong password from transport failure (0.789995ms)
✔ source hung login aborts after 20s and suppresses duplicate submission (0.772489ms)
✔ source accepted login remains blocked while redirect starts (0.794112ms)
✔ build login unlocks and explains network failure without throwing (14.914995ms)
✔ build login catches a malformed successful token reply (15.335787ms)
✔ build login distinguishes wrong password from transport failure (11.819862ms)
✔ build hung login aborts after 20s and suppresses duplicate submission (12.468775ms)
✔ build accepted login remains blocked while redirect starts (12.404019ms)
(node:84) ExperimentalWarning: stripTypeScriptTypes is an experimental feature and might change at any time
(Use `node --trace-warnings ...` to show where the warning was created)
✔ pinned upstream password login, token pair and refresh work with security binding (6.661854ms)
✔ actual controller group view display keys do not replace canonical object identities (0.375474ms)
✔ malformed or duplicate canonical group objects fail closed before credential verification (1.146841ms)
✔ all devices access and refresh tokens reject changed password without waiting for object event (1.667762ms)
✔ disable, deletion and changed group ACL independently invalidate both token classes (3.99981ms)
✔ observed disable then re-enable cannot resurrect old token after snapshot returns to original (0.894912ms)
✔ legacy and unbound external tokens are rejected and direct internal minting is denied (0.660862ms)
✔ proof cannot be forged by passing a user-shaped object or copied authenticated identity (0.308373ms)
✔ password mutation during credential verification and before token save fails closed (0.557546ms)
✔ refresh credential cannot cross revocation between lookup and save (0.722434ms)
✔ restart generation does not accept previously saved capabilities (0.41312ms)
✔ session database failures and bounded stalled reads fail closed without unbounded backlog (76.961457ms)
✔ socket revocation synchronously blocks commands, clears subscriptions and closes every connection (1.55306ms)
✔ metadata-only account updates do not revoke established capabilities (0.821272ms)
✔ expired access and refresh capabilities fail closed in the common session reader (0.98673ms)
✔ late socket authentication cannot reopen a connection after revocation (0.336305ms)
✔ real five-second watchdog closes a socket after a missed credential object event (5251.949212ms)
✔ password verification has a separate budget without relaxing database reads (102.221024ms)
✔ timed-out authentication retains two work slots, refuses backlog and never grants late proof (25.791174ms)
✔ bad passwords and revocation during slow verification still cannot receive proofs (101.744538ms)
✔ actual dashboard and legacy unversioned script resolve to query-free local file (1.271107ms)
✔ external, absolute, encoded and traversal paths are rejected (0.203605ms)
✔ only a single known EOS version parameter is permitted (0.220601ms)
✔ real TLS1.3 mutual channel reads only public state fields (53.332889ms)
✔ separate certificates send/receive authenticated messages, with no sender spoofing (37.189191ms)
✔ telemetry writes force ack=true and server-derived sender identity (12.894614ms)
✔ logic writes only a bounded request namespace, ack=false (16.959022ms)
✔ invalid control value -1 is denied before backend (9.227463ms)
✔ invalid control value 4201 is denied before backend (9.26609ms)
✔ invalid control value "100" is denied before backend (10.463407ms)
✔ invalid control value null is denied before backend (11.927143ms)
✔ invalid control value {"val":100} is denied before backend (13.545281ms)
✔ private data, unknown message commands and host messages are denied (21.821927ms)
✔ additional identity fields cannot replace authenticated sender (16.123278ms)
✔ valid CA certificate without policy pin is denied (6.710097ms)
✔ expired certificate cannot authenticate (5.962986ms)
✔ no client certificate cannot authenticate (4.943336ms)
✔ wrong server name fails certificate verification (5.949986ms)
✔ wrong trust anchor fails certificate verification (3.60682ms)
✔ TLS1.2 is rejected instead of downgraded (2.360642ms)
✔ plaintext HTTP is refused (2.056725ms)
✔ replayed RPC identifier cannot perform a second write (10.980202ms)
✔ expired or future-dated requests never reach backend (11.813452ms)
✔ expired queued messages are discarded before delivery (168.279024ms)
✔ bounded mailbox rejects overflow and does not silently replace messages (139.620136ms)
✔ policy revocation also invalidates live sessions and queued commands (19.987254ms)
✔ policy changes during asynchronous work deny its late completion (12.516036ms)
✔ unknown operations and oversized requests are rejected (8.315866ms)
✔ malformed backend values fail closed and backend error content is hidden (9.23827ms)
✔ client budgets the full session plus RPC to five seconds and does not retry (5003.958069ms)
✔ closed clients cannot create another socket (1.304955ms)
✔ policy cannot authorize arbitrary foreign writes, secrets, duplicate pins or unbounded numbers (0.357616ms)
✔ strict request parser rejects duplicate keys, non-finite numbers and excess nesting (14.19212ms)
✔ new gateway epoch rejects a request from an earlier service instance (7.430961ms)
✔ null state remains null and is not reinterpreted as a zero reading (7.291292ms)
✔ rate limiting bounds authenticated requests (242.856764ms)
✔ client concurrent calls are bounded and cancelled on close (9.03838ms)
✔ pin cannot authenticate a different certificate subject (5.315402ms)
✔ download endpoint excludes shell, auth, query, redirect and path injection syntax (1.464337ms)
✔ manufacturer must supply real-shaped Ed25519 public trust with separate exact pin (88.473496ms)
✔ kit cannot ship changed or omitted signed helpers or extra runtime code (0.562114ms)
✔ one command checks a separately delivered script pin before execution; script data survive exact embedding (1.92634ms)
✔ canonical ZIP builder reads back bytes and refuses changed source before it can become a valid kit (162.963441ms)
✔ build CLI accepts only explicit manufacturer inputs, never private signing keys or target passwords (0.519179ms)
✔ Git blob identity hashes the canonical Git header as well as exact bytes (1.642794ms)
✔ manufacturer inputs require authentic public trust and pins; arbitrary repository credentials are not CLI options (0.778608ms)
✔ target command keeps token out of argv, history, URLs, disk and child environment (0.572539ms)
✔ only pinned fixed-repository code executes, after complete bounded HTTPS download and SHA256 check (0.277056ms)
✔ copyable here-document parses in real Bash including protected token descriptor handoff (7.664228ms)
✔ inherited export and allexport cannot copy the new token into child environments; FD3 survives exec (5.715425ms)
✔ IP selection prefers a validated SSH local destination only when present on an active noninternal interface (7.364298ms)
✔ one distinct IPv4 is automatic; loopback, link-local, unspecified, multicast and IPv6 are ineligible (0.316915ms)
✔ bootstrap configuration accepts only exact pin fields and valid schema, never custom paths or secrets (1.385378ms)
✔ license trust requires authentic pinned public Ed25519 keys and rejects private keys even with matching hash (3.544988ms)
✔ TTY must be an actual character terminal before it can receive any possession code (0.559489ms)
✔ successful runner uses all existing installer flags and emits possession only through opened TTY (5.128404ms)
✔ missing TTY, ambiguous IP and changed pins fail before host installation or input creation (7.082385ms)
✔ installer failures never read or output code and sanitized error excludes downstream secret messages (3.429776ms)
✔ unsafe code permissions and existing input directory fail closed without TTY disclosure (2.438107ms)
✔ CLI cannot select paths or weaken host requirements; errors contain no arbitrary properties (1.02652ms)
✔ TTY is revalidated immediately before disclosure and cannot degrade into an ordinary output file (0.201933ms)
✔ ambiguous address errors give a bounded corrective message without addresses or secrets (0.443656ms)
✔ terminal success is readable and includes public browser trust instructions without arbitrary result properties (1.330606ms)
✔ preflight refusal preserves its fixed error code and known failed check IDs but never diagnostic detail or secrets (2.044827ms)
✔ host failure preserves fixed installation phase through the real runner without disclosure or retries (17.924059ms)
✔ unknown or malformed installation phases are omitted while existing code and preflight checks remain (0.340681ms)
✔ public transport retains all three pinned assets and a fixed repository commit (2.17313ms)
✔ public transport rejects mutable refs, foreign repositories and malformed asset sets (0.806731ms)
✔ generated entry contains exact preparer bytes and bounded R2 recovery before normal preparation (5.449335ms)
✔ one-line curl entry verifies full size and hash in a protected directory before execution (2.810566ms)
✔ R6 update transport binds immutable commit, key, archive and exact test scope (2.495354ms)
✔ malformed metadata, key substitution, old release and broad admission are rejected (1.45954ms)
✔ entry embeds exact reviewed extractors, authenticates assets, and supervises updater (11.025931ms)
✔ outer one-line command checks protected root, complete size and digest before execution (3.271859ms)
✔ only a complete hash-matching download reaches the execution boundary (11.84165ms)
✔ download hash failure never reaches the execution boundary (13.614675ms)
✔ download size failure never reaches the execution boundary (12.368089ms)
✔ download failure failure never reaches the execution boundary (4.81955ms)
✔ download symlink failure never reaches the execution boundary (10.53529ms)
✔ download hardlink failure never reaches the execution boundary (7.10607ms)
✔ download refuses to overwrite existing data (2.750737ms)
✔ embedded extractor works as packaged and rejects hash, traversal, links and existing output (372.758876ms)
✔ supervisor rejects absent/malformed invocation and clears inherited Node/Python options (81.831017ms)
✔ both historical release and key pins are forbidden as R6 target (0.688323ms)
✔ R6 script selects only the new updater/output and preserves bounded checked TLS downloads (0.568993ms)
✔ public readback accepts only byte-identical regular files and independently checked pins (4.676245ms)
✔ publication permits only all three new entry files at the exact source commit (41.826352ms)
✔ publication rejects an unrelated untracked file (27.717226ms)
✔ publication rejects a staged source change (30.219856ms)
✔ publication rejects missing generated files and local modification after staging (36.740633ms)
✔ publication rejects symlink entries rather than following them (34.274733ms)
✔ command report binds the committed entry and only the two new command files publish (61.008284ms)
✔ command report rejects a mutable or mismatched command without writing evidence (46.961807ms)
✔ R6 command requires full remote asset readback rather than a bare success flag (1.77322ms)
✔ R7 recovery transport binds immutable commit, key, archive and exact test scope (3.44607ms)
✔ malformed metadata, key substitution, old release and broad admission are rejected (2.144126ms)
✔ entry embeds exact reviewed extractors, authenticates assets, and supervises updater (13.19142ms)
✔ outer one-line command checks protected root, complete size and digest before execution (3.982004ms)
✔ only a complete hash-matching download reaches the execution boundary (17.568867ms)
✔ download hash failure never reaches the execution boundary (13.561745ms)
✔ download size failure never reaches the execution boundary (9.995225ms)
✔ download failure failure never reaches the execution boundary (3.583346ms)
✔ download symlink failure never reaches the execution boundary (5.426501ms)
✔ download hardlink failure never reaches the execution boundary (6.255024ms)
✔ download refuses to overwrite existing data (2.480852ms)
✔ embedded extractor works as packaged and rejects hash, traversal, links and existing output (358.199971ms)
✔ supervisor rejects absent/malformed invocation and clears inherited Node/Python options (86.060847ms)
✔ all R4/R5/R6 release and key pins are forbidden as R7 target; only R4 is an accepted starting baseline (0.814272ms)
✔ R7 recovery script selects only the new updater/output and preserves bounded checked TLS downloads (0.791638ms)
✔ entry refuses broad recovery scope and requires the actual signed helper bytes (11.373983ms)
✔ public readback accepts only byte-identical regular files and independently checked pins (5.575555ms)
✔ publication permits only all three new entry files at the exact source commit (40.466928ms)
✔ publication rejects an unrelated untracked file (27.13358ms)
✔ publication rejects a staged source change (31.096355ms)
✔ publication rejects missing generated files and local modification after staging (36.506767ms)
✔ publication rejects symlink entries rather than following them (34.779936ms)
✔ command report binds the committed entry and only the two new command files publish (72.13435ms)
✔ command report rejects a mutable or mismatched command without writing evidence (37.769372ms)
✔ R7 recovery command requires full remote asset readback rather than a bare success flag (6.474303ms)
✔ R5 repair transport binds immutable commit, key, archive and exact test scope (2.643015ms)
✔ malformed metadata, key substitution, old release and broad admission are rejected (1.539941ms)
✔ entry embeds exact reviewed extractors, authenticates assets, and supervises updater (12.73809ms)
✔ outer one-line command checks protected root, complete size and digest before execution (2.705809ms)
✔ only a complete hash-matching download reaches the execution boundary (10.756767ms)
✔ download hash failure never reaches the execution boundary (11.847143ms)
✔ download size failure never reaches the execution boundary (10.423116ms)
✔ download failure failure never reaches the execution boundary (3.969976ms)
✔ download symlink failure never reaches the execution boundary (5.351849ms)
✔ download hardlink failure never reaches the execution boundary (5.753532ms)
✔ download refuses to overwrite existing data (3.27277ms)
✔ embedded extractor works as packaged and rejects hash, traversal, links and existing output (369.626448ms)
✔ supervisor rejects absent/malformed invocation and clears inherited Node/Python options (99.540259ms)
✔ public readback accepts only byte-identical regular files and independently checked pins (4.014803ms)
✔ publication permits only all three new entry files at the exact source commit (36.902511ms)
✔ publication rejects an unrelated untracked file (25.532554ms)
✔ publication rejects a staged source change (30.776951ms)
✔ publication rejects missing generated files and local modification after staging (28.372725ms)
✔ publication rejects symlink entries rather than following them (33.783957ms)
✔ command report binds the committed entry and only the two new command files publish (55.013886ms)
✔ command report rejects a mutable or mismatched command without writing evidence (43.408401ms)
✔ one pasteable command validates downloaded code before execution and keeps recovery conditional (6.0254ms)
✔ invalid or injected recovery pins are refused before generating a command (1.007952ms)
✔ source and shipped HTML refresh the role bootstrap, entry and product loader stylesheet (1.0195ms)
✔ all bootstrap importers, their dynamic preload maps and reverse importers use the same new cache namespace (45.820589ms)
✔ cache rewriting preserves unrelated library imports and follows dependency cycles (0.256765ms)
✔ all deployed favicon copies match the exact supplied NexoWatt icon (2.738038ms)
✔ Admin source/build logo and manifest remain identical across rebuilds (1.46687ms)
✔ each static EOS UI page selects one local product favicon without a competing inline icon (2.861502ms)
✔ legal upstream names and the product support destination stay accurate (15.603938ms)
✔ product boot logo replaces the upstream CSS Loader before the application starts (0.65996ms)
✔ long product marks use the supplied NexoWatt asset in source, build and installer (3.133631ms)
✔ backup source and shipped bundle contain the same product icon (5.523616ms)
✔ backup standalone pages replace any library loading mark with the own local logo (1.470916ms)
✔ shipped template choices are exact, hash-bound projections of the existing Devices source (24.514747ms)
✔ configured plant persists sourced limits and input-only mappings without enabling control (15.17195ms)
✔ explicit missing site data stays incomplete, while signed/split phases and §14a EMS are validated (1.359309ms)
✔ real model restrictions, serial fields, template/role mismatch and unknown fields fail closed (5.382099ms)
✔ EEBUS/OCPP identities and source-backed limits are captured with no connections or commands (0.521111ms)
✔ planned device counts and canonical product adapter names must fit the authenticated license (0.956835ms)
✔ minimal v3 creates a deferred commissioning record without inventing site or installation values (0.469144ms)
✔ minimal v3 rejects forged commissioning/UUID/settings, unsupported schemas and bypass of signed-license selection (0.396815ms)
✔ minimal password and handoff validation retain password policy, exact schemas and legacy record compatibility (2.92651ms)
✔ first account is fixed service role, frontend hash accepted, no default personal passwords or active physical devices (25.955889ms)
✔ configured handoff maps measured-plant inputs into disabled UI instance and retains private device plan (5.712349ms)
✔ every partial object-store write keeps the start gate closed and refuses unsafe replay (23.887596ms)
✔ configuration, running controller, unknown password hash and different replay handoff are rejected before mutation (2.765779ms)
✔ first-run marker and safety policy drift block subsequent enrollment verification (15.241765ms)
✔ minimal first start enrolls admin only and preserves host defaults without inventing plant settings (2.246841ms)
✔ EOS first start completes the redundant Admin wizard without telemetry consent or identity/configuration changes (5.867392ms)
✔ historical wizard state remains verifiable and never creates a new boot gate or implicit repair (6.290306ms)
✔ first start never replaces telemetry settings with implicit consent (0.660992ms)
✔ frontend consumes code in POST body and keeps cookie/CSRF credentials out of URLs and persistent browser storage (12.511019ms)
✔ authenticated catalog UUID is visible, read-only and selectable before any license or password entry (5.13927ms)
✔ copy uses complete authenticated catalog UUID including vendor prefix and reports success only after Clipboard resolves (3.960271ms)
✔ Clipboard absent or rejected selects the complete UUID and gives manual instructions without claiming success (10.428234ms)
✔ missing or invalid catalog UUID never enables copying, displays response text, or creates an identity (21.949719ms)
✔ minimal delivered form sends only schema, signed license and admin passwords, never commissioning data or device identity (5.973461ms)
✔ check uses the same minimal contract and license result shows edition without adapter/count restrictions (3.022735ms)
✔ 202 handoff and lost setup connection never claim completed installation (3.604087ms)
✔ only explicit root completion shows access success; plant acceptance remains open (3.775394ms)
✔ claim header timeout aborts at five seconds, releases the button and never retries or exposes the code (2.443316ms)
✔ one five-second budget includes late headers and a stalled JSON body; a late body cannot reopen setup (3.062424ms)
✔ initial session JSON timeout is bounded and successful requests clear their deadline timers (3.642744ms)
✔ ambiguous finish aborts, clears secrets, checks server state and never resubmits a committing handoff (18.307981ms)
✔ a confirmed authenticated claimed state permits only an explicit new finish with fresh credentials (4.088584ms)
✔ lost finish and unreachable state stay closed to resubmission and end bounded polling after timeouts (3.263265ms)
✔ reload while committing bounds even a permanently stalled poll and accepts only an explicit completion marker (6.538199ms)
✔ local reissue CLI refuses password arguments and never prints the argument (75.60386ms)
✔ local reissue engine produces new state; owner restoration uses only its validated open descriptor (4.682795ms)
✔ previous state must be regular, singly linked, private and owned by the expected setup identity (1.174963ms)
✔ replacement between lstat and open is rejected before any ownership change (2.024176ms)
✔ symlink-follow result from a path race is rejected by descriptor identity even if the OS open were permissive (0.65972ms)
✔ replacement after descriptor validation cannot redirect fchown to the new path (1.297767ms)
✔ verified TLS only; endpoint validates CA, hostname, expiry and trust (41.533077ms)
✔ catalog UUID licenses this device before password setup and stays private to the live claimed session (43.774625ms)
✔ HTTPS configuration and signed license are checked against installed identity/trust before one private handoff (62.824679ms)
✔ minimal HTTPS setup accepts signed system edition without plant or adapter selections and commits exactly once (35.33553ms)
✔ license rechecked at finish rejects expiry, wrong device, unknown issuer, and inadequate capacity before KDF (29.184161ms)
✔ possession is required; wrong, expired, reused and missing codes fail (18.128806ms)
✔ persistent attempt limit survives reboot (28.666505ms)
✔ real HTTPS frontend password becomes a verified PBKDF2 credential with one bounded derivation (1345.650671ms)
✔ host, origin, CSRF, proxy, URL and role manipulation are rejected (42.714591ms)
✔ session cookie, cache and content policy are restrictive; password hash handoff contains no secrets (17.265393ms)
✔ parallel finalization derives once and only one handoff wins (91.107066ms)
✔ abort during commit and restart retain closed state with no handoff or administrative access (13.463228ms)
✔ expired or restarted claimed session cannot finish; trusted local reissue revokes old cookie and code (19.382265ms)
✔ local reissue immediately revokes a still-valid live session and rollback does not extend it (15.472397ms)
✔ body, request rate and settings bounds fail closed (268.333186ms)
✔ storage rejects replacement preparation, hardlinks, tampering and pending mutation locks (7.98427ms)
✔ ordered SIGTERM shutdown closes listener before cleanup; repeated signals cannot repeat secret deletion (1.847522ms)
✔ cleanup failure logs fixed code only and makes shutdown non-successful (0.202254ms)
✔ asynchronous main rejects arbitrary config and password CLI arguments (0.591317ms)
✔ native controller fixture models the product initialize service read-only configuration (0.927822ms)
✔ native setup must preserve exact configuration bytes and revalidate before startup (0.263675ms)
✔ Redis CLI retry options remain forbidden in the PostgreSQL runtime validator (4.403616ms)
✔ PostgreSQL provisioning preserves service traversal and private keys under umask 22 (158.392383ms)
✔ PostgreSQL provisioning preserves service traversal and private keys under umask 77 (115.336155ms)
✔ plugin exports native backend identity and complete inspected 7.2.2 API (2.711388ms)
✔ setState matches metadata, seconds conversion, comment and deep equality semantics without mutating input (2.134182ms)
✔ primitive values, explicit lc/q and Async aliases preserve contract (1.399539ms)
✔ ordered batch reads preserve duplicates and null missing values; qualified keys are namespace bound (1.54644ms)
✔ raw restore keeps exact JSON and emits no event (5.487682ms)
✔ system/user subscription isolation, wildcards and unsubscribe (3.133711ms)
✔ escaped glob literals and negated classes do not become regular-expression expressions (2.392209ms)
✔ state deletion and TTL expiration emit null; reads exclude expired values (1.46002ms)
✔ sessions expire, can be destroyed, and retain upstream one-argument success callback (1.551298ms)
✔ messages/logs preserve prefixed channels and event buffers, without storing/replaying commands (1.574873ms)
✔ Buffer state read matches upstream JSON shape while change event revives Buffer (0.891187ms)
✔ callbacks are asynchronous and return id/error in their existing slots (0.975945ms)
✔ destroyDB is limited to state namespace and leaves sessions/protocol intact (0.682935ms)
✔ disconnect fails writes closed and reconnect resumes live subscriptions without replay (1.341242ms)
✔ unexpected protocol version disconnects and prevents writes (0.70016ms)
✔ autoConnect failure is caught and emits only fixed diagnostic; explicit retry can report error (1.228212ms)
✔ invalid input, invalid JSON, nonfinite numbers and unsupported TTL are rejected before writing (1.017737ms)
✔ bounded events reject oversized writes and preserve previous value (7.919059ms)
✔ malformed stored JSON and malformed buffer event fail closed without raw diagnostics (1.545549ms)
✔ simultaneous updates preserve latest value when later metadata-only write follows (0.453621ms)
✔ closed client cannot reopen, read, publish or write (0.255653ms)
✔ overlapping subscriptions preserve normal duplicate delivery but expiry delivers once (0.68672ms)
✔ queued events are discarded across disconnect rather than executing stale commands (0.461052ms)
✔ event fanout and subscription count are bounded and overload disconnects visibly (62.34625ms)
✔ malformed UTF-8 stored data is rejected rather than normalized silently (0.818658ms)
✔ namespace globs and overlapping domains are rejected before opening a store (0.197116ms)
✔ quote-shaped state ids remain literal data at the Store boundary (0.252308ms)
✔ non-ASCII ids and Redis byte-wise question-mark globs remain compatible (1.055814ms)
✔ aggregate complex-glob work is bounded per incoming event (2.112299ms)
✔ working connection verifier requires encryption, authorization and actual TLS1.3 (1.090987ms)
✔ pre-reconnect watermark rejects retained event IDs and alternate numeric encodings (4.081032ms)
✔ replay remains rejected after duplicate cache eviction (44.827809ms)
✔ queued lower sequence cannot be delivered after newer committed notification (0.317386ms)
✔ connection requires verified TLS1.3 mTLS with fixed time budgets (4.422544ms)
✔ configuration rejects cleartext (1.23322ms)
✔ configuration rejects invalid cert input (0.156725ms)
✔ configuration rejects disabled peer check (0.12013ms)
✔ configuration rejects downgrade (0.145258ms)
✔ configuration rejects custom identity verifier (0.121593ms)
✔ configuration rejects SNI override (0.171838ms)
✔ configuration rejects connection string (0.153801ms)
✔ configuration rejects password (0.136424ms)
✔ configuration rejects unix socket (0.238788ms)
✔ configuration rejects invalid port (0.175343ms)
✔ configuration rejects superuser (0.134141ms)
✔ configuration rejects cross domain role (0.092078ms)
✔ configuration rejects query config override (0.103936ms)
✔ configuration rejects bad database (0.140251ms)
✔ TLS environment bypass rejected (0.155954ms)
✔ glob contract includes wildcards, literal escapes and ranges without regex execution (0.669004ms)
✔ input resembling SQL remains bound data; never concatenated into statement (0.899259ms)
✔ batch preserves order and missing slots; SQL enforces aggregate value limit (0.56608ms)
✔ key-list and complex glob work are bounded; broad star is supported (14.846262ms)
✔ read batch and key control bytes reject before querying (0.890936ms)
✔ transaction error rolls back and releases once; no commit/event (0.685338ms)
✔ long session TTL accepted while nonsensical TTL and large events fail closed (0.932829ms)
✔ startup branding is preloaded identically in source and delivered HTML (1.275173ms)
✔ replacement reuses the existing local NexoWatt image with no remote asset (1.354852ms)
✔ all six upstream loader shapes and its halo have scoped replacement rules (10.932381ms)
✔ actual cjs input and output are pinned; modified input is rejected (3.481293ms)
✔ actual esm input and output are pinned; modified input is rejected (1.269324ms)
✔ actual source input and output are pinned; modified input is rejected (1.429083ms)
✔ unknown file and second application of transform are rejected (1.516925ms)
✔ both complete transformed executable modules pass the actual Node parser (121.076216ms)
✔ new build gate rejects unpatched output and verifies both exact patched files (8.204588ms)
✔ all original files are checked before any output is changed (2.791187ms)
✔ wrong package version and altered ESM export are rejected (2.295874ms)
✔ nested common-db copy used by a host/CLI consumer is rejected (2.502935ms)
✔ symlink output leaf and parent are rejected without changing external bytes (6.60577ms)
✔ actual upstream PID writer/read/cleanup contract (cjs) (10.327603ms)
✔ actual upstream PID writer/read/cleanup contract (esm) (4.298188ms)
✔ existing systemd and provisioning contracts keep code immutable and PID state private (0.662524ms)
✔ failed R4 first-start summary is useful and does not change bytes, ownership, mode, links or directories (5.987753ms)
✔ hostile strings in every displayed field never enter output (3.309635ms)
✔ even well-shaped unknown hex identifiers and signed-looking hashes are not echoed (3.435844ms)
✔ release and setup binding differences remain visible only as booleans (1.711598ms)
✔ final symlink and hardlink are rejected before parsing their contents (2.845539ms)
✔ symlinked onboarding ancestor is rejected without following it (1.523415ms)
✔ private-file and parent-directory permission boundaries are enforced (2.35335ms)
✔ oversized, nonregular and invalid JSON records are bounded safe failures (6.395289ms)
✔ malformed UTF-8 is rejected without an error detail or partial content (1.461913ms)
✔ unsafe current pointer never leaks its target (2.404357ms)
✔ untrusted owner and missing setup identity do not admit onboarding records (1.862033ms)
✔ CLI rejects any input/root/bypass flag; privilege errors have constant output (1.170085ms)
ℹ tests 436
ℹ suites 0
ℹ pass 436
ℹ fail 0
ℹ cancelled 0
ℹ skipped 0
ℹ todo 0
ℹ duration_ms 6327.827427
