TAP version 13
# Subtest: R9 preparation admits only exact unsigned current app identity and authenticated baseline
ok 1 - R9 preparation admits only exact unsigned current app identity and authenticated baseline
  ---
  duration_ms: 1.74167
  type: 'test'
  ...
# Subtest: fixed root fixture refuses outside explicitly authorized disposable GitHub hosts before touching paths
ok 2 - fixed root fixture refuses outside explicitly authorized disposable GitHub hosts before touching paths
  ---
  duration_ms: 0.757516
  type: 'test'
  ...
# Subtest: content hash equals a canonical signed-manifest projection and ignores only read-only mode tightening
ok 3 - content hash equals a canonical signed-manifest projection and ignores only read-only mode tightening
  ---
  duration_ms: 6.037408
  type: 'test'
  ...
# Subtest: R9 diagnostics preserve only explicit fixed codes
ok 4 - R9 diagnostics preserve only explicit fixed codes
  ---
  duration_ms: 0.760299
  type: 'test'
  ...
# Subtest: native NWL3 system fixtures verify through the real core with policy Home 3/2 and Pro 50/10
ok 5 - native NWL3 system fixtures verify through the real core with policy Home 3/2 and Pro 50/10
  ---
  duration_ms: 5.835947
  type: 'test'
  ...
# Subtest: real NWL3 verifier rejects signed issuer entitlements, adapter scope and time-limited claims
ok 6 - real NWL3 verifier rejects signed issuer entitlements, adapter scope and time-limited claims
  ---
  duration_ms: 4.586833
  type: 'test'
  ...
# Subtest: legacy NWL2 narrow signed quotas remain a separate unit compatibility check
ok 7 - legacy NWL2 narrow signed quotas remain a separate unit compatibility check
  ---
  duration_ms: 0.984595
  type: 'test'
  ...
# Subtest: Admin summaries verify UUID and exact entitlements while omitting identity and secrets
ok 8 - Admin summaries verify UUID and exact entitlements while omitting identity and secrets
  ---
  duration_ms: 0.615513
  type: 'test'
  ...
# Subtest: malformed, mismatched and widened Admin grants fail with fixed diagnostic codes
ok 9 - malformed, mismatched and widened Admin grants fail with fixed diagnostic codes
  ---
  duration_ms: 0.982853
  type: 'test'
  ...
# Subtest: strict UI login requires the Admin role and a protected session cookie
ok 10 - strict UI login requires the Admin role and a protected session cookie
  ---
  duration_ms: 0.782112
  type: 'test'
  ...
# Subtest: UI summaries admit unlicensed read-only information and exact licensed capacities/features
ok 11 - UI summaries admit unlicensed read-only information and exact licensed capacities/features
  ---
  duration_ms: 0.614871
  type: 'test'
  ...
# Subtest: authentication, issuer and core exceptions cannot expose supplied secret values
ok 12 - authentication, issuer and core exceptions cannot expose supplied secret values
  ---
  duration_ms: 2.504013
  type: 'test'
  ...
1..12
# tests 12
# suites 0
# pass 12
# fail 0
# cancelled 0
# skipped 0
# todo 0
# duration_ms 113.5591
