TAP version 13
# Subtest: signed integrated bundle, protected inputs and simulated Debian host pass without host mutation or secret output
ok 1 - signed integrated bundle, protected inputs and simulated Debian host pass without host mutation or secret output
  ---
  duration_ms: 148.552941
  type: 'test'
  ...
# Subtest: tampered signed payload and wrong signer fail before target commands or credential validation
ok 2 - tampered signed payload and wrong signer fail before target commands or credential validation
  ---
  duration_ms: 59.000459
  type: 'test'
  ...
# Subtest: wrong signing public key is rejected even when all host prerequisites are ready
ok 3 - wrong signing public key is rejected even when all host prerequisites are ready
  ---
  duration_ms: 78.80166
  type: 'test'
  ...
# Subtest: a valid signature never promotes a pending catalog entry
ok 4 - a valid signature never promotes a pending catalog entry
  ---
  duration_ms: 69.724971
  type: 'test'
  ...
# Subtest: current release must declare the observed target architecture and exact Node version
ok 5 - current release must declare the observed target architecture and exact Node version
  ---
  duration_ms: 55.797263
  type: 'test'
  ...
# Subtest: duplicate service and installer credentials or browser-selected admin role fail before target commands
ok 6 - duplicate service and installer credentials or browser-selected admin role fail before target commands
  ---
  duration_ms: 85.12752
  type: 'test'
  ...
# Subtest: secret modes, symlinks and invalid certificate hosts are rejected before target commands
ok 7 - secret modes, symlinks and invalid certificate hosts are rejected before target commands
  ---
  duration_ms: 90.896099
  type: 'test'
  ...
# Subtest: occupied integrated UI port yields a non-mutating rejected report
ok 8 - occupied integrated UI port yields a non-mutating rejected report
  ---
  duration_ms: 71.088684
  type: 'test'
  ...
# Subtest: CLI bounds exact path-only arguments, requires root, and never dumps raw parser errors
ok 9 - CLI bounds exact path-only arguments, requires root, and never dumps raw parser errors
  ---
  duration_ms: 177.984721
  type: 'test'
  ...
# Subtest: direct signed installer cannot skip integrated web port gate by omitting standalone preflight
ok 10 - direct signed installer cannot skip integrated web port gate by omitting standalone preflight
  ---
  duration_ms: 75.681689
  type: 'test'
  ...
# Subtest: verified installer forwards the same catalog port profile to the privileged host recheck
ok 11 - verified installer forwards the same catalog port profile to the privileged host recheck
  ---
  duration_ms: 64.859985
  type: 'test'
  ...
# Subtest: key generator refuses overwrite and protects private material
ok 12 - key generator refuses overwrite and protects private material
  ---
  duration_ms: 76.554184
  type: 'test'
  ...
# Subtest: verify checks signed package identity, digest, policy and exact runtime
ok 13 - verify checks signed package identity, digest, policy and exact runtime
  ---
  duration_ms: 87.275476
  type: 'test'
  ...
# Subtest: signed stale upstream SBOM cannot describe locally transformed runtime
ok 14 - signed stale upstream SBOM cannot describe locally transformed runtime
  ---
  duration_ms: 64.825574
  type: 'test'
  ...
# Subtest: inventory generation never turns installed code into an approved adapter
ok 15 - inventory generation never turns installed code into an approved adapter
  ---
  duration_ms: 33.730921
  type: 'test'
  ...
# Subtest: changed package tree and pending catalog do not become approved by signing
ok 16 - changed package tree and pending catalog do not become approved by signing
  ---
  duration_ms: 29.875928
  type: 'test'
  ...
# Subtest: URL/range root dependencies and lifecycle scripts are rejected
ok 17 - URL/range root dependencies and lifecycle scripts are rejected
  ---
  duration_ms: 29.259155
  type: 'test'
  ...
# Subtest: installed check validates retained signature and detects changed release bytes
ok 18 - installed check validates retained signature and detects changed release bytes
  ---
  duration_ms: 55.994001
  type: 'test'
  ...
# Subtest: bundle preparation removes npm executable links and rejects other symlinks
ok 19 - bundle preparation removes npm executable links and rejects other symlinks
  ---
  duration_ms: 22.666755
  type: 'test'
  ...
# Subtest: CLI rejects duplicate, missing and extra options before work
ok 20 - CLI rejects duplicate, missing and extra options before work
  ---
  duration_ms: 0.397211
  type: 'test'
  ...
# Subtest: actual aliased installed tree and omitted optional package bind
ok 21 - actual aliased installed tree and omitted optional package bind
  ---
  duration_ms: 8.362443
  type: 'test'
  ...
# Subtest: stale or conflicting root digest is refused
ok 22 - stale or conflicting root digest is refused
  ---
  duration_ms: 6.274133
  type: 'test'
  ...
# Subtest: changed installed identity and unlisted package are refused
ok 23 - changed installed identity and unlisted package are refused
  ---
  duration_ms: 5.946216
  type: 'test'
  ...
# Subtest: npm boundaries inside package subdirectories cannot hide manifestless dependencies
ok 24 - npm boundaries inside package subdirectories cannot hide manifestless dependencies
  ---
  duration_ms: 3.036024
  type: 'test'
  ...
# Subtest: missing required package, phantom component and dangling dependency are refused
ok 25 - missing required package, phantom component and dangling dependency are refused
  ---
  duration_ms: 10.063927
  type: 'test'
  ...
# Subtest: manifestless packages and manifestless known vendored code cannot evade inventory
ok 26 - manifestless packages and manifestless known vendored code cannot evade inventory
  ---
  duration_ms: 9.119888
  type: 'test'
  ...
# Subtest: known vendored files must be present and bound by exact tree hash
ok 27 - known vendored files must be present and bound by exact tree hash
  ---
  duration_ms: 12.902122
  type: 'test'
  ...
# Subtest: modified component binds sorted exact transform rows and ancestor identity
ok 28 - modified component binds sorted exact transform rows and ancestor identity
  ---
  duration_ms: 5.490438
  type: 'test'
  ...
# Subtest: pre-transform identity, stale table, misleading archive hashes and wrong ancestor fail
ok 29 - pre-transform identity, stale table, misleading archive hashes and wrong ancestor fail
  ---
  duration_ms: 27.013973
  type: 'test'
  ...
# Subtest: changed actual transform rows and duplicated or unrecognized profile records fail
ok 30 - changed actual transform rows and duplicated or unrecognized profile records fail
  ---
  duration_ms: 11.986426
  type: 'test'
  ...
1..30
# tests 30
# suites 0
# pass 30
# fail 0
# cancelled 0
# skipped 0
# todo 0
# duration_ms 1117.438339
