TAP version 13
# Subtest: EOS-ROLES: product reads require login and canonical group identity; aliases never elevate
ok 1 - EOS-ROLES: product reads require login and canonical group identity; aliases never elevate
  ---
  duration_ms: 98.88391
  type: 'test'
  ...
# Subtest: EOS-ACCOUNT: initial own-password setup gates data, preserves identity, revokes all sessions
ok 2 - EOS-ACCOUNT: initial own-password setup gates data, preserves identity, revokes all sessions
  ---
  duration_ms: 1961.408586
  type: 'test'
  ...
# Subtest: EOS-ACCOUNT: reset metadata, disabled accounts and group changes revoke active sessions
ok 3 - EOS-ACCOUNT: reset metadata, disabled accounts and group changes revoke active sessions
  ---
  duration_ms: 20.99122
  type: 'test'
  ...
# Subtest: EOS-ACCOUNT: password input bounds and fail-closed initialization metadata
ok 4 - EOS-ACCOUNT: password input bounds and fail-closed initialization metadata
  ---
  duration_ms: 0.325119
  type: 'test'
  ...
# Subtest: EOS-ACCOUNT: shared verification/derivation budget admits two and rejects excess without queue
ok 5 - EOS-ACCOUNT: shared verification/derivation budget admits two and rejects excess without queue
  ---
  duration_ms: 0.491609
  type: 'test'
  ...
# Subtest: EOS-SSE: forged logout leaves streams alive; valid logout closes only its own stream
ok 6 - EOS-SSE: forged logout leaves streams alive; valid logout closes only its own stream
  ---
  duration_ms: 17.304973
  type: 'test'
  ...
# Subtest: OS-UI: healthy typed summary excludes raw packages, errors, paths and vendor text
ok 7 - OS-UI: healthy typed summary excludes raw packages, errors, paths and vendor text
  ---
  duration_ms: 1.443769
  type: 'test'
  ...
# Subtest: OS-UI rejects unknown-version
ok 8 - OS-UI rejects unknown-version
  ---
  duration_ms: 0.193791
  type: 'test'
  ...
# Subtest: OS-UI rejects negative-count
ok 9 - OS-UI rejects negative-count
  ---
  duration_ms: 0.160521
  type: 'test'
  ...
# Subtest: OS-UI rejects string-count
ok 10 - OS-UI rejects string-count
  ---
  duration_ms: 0.112219
  type: 'test'
  ...
# Subtest: OS-UI rejects boolean-string
ok 11 - OS-UI rejects boolean-string
  ---
  duration_ms: 0.147822
  type: 'test'
  ...
# Subtest: OS-UI rejects bad-date
ok 12 - OS-UI rejects bad-date
  ---
  duration_ms: 0.128904
  type: 'test'
  ...
# Subtest: OS-UI rejects unknown-error
ok 13 - OS-UI rejects unknown-error
  ---
  duration_ms: 0.141262
  type: 'test'
  ...
# Subtest: OS-UI rejects freshness-relaxed
ok 14 - OS-UI rejects freshness-relaxed
  ---
  duration_ms: 0.122654
  type: 'test'
  ...
# Subtest: OS-UI rejects unexpected-reboot-policy
ok 15 - OS-UI rejects unexpected-reboot-policy
  ---
  duration_ms: 0.142394
  type: 'test'
  ...
# Subtest: OS-UI never reports healthy for pending
ok 16 - OS-UI never reports healthy for pending
  ---
  duration_ms: 0.568013
  type: 'test'
  ...
# Subtest: OS-UI never reports healthy for held
ok 17 - OS-UI never reports healthy for held
  ---
  duration_ms: 0.161272
  type: 'test'
  ...
# Subtest: OS-UI never reports healthy for blocked
ok 18 - OS-UI never reports healthy for blocked
  ---
  duration_ms: 0.114762
  type: 'test'
  ...
# Subtest: OS-UI never reports healthy for pending-unknown
ok 19 - OS-UI never reports healthy for pending-unknown
  ---
  duration_ms: 0.12622
  type: 'test'
  ...
# Subtest: OS-UI never reports healthy for timer-disabled
ok 20 - OS-UI never reports healthy for timer-disabled
  ---
  duration_ms: 0.144938
  type: 'test'
  ...
# Subtest: OS-UI never reports healthy for timer-inactive
ok 21 - OS-UI never reports healthy for timer-inactive
  ---
  duration_ms: 0.128323
  type: 'test'
  ...
# Subtest: OS-UI never reports healthy for timer-unknown
ok 22 - OS-UI never reports healthy for timer-unknown
  ---
  duration_ms: 0.110777
  type: 'test'
  ...
# Subtest: OS-UI never reports healthy for policy-disabled
ok 23 - OS-UI never reports healthy for policy-disabled
  ---
  duration_ms: 0.094492
  type: 'test'
  ...
# Subtest: OS-UI never reports healthy for activation-required
ok 24 - OS-UI never reports healthy for activation-required
  ---
  duration_ms: 0.071267
  type: 'test'
  ...
# Subtest: OS-UI never reports healthy for activation-unknown
ok 25 - OS-UI never reports healthy for activation-unknown
  ---
  duration_ms: 0.069965
  type: 'test'
  ...
# Subtest: OS-UI never reports healthy for activation-count-unknown
ok 26 - OS-UI never reports healthy for activation-count-unknown
  ---
  duration_ms: 0.06663
  type: 'test'
  ...
# Subtest: OS-UI never reports healthy for reboot-required
ok 27 - OS-UI never reports healthy for reboot-required
  ---
  duration_ms: 0.06687
  type: 'test'
  ...
# Subtest: OS-UI never reports healthy for reboot-unknown
ok 28 - OS-UI never reports healthy for reboot-unknown
  ---
  duration_ms: 0.068212
  type: 'test'
  ...
# Subtest: OS-UI never reports healthy for coverage-gap
ok 29 - OS-UI never reports healthy for coverage-gap
  ---
  duration_ms: 0.097016
  type: 'test'
  ...
# Subtest: OS-UI never reports healthy for coverage-unknown
ok 30 - OS-UI never reports healthy for coverage-unknown
  ---
  duration_ms: 0.073461
  type: 'test'
  ...
# Subtest: OS-UI never reports healthy for never-run
ok 31 - OS-UI never reports healthy for never-run
  ---
  duration_ms: 0.067031
  type: 'test'
  ...
# Subtest: OS-UI never reports healthy for running
ok 32 - OS-UI never reports healthy for running
  ---
  duration_ms: 0.068223
  type: 'test'
  ...
# Subtest: OS-UI never reports healthy for error
ok 33 - OS-UI never reports healthy for error
  ---
  duration_ms: 0.074001
  type: 'test'
  ...
# Subtest: OS-UI never reports healthy for disabled
ok 34 - OS-UI never reports healthy for disabled
  ---
  duration_ms: 0.067011
  type: 'test'
  ...
# Subtest: OS-UI stale, future and stale timer observations cannot remain healthy
ok 35 - OS-UI stale, future and stale timer observations cannot remain healthy
  ---
  duration_ms: 0.116274
  type: 'test'
  ...
# Subtest: OS-UI installer initial status and early host errors remain explicit
ok 36 - OS-UI installer initial status and early host errors remain explicit
  ---
  duration_ms: 0.234662
  type: 'test'
  ...
# Subtest: OS-UI file reader checks root ancestry/regular file and closes handles
ok 37 - OS-UI file reader checks root ancestry/regular file and closes handles
  ---
  duration_ms: 10.785401
  type: 'test'
  ...
# Subtest: OS-UI concurrent authenticated reads share bounded I/O
ok 38 - OS-UI concurrent authenticated reads share bounded I/O
  ---
  duration_ms: 1.811641
  type: 'test'
  ...
# Subtest: OS-UI actual endpoint denies anonymous, revoked, uninitialized and removed-role sessions before file access
ok 39 - OS-UI actual endpoint denies anonymous, revoked, uninitialized and removed-role sessions before file access
  ---
  duration_ms: 73.143077
  type: 'test'
  ...
# Subtest: OS-UI actual endpoint supports service/installer/customer read-only and returns unavailable safely
ok 40 - OS-UI actual endpoint supports service/installer/customer read-only and returns unavailable safely
  ---
  duration_ms: 21.828217
  type: 'test'
  ...
# Subtest: worker installs without prefetching login-protected content
ok 41 - worker installs without prefetching login-protected content
  ---
  duration_ms: 2.293195
  type: 'test'
  ...
# Subtest: activation deletes legacy EOS caches before controlling clients
ok 42 - activation deletes legacy EOS caches before controlling clients
  ---
  duration_ms: 0.7719
  type: 'test'
  ...
# Subtest: offline protected route cannot use a previous session cache: /
ok 43 - offline protected route cannot use a previous session cache: /
  ---
  duration_ms: 2.404221
  type: 'test'
  ...
# Subtest: offline protected route cannot use a previous session cache: /index.html
ok 44 - offline protected route cannot use a previous session cache: /index.html
  ---
  duration_ms: 0.786211
  type: 'test'
  ...
# Subtest: offline protected route cannot use a previous session cache: /static/index.html
ok 45 - offline protected route cannot use a previous session cache: /static/index.html
  ---
  duration_ms: 0.784979
  type: 'test'
  ...
# Subtest: offline protected route cannot use a previous session cache: /api/state
ok 46 - offline protected route cannot use a previous session cache: /api/state
  ---
  duration_ms: 0.920563
  type: 'test'
  ...
# Subtest: offline protected route cannot use a previous session cache: /api/export.json
ok 47 - offline protected route cannot use a previous session cache: /api/export.json
  ---
  duration_ms: 0.763968
  type: 'test'
  ...
# Subtest: offline protected route cannot use a previous session cache: /config
ok 48 - offline protected route cannot use a previous session cache: /config
  ---
  duration_ms: 1.01204
  type: 'test'
  ...
# Subtest: offline protected route cannot use a previous session cache: /state/live
ok 49 - offline protected route cannot use a previous session cache: /state/live
  ---
  duration_ms: 0.788485
  type: 'test'
  ...
# Subtest: offline protected route cannot use a previous session cache: /static/auth.js?token=fixture
ok 50 - offline protected route cannot use a previous session cache: /static/auth.js?token=fixture
  ---
  duration_ms: 1.608566
  type: 'test'
  ...
# Subtest: authentication denial is returned directly without cache fallback
ok 51 - authentication denial is returned directly without cache fallback
  ---
  duration_ms: 0.693222
  type: 'test'
  ...
# Subtest: only successful public same-origin assets are cached
ok 52 - only successful public same-origin assets are cached
  ---
  duration_ms: 0.780903
  type: 'test'
  ...
# Subtest: public asset denied response never enters cache
ok 53 - public asset denied response never enters cache
  ---
  duration_ms: 0.781293
  type: 'test'
  ...
# Subtest: public asset redirect response never enters cache
ok 54 - public asset redirect response never enters cache
  ---
  duration_ms: 0.585609
  type: 'test'
  ...
# Subtest: public asset offline fallback is confined to current cache
ok 55 - public asset offline fallback is confined to current cache
  ---
  duration_ms: 1.749518
  type: 'test'
  ...
# Subtest: worker does not intercept native transport: GET https://other.test/asset.js
ok 56 - worker does not intercept native transport: GET https://other.test/asset.js
  ---
  duration_ms: 0.541123
  type: 'test'
  ...
# Subtest: worker does not intercept native transport: GET /events
ok 57 - worker does not intercept native transport: GET /events
  ---
  duration_ms: 0.469275
  type: 'test'
  ...
# Subtest: worker does not intercept native transport: POST /api/account/password
ok 58 - worker does not intercept native transport: POST /api/account/password
  ---
  duration_ms: 0.468353
  type: 'test'
  ...
# Subtest: EOS-SSE each frame rechecks authorization and revocation prevents queued payload
ok 59 - EOS-SSE each frame rechecks authorization and revocation prevents queued payload
  ---
  duration_ms: 4.577175
  type: 'test'
  ...
# Subtest: EOS-SSE global pending cap survives closed clients until actual authorization settles
ok 60 - EOS-SSE global pending cap survives closed clients until actual authorization settles
  ---
  duration_ms: 3.020648
  type: 'test'
  ...
1..60
# tests 60
# suites 0
# pass 60
# fail 0
# cancelled 0
# skipped 0
# todo 0
# duration_ms 2452.524895
