
[NexoWatt EOS Backup] Veröffentlichung abgebrochen:

  - Dateigröße weicht ab: CHANGELOG.md (6784 statt 6286)
  - Dateigröße weicht ab: README.md (5463 statt 5182)
  - Dateigröße weicht ab: build/lib/dropboxLib.js (5339 statt 5377)
  - Dateigröße weicht ab: build/lib/googleDriveLib.js (12416 statt 12458)
  - Dateigröße weicht ab: build/lib/list.js (6344 statt 6376)
  - Dateigröße weicht ab: build/lib/list/dropbox.js (5422 statt 5457)
  - Dateigröße weicht ab: build/lib/list/ftp.js (8285 statt 8316)
  - Dateigröße weicht ab: build/lib/list/googledrive.js (6069 statt 6108)
  - Dateigröße weicht ab: build/lib/list/onedrive.js (4298 statt 4334)
  - Dateigröße weicht ab: build/lib/list/webdav.js (7300 statt 7334)
  - Dateigröße weicht ab: build/lib/oneDriveLib.js (13108 statt 13147)
  - Dateigröße weicht ab: build/lib/restore.js (22897 statt 20479)
  - Dateigröße weicht ab: build/lib/restore/esphome.js (3836 statt 3871)
  - Dateigröße weicht ab: build/lib/restore/grafana.js (12688 statt 12723)
  - Dateigröße weicht ab: build/lib/restore/historyDB.js (3523 statt 3560)
  - Dateigröße weicht ab: build/lib/restore/iobroker.js (1841 statt 1877)
  - Dateigröße weicht ab: build/lib/restore/jarvis.js (4681 statt 4715)
  - Dateigröße weicht ab: build/lib/restore/javascripts.js (7658 statt 7697)
  - Dateigröße weicht ab: build/lib/restore/mysql.js (5669 statt 5702)
  - Dateigröße weicht ab: build/lib/restore/nodered.js (4625 statt 4660)
  - Dateigröße weicht ab: build/lib/restore/pgsql.js (6040 statt 6073)
  - Dateigröße weicht ab: build/lib/restore/redis.js (5351 statt 5384)
  - Dateigröße weicht ab: build/lib/restore/sqlite.js (5210 statt 5244)
  - Dateigröße weicht ab: build/lib/restore/yahka.js (4093 statt 4126)
  - Dateigröße weicht ab: build/lib/restore/zigbee.js (3636 statt 3670)
  - Dateigröße weicht ab: build/lib/restore/zigbee2mqtt.js (2943 statt 2982)
  - Dateigröße weicht ab: build/lib/scripts/10-iobroker.js (3182 statt 3221)
  - Dateigröße weicht ab: build/lib/scripts/11-nexowattEOS.js (8032 statt 8074)
  - Dateigröße weicht ab: build/lib/scripts/30-mysql.js (6390 statt 6426)
  - Dateigröße weicht ab: build/lib/scripts/30-pgsql.js (6601 statt 6637)
  - Dateigröße weicht ab: build/lib/scripts/30-sqlite.js (5812 statt 5849)
  - Dateigröße weicht ab: build/lib/scripts/32-redis.js (9604 statt 9640)
  - Dateigröße weicht ab: build/lib/scripts/34-historyDB.js (2305 statt 2345)
  - Dateigröße weicht ab: build/lib/scripts/34-zigbee.js (3003 statt 3040)
  - Dateigröße weicht ab: build/lib/scripts/34-zigbee2mqtt.js (10422 statt 10464)
  - Dateigröße weicht ab: build/lib/scripts/36-grafana.js (17003 statt 17041)
  - Dateigröße weicht ab: build/lib/scripts/38-jarvis.js (7969 statt 8006)
  - Dateigröße weicht ab: build/lib/scripts/40-ccu.js (8928 statt 8962)
  - Dateigröße weicht ab: build/lib/scripts/42-javascripts.js (5150 statt 5192)
  - Dateigröße weicht ab: build/lib/scripts/44-yahka.js (2522 statt 2558)
  - Dateigröße weicht ab: build/lib/scripts/46-nodered.js (6280 statt 6318)
  - Dateigröße weicht ab: build/lib/scripts/48-esphome.js (2487 statt 2525)
  - Dateigröße weicht ab: build/lib/scripts/50-ftp.js (7499 statt 7533)
  - Dateigröße weicht ab: build/lib/scripts/55-onedrive.js (6741 statt 6780)
  - Dateigröße weicht ab: build/lib/scripts/65-webdav.js (6627 statt 6664)
  - Dateigröße weicht ab: build/lib/scripts/70-dropbox.js (8204 statt 8242)
  - Dateigröße weicht ab: build/lib/scripts/75-googledrive.js (6724 statt 6766)
  - Dateigröße weicht ab: build/lib/scripts/78-clean.js (4720 statt 4756)
  - Dateigröße weicht ab: build/lib/scripts/90-historyHTML.js (3632 statt 3674)
  - Dateigröße weicht ab: build/lib/scripts/96-discord.js (3363 statt 3401)
  - Dateigröße weicht ab: build/lib/scripts/96-email.js (2568 statt 2604)
  - Dateigröße weicht ab: build/lib/scripts/96-matrix.js (2579 statt 2616)
  - Dateigröße weicht ab: build/lib/scripts/96-pushover.js (3551 statt 3590)
  - Dateigröße weicht ab: build/lib/scripts/96-signal.js (2273 statt 2310)
  - Dateigröße weicht ab: build/lib/scripts/96-telegram.js (3438 statt 3477)
  - Dateigröße weicht ab: build/lib/scripts/96-whatsapp.js (2643 statt 2682)
  - Dateigröße weicht ab: build/lib/scripts/99-notification.js (1214 statt 1257)
  - Dateigröße weicht ab: build/lib/systemCheck.js (9045 statt 9084)
  - Dateigröße weicht ab: build/lib/targz.js (3253 statt 3286)
  - Dateigröße weicht ab: build/lib/tokenRefresher.js (9503 statt 8468)
  - Dateigröße weicht ab: build/lib/tools.js (6812 statt 6845)
  - Dateigröße weicht ab: build/main.js (107038 statt 102398)
  - Unerwartete Release-Datei gefunden: build/lib/restoreAuthorization.js. Die aktuelle Publish-ZIP bitte vollständig über den Projektordner kopieren und erneut veröffentlichen.
  - Unerwartete Release-Datei gefunden: docs/de/lizenzbetrieb.md. Die aktuelle Publish-ZIP bitte vollständig über den Projektordner kopieren und erneut veröffentlichen.

Kopiere die vollständige aktuelle Publish-ZIP über den Projektordner. Die Publish-Vorbereitung entfernt bekannte Altdateien automatisch.

