✔ all six owned derivatives and six distinct embedded instances bind the real tree and modes (40.282048ms)
✔ source files and scripts metadata can change without resolving installed dependencies (18.259709ms)
✔ identity, main, prod/optional/peer dependencies, overrides and unapproved metadata are immutable (131.88336ms)
✔ only exact reviewed protocol engine narrowing and pre-existing source-lock mocha declaration are allowed (32.129691ms)
✔ root lock, unrelated package bytes/modes and nested npm boundaries cannot be changed (46.910512ms)
✔ an unshipped EEBUS source lock requires the exact separately pinned source evidence (14.558197ms)
✔ embedded third-party files, old metadata tampering and source-lock contract drift are refused (36.611476ms)
✔ all six client copies require 1.0.2, identical bytes and no unbound dependencies (34.502827ms)
✔ offline gate rejects stale derivative hashes, false scan claims and missing embedded parent relations (58.675889ms)
✔ authenticated predecessor, sequence and source identities are mandatory (9.354298ms)
✔ removing the self-declared R9 marker cannot bypass actual-file or verified-sequence checks (16.56118ms)
✔ actual aliased installed tree and omitted optional package bind (8.112848ms)
✔ stale or conflicting root digest is refused (4.754956ms)
✔ changed installed identity and unlisted package are refused (3.945162ms)
✔ npm boundaries inside package subdirectories cannot hide manifestless dependencies (3.60304ms)
✔ missing required package, phantom component and dangling dependency are refused (5.32428ms)
✔ manifestless packages and manifestless known vendored code cannot evade inventory (7.358618ms)
✔ known vendored files must be present and bound by exact tree hash (7.327741ms)
✔ modified component binds sorted exact transform rows and ancestor identity (5.153754ms)
✔ pre-transform identity, stale table, misleading archive hashes and wrong ancestor fail (18.526484ms)
✔ changed actual transform rows and duplicated or unrecognized profile records fail (11.648007ms)
ℹ tests 21
ℹ suites 0
ℹ pass 21
ℹ fail 0
ℹ cancelled 0
ℹ skipped 0
ℹ todo 0
ℹ duration_ms 546.253229
