✔ upstream host metadata contains the real exotic process.env object (2.833391ms)
✔ own trusted host writes commit without copying process environment into storage or event (14.063422ms)
✔ subsequent host network metadata update preserves the stored host and callbacks (5.225369ms)
✔ unrelated object and foreign host retain strict exotic-prototype rejection (3.886896ms)
✔ forged administrator options do not admit controller environment metadata (1.909442ms)
✔ known nonadministrator writer cannot use the trusted host normalization (3.174725ms)
✔ ordinary document errors retain safe diagnostic codes through the actual transaction boundary (2.707032ms)
✔ queued object change is not delivered after database disconnect (3.396649ms)
✔ late ACL result cannot deliver an object from the disconnected generation (1.928039ms)
✔ reconnect drops old queued changes and delivers only new changes (7.981194ms)
✔ destroy invalidates an asynchronous ACL result (1.16375ms)
✔ late file ACL callback does not notify after disconnect (0.926544ms)
✔ late protocol check cannot report an already disconnected client as connected (1.266975ms)
✔ Objects loads as client-only PostgreSQL backend and preserves CRUD callbacks (20.134824ms)
✔ denied global write cannot mutate, publish or call callback twice (F01 regression) (5.375315ms)
✔ per-object deny overrides global write and supplied forged ACL/groups (1.951225ms)
✔ current group rights and enabled flag are refreshed without stale upstream ACL cache (1.134757ms)
✔ owner cannot change object ACL to gain broader access or alter users without users rights (1.385564ms)
✔ prototype-sensitive and cyclic object payloads fail before writes (0.735516ms)
✔ exact reviewed built-in views work and appended executable map text fails closed (1.893868ms)
✔ built-in custom and instanceStats views preserve projected values (0.309836ms)
✔ file binary and metadata remain readable through original file API (3.128606ms)
✔ transaction rollback leaves no partial object or publish when publish fails (0.908256ms)
✔ system subscriptions, owner lease and release notification use store APIs without Lua (1.484593ms)
✔ user subscriptions check fresh read ACL for every event (1.457703ms)
✔ system subscription path cannot bypass an explicit user context (0.955407ms)
✔ mutating ACL while a writer waits cannot bypass serialized fresh authorization (0.948597ms)
✔ file bytes and metadata roll back together on metadata failure (1.000815ms)
✔ readonly file user cannot force a write with supplied privilege metadata (0.953525ms)
✔ unknown view and database wipe require explicit supported authority (1.087906ms)
✔ bulk reads and keys do not inherit the nonadministrator group bypass (2.426329ms)
✔ nonadministrator file rename and recursive operations fail before protected target changes (3.334435ms)
✔ protocol drift invalidates client so subsequent writes fail closed (0.535065ms)
✔ malformed event and excessive queued bytes invalidate the connection (1.205493ms)
✔ qualified bulk-read compatibility flag and callback retain namespace contract (0.881236ms)
✔ empty and oversized subscription batches reject instead of leaving callbacks pending (0.339611ms)
✔ unlink and delFile cannot bypass recursive deletion guard through inherited helper (2.46653ms)
✔ bounded wildcard matching preserves Redis classes, escapes and UTF-8 identifiers (64.656426ms)
✔ working connection verifier requires encryption, authorization and actual TLS1.3 (2.452498ms)
✔ pre-reconnect watermark rejects retained event IDs and alternate numeric encodings (5.834725ms)
✔ replay remains rejected after duplicate cache eviction (83.80675ms)
✔ queued lower sequence cannot be delivered after newer committed notification (0.485009ms)
✔ notification queue preserves received order despite deferred first SQL response (13.280249ms)
✔ notification started before reconnect cannot deliver into new connection generation (4.57443ms)
✔ duplicate and malformed notification IDs do not cause another read or delivery (1.912968ms)
✔ notification backlog over limit disconnects and drains without delivering old events (14.914262ms)
✔ missing retained event disconnects instead of silently treating stream as current (0.514804ms)
✔ all outer mutation kinds share domain lock and nested mutations reuse transaction (3.670921ms)
✔ actual pinned pg driver refuses password authentication despite inherited environment (23.090119ms)
✔ transaction deadline rejects hung callback, closes connection and denies its late SQL (5002.069869ms)
✔ caught nested validation failure still aborts whole transaction without a partial commit (0.895838ms)
✔ repeated batch IDs cannot multiply allowed unique payload into an oversized result (0.483768ms)
✔ connection requires verified TLS1.3 mTLS with fixed time budgets (9.589764ms)
✔ configuration rejects cleartext (1.693758ms)
✔ configuration rejects invalid cert input (0.321253ms)
✔ configuration rejects disabled peer check (0.224578ms)
✔ configuration rejects downgrade (0.277848ms)
✔ configuration rejects custom identity verifier (0.260993ms)
✔ configuration rejects SNI override (0.242965ms)
✔ configuration rejects connection string (0.19921ms)
✔ configuration rejects password (0.304819ms)
✔ configuration rejects unix socket (0.542286ms)
✔ configuration rejects invalid port (0.232149ms)
✔ configuration rejects superuser (0.404578ms)
✔ configuration rejects cross domain role (0.229285ms)
✔ configuration rejects query config override (0.27938ms)
✔ configuration rejects bad database (0.195144ms)
✔ TLS environment bypass rejected (0.341413ms)
✔ glob contract includes wildcards, literal escapes and ranges without regex execution (1.425043ms)
✔ input resembling SQL remains bound data; never concatenated into statement (1.490361ms)
✔ batch preserves order and missing slots; SQL enforces aggregate value limit (0.843378ms)
✔ key-list and complex glob work are bounded; broad star is supported (37.32533ms)
✔ read batch and key control bytes reject before querying (2.643026ms)
✔ transaction error rolls back and releases once; no commit/event (2.164255ms)
✔ long session TTL accepted while nonsensical TTL and large events fail closed (5.982198ms)
ℹ tests 75
ℹ suites 0
ℹ pass 75
ℹ fail 0
ℹ cancelled 0
ℹ skipped 0
ℹ todo 0
ℹ duration_ms 5185.275174
